Archive member included to satisfy reference by file (symbol)

app/libapp.a(main.c.obj)      (--whole-archive)
zephyr/libzephyr.a(heap.c.obj)
                              (--whole-archive)
zephyr/libzephyr.a(cbprintf_packaged.c.obj)
                              (--whole-archive)
zephyr/libzephyr.a(printk.c.obj)
                              (--whole-archive)
zephyr/libzephyr.a(sem.c.obj)
                              (--whole-archive)
zephyr/libzephyr.a(thread_entry.c.obj)
                              (--whole-archive)
zephyr/libzephyr.a(cbprintf_complete.c.obj)
                              (--whole-archive)
zephyr/libzephyr.a(assert.c.obj)
                              (--whole-archive)
zephyr/libzephyr.a(dec.c.obj)
                              (--whole-archive)
zephyr/libzephyr.a(hex.c.obj)
                              (--whole-archive)
zephyr/libzephyr.a(rb.c.obj)  (--whole-archive)
zephyr/libzephyr.a(timeutil.c.obj)
                              (--whole-archive)
zephyr/libzephyr.a(bitarray.c.obj)
                              (--whole-archive)
zephyr/libzephyr.a(onoff.c.obj)
                              (--whole-archive)
zephyr/libzephyr.a(notify.c.obj)
                              (--whole-archive)
zephyr/libzephyr.a(last_section_id.c.obj)
                              (--whole-archive)
zephyr/libzephyr.a(configs.c.obj)
                              (--whole-archive)
zephyr/libzephyr.a(mem_attr.c.obj)
                              (--whole-archive)
zephyr/libzephyr.a(tracing_none.c.obj)
                              (--whole-archive)
zephyr/libzephyr.a(banner.c.obj)
                              (--whole-archive)
zephyr/libzephyr.a(flash_map_partition_manager.c.obj)
                              (--whole-archive)
zephyr/arch/common/libarch__common.a(sw_isr_common.c.obj)
                              (--whole-archive)
zephyr/arch/arch/arm/core/libarch__arm__core.a(fatal.c.obj)
                              (--whole-archive)
zephyr/arch/arch/arm/core/libarch__arm__core.a(nmi.c.obj)
                              (--whole-archive)
zephyr/arch/arch/arm/core/libarch__arm__core.a(nmi_on_reset.S.obj)
                              (--whole-archive)
zephyr/arch/arch/arm/core/libarch__arm__core.a(tls.c.obj)
                              (--whole-archive)
zephyr/arch/arch/arm/core/cortex_m/libarch__arm__core__cortex_m.a(exc_exit.c.obj)
                              (--whole-archive)
zephyr/arch/arch/arm/core/cortex_m/libarch__arm__core__cortex_m.a(fault.c.obj)
                              (--whole-archive)
zephyr/arch/arch/arm/core/cortex_m/libarch__arm__core__cortex_m.a(fault_s.S.obj)
                              (--whole-archive)
zephyr/arch/arch/arm/core/cortex_m/libarch__arm__core__cortex_m.a(fpu.c.obj)
                              (--whole-archive)
zephyr/arch/arch/arm/core/cortex_m/libarch__arm__core__cortex_m.a(reset.S.obj)
                              (--whole-archive)
zephyr/arch/arch/arm/core/cortex_m/libarch__arm__core__cortex_m.a(scb.c.obj)
                              (--whole-archive)
zephyr/arch/arch/arm/core/cortex_m/libarch__arm__core__cortex_m.a(thread_abort.c.obj)
                              (--whole-archive)
zephyr/arch/arch/arm/core/cortex_m/libarch__arm__core__cortex_m.a(vector_table.S.obj)
                              (--whole-archive)
zephyr/arch/arch/arm/core/cortex_m/libarch__arm__core__cortex_m.a(swap_helper.S.obj)
                              (--whole-archive)
zephyr/arch/arch/arm/core/cortex_m/libarch__arm__core__cortex_m.a(irq_manage.c.obj)
                              (--whole-archive)
zephyr/arch/arch/arm/core/cortex_m/libarch__arm__core__cortex_m.a(prep_c.c.obj)
                              (--whole-archive)
zephyr/arch/arch/arm/core/cortex_m/libarch__arm__core__cortex_m.a(thread.c.obj)
                              (--whole-archive)
zephyr/arch/arch/arm/core/cortex_m/libarch__arm__core__cortex_m.a(cpu_idle.c.obj)
                              (--whole-archive)
zephyr/arch/arch/arm/core/cortex_m/libarch__arm__core__cortex_m.a(irq_init.c.obj)
                              (--whole-archive)
zephyr/arch/arch/arm/core/cortex_m/libarch__arm__core__cortex_m.a(isr_wrapper.c.obj)
                              (--whole-archive)
zephyr/arch/arch/arm/core/cortex_m/libarch__arm__core__cortex_m.a(__aeabi_read_tp.S.obj)
                              (--whole-archive)
zephyr/arch/arch/arm/core/cortex_m/cmse/libarch__arm__core__cortex_m__cmse.a(arm_core_cmse.c.obj)
                              (--whole-archive)
zephyr/arch/arch/arm/core/mpu/libarch__arm__core__mpu.a(arm_core_mpu.c.obj)
                              (--whole-archive)
zephyr/arch/arch/arm/core/mpu/libarch__arm__core__mpu.a(arm_mpu.c.obj)
                              (--whole-archive)
zephyr/arch/arch/arm/core/mpu/libarch__arm__core__mpu.a(arm_mpu_regions.c.obj)
                              (--whole-archive)
zephyr/lib/libc/picolibc/liblib__libc__picolibc.a(assert.c.obj)
[...]
Memory Configuration

Name             Origin             Length             Attributes
FLASH            0x0000000000008000 0x00000000000f8000 xr
RAM              0x0000000020008000 0x0000000000068000 xw
IDT_LIST         0x00000000ffff7fff 0x0000000000008000 xw
*default*        0x0000000000000000 0xffffffffffffffff

Linker script and memory map

                0x000000000000ba48                vfprintf = __l_vfprintf
                0x0000000000000000                vfscanf = __l_vfscanf
LOAD zephyr/CMakeFiles/zephyr_pre0.dir/misc/empty_file.c.obj
LOAD zephyr/CMakeFiles/offsets.dir/./arch/arm/core/offsets/offsets.c.obj
LOAD tfm/api_ns/interface/lib/s_veneers.o
LOAD app/libapp.a
LOAD zephyr/libzephyr.a
LOAD zephyr/arch/common/libarch__common.a
LOAD zephyr/arch/arch/arm/core/libarch__arm__core.a
LOAD zephyr/arch/arch/arm/core/cortex_m/libarch__arm__core__cortex_m.a
LOAD zephyr/arch/arch/arm/core/cortex_m/cmse/libarch__arm__core__cortex_m__cmse.a
LOAD zephyr/arch/arch/arm/core/mpu/libarch__arm__core__mpu.a
LOAD zephyr/lib/libc/picolibc/liblib__libc__picolibc.a
LOAD zephyr/lib/libc/common/liblib__libc__common.a
LOAD zephyr/soc/soc/nrf5340/libsoc__nordic.a
LOAD zephyr/drivers/clock_control/libdrivers__clock_control.a
LOAD zephyr/drivers/console/libdrivers__console.a
LOAD zephyr/drivers/gpio/libdrivers__gpio.a
LOAD zephyr/drivers/pinctrl/libdrivers__pinctrl.a
LOAD zephyr/drivers/serial/libdrivers__serial.a
LOAD zephyr/drivers/timer/libdrivers__timer.a
LOAD modules/nrf/subsys/nrf_security/src/zephyr/libmbedtls_zephyr.a
LOAD modules/nrf/modules/trusted-firmware-m/lib..__nrf__modules__trusted-firmware-m.a
LOAD modules/nrf/modules/trusted-firmware-m/libtfm_api_nrf.a
LOAD modules/trusted-firmware-m/libtfm_api.a
LOAD modules/hal_nordic/modules/hal_nordic/nrfx/libmodules__hal_nordic__nrfx.a
LOAD zephyr/kernel/libkernel.a
LOAD zephyr/arch/common/libisr_tables.a
LOAD modules/nrf/subsys/nrf_security/src/libmbedcrypto.a
LOAD modules/nrf/subsys/nrf_security/src/libmbedcrypto_base.a
LOAD modules/nrf/subsys/nrf_security/src/libnrf_security_utils.a
LOAD zephyr/kernel/libkernel.a
LOAD C:/ncs/v3.0.2/nrfxlib/crypto/nrf_oberon/lib/cortex-m33/soft-float/liboberon_mbedtls_3.0.16.a
LOAD C:/ncs/v3.0.2/nrfxlib/crypto/nrf_oberon/lib/cortex-m33/soft-float/liboberon_3.0.16.a
LOAD c:\ncs\toolchains\0b393f9e1b\opt\zephyr-sdk\arm-zephyr-eabi\bin\../lib/gcc/../../picolibc/arm-zephyr-eabi/lib/thumb/v8-m.main/nofp\libc.a
LOAD c:/ncs/toolchains/0b393f9e1b/opt/zephyr-sdk/arm-zephyr-eabi/bin/../lib/gcc/arm-zephyr-eabi/12.2.0/thumb/v8-m.main/nofp\libgcc.a
                0x0000000000000020                _region_min_align = 0x20

.rel.plt        0x0000000000008000        0x0
 *(SORT_BY_ALIGNMENT(.rel.plt))
                [!provide]                        PROVIDE (__rel_iplt_start = .)
 *(SORT_BY_ALIGNMENT(.rel.iplt))
 .rel.iplt      0x0000000000008000        0x0 app/libapp.a(main.c.obj)
                [!provide]                        PROVIDE (__rel_iplt_end = .)

.rela.plt       0x0000000000000000        0x0
 *(SORT_BY_ALIGNMENT(.rela.plt))
                [!provide]                        PROVIDE (__rela_iplt_start = .)
 *(SORT_BY_ALIGNMENT(.rela.iplt))
                [!provide]                        PROVIDE (__rela_iplt_end = .)

.rel.dyn
 *(SORT_BY_ALIGNMENT(.rel.*))

.rela.dyn
 *(SORT_BY_ALIGNMENT(.rela.*))

/DISCARD/
 *(SORT_BY_ALIGNMENT(.plt))

/DISCARD/
 *(SORT_BY_ALIGNMENT(.iplt))
                0x0000000000008000                __rom_region_start = 0x8000

rom_start       0x0000000000008000      0x154
                0x0000000000008000                __rom_start_address = .
 FILL mask 0x00
                0x0000000000008000                . = (. + (0x0 - (. - __rom_start_address)))
                0x0000000000008000                . = ALIGN (0x4)
                0x0000000000008000                . = ALIGN (0x80)
                0x0000000000008000                . = ALIGN (0x200)
                0x0000000000008000                _vector_start = .
 *(SORT_BY_ALIGNMENT(.exc_vector_table))
 *(SORT_BY_ALIGNMENT(.exc_vector_table.*))
 .exc_vector_table._vector_table_section
                0x0000000000008000       0x40 zephyr/arch/arch/arm/core/cortex_m/libarch__arm__core__cortex_m.a(vector_table.S.obj)
                0x0000000000008000                _vector_table
 *(SORT_BY_ALIGNMENT(.vectors))
                0x0000000000008154                _vector_end = .
                0x0000000000008040                . = ALIGN (0x4)
 *(SORT_BY_ALIGNMENT(.gnu.linkonce.irq_vector_table*))
 .gnu.linkonce.irq_vector_table
                0x0000000000008040      0x114 zephyr/arch/common/libisr_tables.a(isr_tables.c.obj)
                0x0000000000008040                _irq_vector_table
                0x0000000000008154                _vector_end = .

text            0x0000000000008154     0x4a38
                0x0000000000008154                __text_region_start = .
 *(SORT_BY_ALIGNMENT(.text))
 *(SORT_BY_ALIGNMENT(.text.*))
 .text.main     0x0000000000008154       0x90 app/libapp.a(main.c.obj)
                0x0000000000008154                main
 .text.char_out
                0x00000000000081e4        0xc zephyr/libzephyr.a(printk.c.obj)
 .text.__printk_hook_install
                0x00000000000081f0        0xc zephyr/libzephyr.a(printk.c.obj)
                0x00000000000081f0                __printk_hook_install
 .text.vprintk  0x00000000000081fc       0x30 zephyr/libzephyr.a(printk.c.obj)
                0x00000000000081fc                vprintk
 .text.z_thread_entry
                0x000000000000822c       0x34 zephyr/libzephyr.a(thread_entry.c.obj)
                0x000000000000822c                z_thread_entry
 .text.process_event
                0x0000000000008260      0x21c zephyr/libzephyr.a(onoff.c.obj)
 .text.mem_attr_get_regions
                0x000000000000847c        0xc zephyr/libzephyr.a(mem_attr.c.obj)
                0x000000000000847c                mem_attr_get_regions
 .text.boot_banner
                0x0000000000008488       0x1c zephyr/libzephyr.a(banner.c.obj)
                0x0000000000008488                boot_banner
 .text.z_SysNmiOnReset
                0x00000000000084a4        0x8 zephyr/arch/arch/arm/core/libarch__arm__core.a(nmi_on_reset.S.obj)
                0x00000000000084a4                z_SysNmiOnReset
 .text.arch_tls_stack_setup
                0x00000000000084ac       0x40 zephyr/arch/arch/arm/core/libarch__arm__core.a(tls.c.obj)
                0x00000000000084ac                arch_tls_stack_setup
 .text._HandlerModeExit
                0x00000000000084ec       0x28 zephyr/arch/arch/arm/core/cortex_m/libarch__arm__core__cortex_m.a(exc_exit.c.obj)
                0x00000000000084ec                z_arm_int_exit
                0x00000000000084ec                z_arm_exc_exit
 .text.usage_fault.constprop.0
                0x0000000000008514       0x5c zephyr/arch/arch/arm/core/cortex_m/libarch__arm__core__cortex_m.a(fault.c.obj)
 .text.bus_fault.constprop.0
                0x0000000000008570       0x6c zephyr/arch/arch/arm/core/cortex_m/libarch__arm__core__cortex_m.a(fault.c.obj)
 .text.mem_manage_fault.constprop.0
                0x00000000000085dc       0x78 zephyr/arch/arch/arm/core/cortex_m/libarch__arm__core__cortex_m.a(fault.c.obj)
 .text.z_arm_fault
                0x0000000000008654      0x130 zephyr/arch/arch/arm/core/cortex_m/libarch__arm__core__cortex_m.a(fault.c.obj)
                0x0000000000008654                z_arm_fault
 .text.z_arm_fault_init
                0x0000000000008784       0x20 zephyr/arch/arch/arm/core/cortex_m/libarch__arm__core__cortex_m.a(fault.c.obj)
                0x0000000000008784                z_arm_fault_init
 .text.__fault  0x00000000000087a4       0x14 zephyr/arch/arch/arm/core/cortex_m/libarch__arm__core__cortex_m.a(fault_s.S.obj)
                0x00000000000087a4                z_arm_usage_fault
                0x00000000000087a4                z_arm_mpu_fault
                0x00000000000087a4                z_arm_exc_spurious
                0x00000000000087a4                z_arm_debug_monitor
                0x00000000000087a4                z_arm_hard_fault
                0x00000000000087a4                z_arm_bus_fault
 .text._reset_section
                0x00000000000087b8       0x60 zephyr/arch/arch/arm/core/cortex_m/libarch__arm__core__cortex_m.a(reset.S.obj)
                0x00000000000087b8                __start
                0x00000000000087b8                z_arm_reset
 .text.z_arm_clear_arm_mpu_config
                0x0000000000008818       0x24 zephyr/arch/arch/arm/core/cortex_m/libarch__arm__core__cortex_m.a(scb.c.obj)
                0x0000000000008818                z_arm_clear_arm_mpu_config
 .text.z_arm_init_arch_hw_at_boot
                0x000000000000883c       0x4c zephyr/arch/arch/arm/core/cortex_m/libarch__arm__core__cortex_m.a(scb.c.obj)
                0x000000000000883c                z_arm_init_arch_hw_at_boot
 .text.z_impl_k_thread_abort
                0x0000000000008888       0x2c zephyr/arch/arch/arm/core/cortex_m/libarch__arm__core__cortex_m.a(thread_abort.c.obj)
                0x0000000000008888                z_impl_k_thread_abort
 .text.z_arm_pendsv
                0x00000000000088b4       0x70 zephyr/arch/arch/arm/core/cortex_m/libarch__arm__core__cortex_m.a(swap_helper.S.obj)
                0x00000000000088b4                z_arm_pendsv
 .text.z_arm_svc
                0x0000000000008924       0x24 zephyr/arch/arch/arm/core/cortex_m/libarch__arm__core__cortex_m.a(swap_helper.S.obj)
                0x0000000000008924                z_arm_svc
 .text.arch_irq_enable
                0x0000000000008948       0x1c zephyr/arch/arch/arm/core/cortex_m/libarch__arm__core__cortex_m.a(irq_manage.c.obj)
                0x0000000000008948                arch_irq_enable
 .text.arch_irq_is_enabled
                0x0000000000008964       0x1c zephyr/arch/arch/arm/core/cortex_m/libarch__arm__core__cortex_m.a(irq_manage.c.obj)
                0x0000000000008964                arch_irq_is_enabled
 .text.z_arm_irq_priority_set
                0x0000000000008980       0x2c zephyr/arch/arch/arm/core/cortex_m/libarch__arm__core__cortex_m.a(irq_manage.c.obj)
                0x0000000000008980                z_arm_irq_priority_set
 .text.z_prep_c
                0x00000000000089ac       0x38 zephyr/arch/arch/arm/core/cortex_m/libarch__arm__core__cortex_m.a(prep_c.c.obj)
                0x00000000000089ac                z_prep_c
 .text.arch_new_thread
                0x00000000000089e4       0x3c zephyr/arch/arch/arm/core/cortex_m/libarch__arm__core__cortex_m.a(thread.c.obj)
                0x00000000000089e4                arch_new_thread
 .text.arch_switch_to_main_thread
                0x0000000000008a20       0x40 zephyr/arch/arch/arm/core/cortex_m/libarch__arm__core__cortex_m.a(thread.c.obj)
                0x0000000000008a20                arch_switch_to_main_thread
 .text.z_arm_cpu_idle_init
                0x0000000000008a60        0xc zephyr/arch/arch/arm/core/cortex_m/libarch__arm__core__cortex_m.a(cpu_idle.c.obj)
                0x0000000000008a60                z_arm_cpu_idle_init
 .text.z_arm_interrupt_init
                0x0000000000008a6c       0x18 zephyr/arch/arch/arm/core/cortex_m/libarch__arm__core__cortex_m.a(irq_init.c.obj)
                0x0000000000008a6c                z_arm_interrupt_init
 .text._isr_wrapper
                0x0000000000008a84       0x24 zephyr/arch/arch/arm/core/cortex_m/libarch__arm__core__cortex_m.a(isr_wrapper.c.obj)
                0x0000000000008a84                _isr_wrapper
 .text.z_arm_configure_static_mpu_regions
                0x0000000000008aa8       0x38 zephyr/arch/arch/arm/core/mpu/libarch__arm__core__mpu.a(arm_core_mpu.c.obj)
                0x0000000000008aa8                z_arm_configure_static_mpu_regions
 .text.region_init
                0x0000000000008ae0       0x34 zephyr/arch/arch/arm/core/mpu/libarch__arm__core__mpu.a(arm_mpu.c.obj)
 .text.region_allocate_and_init
                0x0000000000008b14       0x24 zephyr/arch/arch/arm/core/mpu/libarch__arm__core__mpu.a(arm_mpu.c.obj)
 .text.mpu_configure_regions_and_partition.constprop.0
                0x0000000000008b38      0x148 zephyr/arch/arch/arm/core/mpu/libarch__arm__core__mpu.a(arm_mpu.c.obj)
 .text.arm_core_mpu_enable
                0x0000000000008c80       0x18 zephyr/arch/arch/arm/core/mpu/libarch__arm__core__mpu.a(arm_mpu.c.obj)
                0x0000000000008c80                arm_core_mpu_enable
 .text.arm_core_mpu_disable
                0x0000000000008c98       0x14 zephyr/arch/arch/arm/core/mpu/libarch__arm__core__mpu.a(arm_mpu.c.obj)
                0x0000000000008c98                arm_core_mpu_disable
 .text.arm_core_mpu_configure_static_mpu_regions
                0x0000000000008cac       0x14 zephyr/arch/arch/arm/core/mpu/libarch__arm__core__mpu.a(arm_mpu.c.obj)
                0x0000000000008cac                arm_core_mpu_configure_static_mpu_regions
 .text.arm_core_mpu_mark_areas_for_dynamic_regions
                0x0000000000008cc0       0xb8 zephyr/arch/arch/arm/core/mpu/libarch__arm__core__mpu.a(arm_mpu.c.obj)
                0x0000000000008cc0                arm_core_mpu_mark_areas_for_dynamic_regions
 .text.z_arm_mpu_init
                0x0000000000008d78      0x11c zephyr/arch/arch/arm/core/mpu/libarch__arm__core__mpu.a(arm_mpu.c.obj)
                0x0000000000008d78                z_arm_mpu_init
 .text.z_impl_zephyr_fputc
                0x0000000000008e94       0x10 zephyr/lib/libc/picolibc/liblib__libc__picolibc.a(stdio.c.obj)
                0x0000000000008e94                z_impl_zephyr_fputc
 .text.__stdout_hook_install
                0x0000000000008ea4       0x18 zephyr/lib/libc/picolibc/liblib__libc__picolibc.a(stdio.c.obj)
                0x0000000000008ea4                __stdout_hook_install
 .text.malloc_prepare
                0x0000000000008ebc       0x24 zephyr/lib/libc/common/liblib__libc__common.a(malloc.c.obj)
 .text.rtc_pretick_init
                0x0000000000008ee0       0x60 zephyr/soc/soc/nrf5340/libsoc__nordic.a(soc.c.obj)
 .text.z_arm_on_enter_cpu_idle
                0x0000000000008f40       0x68 zephyr/soc/soc/nrf5340/libsoc__nordic.a(soc.c.obj)
                0x0000000000008f40                z_arm_on_enter_cpu_idle
 .text.arch_busy_wait
                0x0000000000008fa8       0x24 zephyr/soc/soc/nrf5340/libsoc__nordic.a(soc.c.obj)
                0x0000000000008fa8                arch_busy_wait
 .text.onoff_stop
                0x0000000000008fcc       0x14 zephyr/soc/soc/nrf5340/libsoc__nordic.a(nrf53_cpunet_mgmt.c.obj)
 .text.nrf53_cpunet_mgmt_init
                0x0000000000008fe0       0x10 zephyr/soc/soc/nrf5340/libsoc__nordic.a(nrf53_cpunet_mgmt.c.obj)
 .text.onoff_start
                0x0000000000008ff0       0x70 zephyr/soc/soc/nrf5340/libsoc__nordic.a(nrf53_cpunet_mgmt.c.obj)
 .text.onoff_stop
                0x0000000000009060       0x30 zephyr/drivers/clock_control/libdrivers__clock_control.a(clock_control_nrf.c.obj)
 .text.onoff_start
                0x0000000000009090       0x44 zephyr/drivers/clock_control/libdrivers__clock_control.a(clock_control_nrf.c.obj)
 .text.generic_hfclk_stop
                0x00000000000090d4       0x34 zephyr/drivers/clock_control/libdrivers__clock_control.a(clock_control_nrf.c.obj)
 .text.clk_init
                0x0000000000009108       0x64 zephyr/drivers/clock_control/libdrivers__clock_control.a(clock_control_nrf.c.obj)
 .text.api_blocking_start
                0x000000000000916c       0x34 zephyr/drivers/clock_control/libdrivers__clock_control.a(clock_control_nrf.c.obj)
 .text.clkstarted_handle.constprop.0
                0x00000000000091a0       0x4c zephyr/drivers/clock_control/libdrivers__clock_control.a(clock_control_nrf.c.obj)
 .text.generic_hfclk_start
                0x00000000000091ec       0x7c zephyr/drivers/clock_control/libdrivers__clock_control.a(clock_control_nrf.c.obj)
 .text.clock_event_handler
                0x0000000000009268       0x34 zephyr/drivers/clock_control/libdrivers__clock_control.a(clock_control_nrf.c.obj)
 .text.z_nrf_clock_control_lf_on
                0x000000000000929c       0xf4 zephyr/drivers/clock_control/libdrivers__clock_control.a(clock_control_nrf.c.obj)
                0x000000000000929c                z_nrf_clock_control_lf_on
 .text.uart_console_init
                0x0000000000009390       0x28 zephyr/drivers/console/libdrivers__console.a(uart_console.c.obj)
 .text.console_out
                0x00000000000093b8       0x28 zephyr/drivers/console/libdrivers__console.a(uart_console.c.obj)
 .text.gpio_nrfx_pin_interrupt_configure
                0x00000000000093e0      0x100 zephyr/drivers/gpio/libdrivers__gpio.a(gpio_nrfx.c.obj)
 .text.gpio_nrfx_init
                0x00000000000094e0       0x48 zephyr/drivers/gpio/libdrivers__gpio.a(gpio_nrfx.c.obj)
 .text.nrfx_gpio_handler
                0x0000000000009528       0x4c zephyr/drivers/gpio/libdrivers__gpio.a(gpio_nrfx.c.obj)
 .text.gpio_nrfx_pin_configure
                0x0000000000009574      0x188 zephyr/drivers/gpio/libdrivers__gpio.a(gpio_nrfx.c.obj)
 .text.nrf_gpio_pin_port_decode
                0x00000000000096fc       0x24 zephyr/drivers/pinctrl/libdrivers__pinctrl.a(pinctrl_nrf.c.obj)
 .text.pinctrl_configure_pins
                0x0000000000009720      0x1a0 zephyr/drivers/pinctrl/libdrivers__pinctrl.a(pinctrl_nrf.c.obj)
                0x0000000000009720                pinctrl_configure_pins
 .text.uarte_nrfx_poll_out
                0x00000000000098c0       0xb4 zephyr/drivers/serial/libdrivers__serial.a(uart_nrfx_uarte.c.obj)
 .text.uarte_0_init
                0x0000000000009974      0x10c zephyr/drivers/serial/libdrivers__serial.a(uart_nrfx_uarte.c.obj)
 .text.compare_int_lock
                0x0000000000009a80       0x40 zephyr/drivers/timer/libdrivers__timer.a(nrf_rtc_timer.c.obj)
 .text.sys_clock_timeout_handler
                0x0000000000009ac0       0x48 zephyr/drivers/timer/libdrivers__timer.a(nrf_rtc_timer.c.obj)
 .text.compare_int_unlock
                0x0000000000009b08       0x4c zephyr/drivers/timer/libdrivers__timer.a(nrf_rtc_timer.c.obj)
 .text.z_nrf_rtc_timer_read
                0x0000000000009b54       0x44 zephyr/drivers/timer/libdrivers__timer.a(nrf_rtc_timer.c.obj)
                0x0000000000009b54                z_nrf_rtc_timer_read
 .text.compare_set
                0x0000000000009b98      0x124 zephyr/drivers/timer/libdrivers__timer.a(nrf_rtc_timer.c.obj)
 .text.sys_clock_driver_init
                0x0000000000009cbc       0x90 zephyr/drivers/timer/libdrivers__timer.a(nrf_rtc_timer.c.obj)
 .text.rtc_nrf_isr
                0x0000000000009d4c       0xd0 zephyr/drivers/timer/libdrivers__timer.a(nrf_rtc_timer.c.obj)
                0x0000000000009d4c                rtc_nrf_isr
 .text.sys_clock_set_timeout
                0x0000000000009e1c       0x5c zephyr/drivers/timer/libdrivers__timer.a(nrf_rtc_timer.c.obj)
                0x0000000000009e1c                sys_clock_set_timeout
 .text.sys_clock_elapsed
                0x0000000000009e78       0x14 zephyr/drivers/timer/libdrivers__timer.a(nrf_rtc_timer.c.obj)
                0x0000000000009e78                sys_clock_elapsed
 .text.ns_fault_init
                0x0000000000009e8c       0x10 modules/nrf/modules/trusted-firmware-m/lib..__nrf__modules__trusted-firmware-m.a(fault.c.obj)
 .text.arm_fault
                0x0000000000009e9c       0xbc modules/nrf/modules/trusted-firmware-m/lib..__nrf__modules__trusted-firmware-m.a(fault.c.obj)
                0x0000000000009e9c                arm_fault
 .text.tfm_ns_fault_handler_callback
                0x0000000000009f58       0x48 modules/nrf/modules/trusted-firmware-m/lib..__nrf__modules__trusted-firmware-m.a(fault.c.obj)
                0x0000000000009f58                tfm_ns_fault_handler_callback
 .text.tfm_ns_interface_dispatch
                0x0000000000009fa0       0x64 modules/trusted-firmware-m/libtfm_api.a(interface.c.obj)
                0x0000000000009fa0                tfm_ns_interface_dispatch
 .text.tfm_platform_ioctl
                0x000000000000a004       0x4c modules/trusted-firmware-m/libtfm_api.a(tfm_platform_api.c.obj)
                0x000000000000a004                tfm_platform_ioctl
 .text.psa_call
                0x000000000000a050       0x34 modules/trusted-firmware-m/libtfm_api.a(tfm_tz_psa_ns_api.c.obj)
                0x000000000000a050                psa_call
 .text.nrfx_flag32_alloc
                0x000000000000a084       0x40 modules/hal_nordic/modules/hal_nordic/nrfx/libmodules__hal_nordic__nrfx.a(nrfx_flag32_allocator.c.obj)
                0x000000000000a084                nrfx_flag32_alloc
 .text.nrfx_flag32_free
                0x000000000000a0c4       0x38 modules/hal_nordic/modules/hal_nordic/nrfx/libmodules__hal_nordic__nrfx.a(nrfx_flag32_allocator.c.obj)
                0x000000000000a0c4                nrfx_flag32_free
 .text.nrfx_gppi_channels_enable
                0x000000000000a0fc        0xc modules/hal_nordic/modules/hal_nordic/nrfx/libmodules__hal_nordic__nrfx.a(nrfx_gppi_dppi.c.obj)
                0x000000000000a0fc                nrfx_gppi_channels_enable
 .text.nrfx_gppi_channel_alloc
                0x000000000000a108        0xc modules/hal_nordic/modules/hal_nordic/nrfx/libmodules__hal_nordic__nrfx.a(nrfx_gppi_dppi.c.obj)
                0x000000000000a108                nrfx_gppi_channel_alloc
 .text.clock_stop
                0x000000000000a114       0xfc modules/hal_nordic/modules/hal_nordic/nrfx/libmodules__hal_nordic__nrfx.a(nrfx_clock.c.obj)
 .text.nrfx_clock_init
                0x000000000000a210       0x20 modules/hal_nordic/modules/hal_nordic/nrfx/libmodules__hal_nordic__nrfx.a(nrfx_clock.c.obj)
                0x000000000000a210                nrfx_clock_init
 .text.nrfx_clock_enable
                0x000000000000a230       0x30 modules/hal_nordic/modules/hal_nordic/nrfx/libmodules__hal_nordic__nrfx.a(nrfx_clock.c.obj)
                0x000000000000a230                nrfx_clock_enable
 .text.nrfx_clock_start
                0x000000000000a260       0xd8 modules/hal_nordic/modules/hal_nordic/nrfx/libmodules__hal_nordic__nrfx.a(nrfx_clock.c.obj)
                0x000000000000a260                nrfx_clock_start
 .text.nrfx_power_clock_irq_handler
                0x000000000000a338       0x74 modules/hal_nordic/modules/hal_nordic/nrfx/libmodules__hal_nordic__nrfx.a(nrfx_clock.c.obj)
                0x000000000000a338                nrfx_power_clock_irq_handler
 .text.nrfx_dppi_channel_alloc
                0x000000000000a3ac       0x10 modules/hal_nordic/modules/hal_nordic/nrfx/libmodules__hal_nordic__nrfx.a(nrfx_dppi.c.obj)
                0x000000000000a3ac                nrfx_dppi_channel_alloc
 .text.nrf_gpio_pin_port_decode
                0x000000000000a3bc       0x24 modules/hal_nordic/modules/hal_nordic/nrfx/libmodules__hal_nordic__nrfx.a(nrfx_gpiote.c.obj)
 .text.get_pin_idx
                0x000000000000a3e0       0x14 modules/hal_nordic/modules/hal_nordic/nrfx/libmodules__hal_nordic__nrfx.a(nrfx_gpiote.c.obj)
 .text.call_handler.constprop.0
                0x000000000000a3f4       0x40 modules/hal_nordic/modules/hal_nordic/nrfx/libmodules__hal_nordic__nrfx.a(nrfx_gpiote.c.obj)
 .text.pin_te_get.constprop.0
                0x000000000000a434       0x18 modules/hal_nordic/modules/hal_nordic/nrfx/libmodules__hal_nordic__nrfx.a(nrfx_gpiote.c.obj)
 .text.pin_is_output.constprop.0
                0x000000000000a44c       0x18 modules/hal_nordic/modules/hal_nordic/nrfx/libmodules__hal_nordic__nrfx.a(nrfx_gpiote.c.obj)
 .text.pin_in_use_by_te.constprop.0
                0x000000000000a464       0x18 modules/hal_nordic/modules/hal_nordic/nrfx/libmodules__hal_nordic__nrfx.a(nrfx_gpiote.c.obj)
 .text.latch_pending_read_and_check
                0x000000000000a47c       0x3c modules/hal_nordic/modules/hal_nordic/nrfx/libmodules__hal_nordic__nrfx.a(nrfx_gpiote.c.obj)
 .text.release_handler.isra.0
                0x000000000000a4b8       0x58 modules/hal_nordic/modules/hal_nordic/nrfx/libmodules__hal_nordic__nrfx.a(nrfx_gpiote.c.obj)
 .text.__nrfy_internal_gpiote_events_process.constprop.0
                0x000000000000a510       0x5c modules/hal_nordic/modules/hal_nordic/nrfx/libmodules__hal_nordic__nrfx.a(nrfx_gpiote.c.obj)
 .text.pin_uninit
                0x000000000000a56c       0x84 modules/hal_nordic/modules/hal_nordic/nrfx/libmodules__hal_nordic__nrfx.a(nrfx_gpiote.c.obj)
 .text.nrfx_gpiote_input_configure
                0x000000000000a5f0      0x178 modules/hal_nordic/modules/hal_nordic/nrfx/libmodules__hal_nordic__nrfx.a(nrfx_gpiote.c.obj)
                0x000000000000a5f0                nrfx_gpiote_input_configure
 .text.nrfx_gpiote_output_configure
                0x000000000000a768      0x104 modules/hal_nordic/modules/hal_nordic/nrfx/libmodules__hal_nordic__nrfx.a(nrfx_gpiote.c.obj)
                0x000000000000a768                nrfx_gpiote_output_configure
 .text.nrfx_gpiote_global_callback_set
                0x000000000000a86c        0xc modules/hal_nordic/modules/hal_nordic/nrfx/libmodules__hal_nordic__nrfx.a(nrfx_gpiote.c.obj)
                0x000000000000a86c                nrfx_gpiote_global_callback_set
 .text.nrfx_gpiote_channel_get
                0x000000000000a878       0x34 modules/hal_nordic/modules/hal_nordic/nrfx/libmodules__hal_nordic__nrfx.a(nrfx_gpiote.c.obj)
                0x000000000000a878                nrfx_gpiote_channel_get
 .text.nrfx_gpiote_init
                0x000000000000a8ac       0x64 modules/hal_nordic/modules/hal_nordic/nrfx/libmodules__hal_nordic__nrfx.a(nrfx_gpiote.c.obj)
                0x000000000000a8ac                nrfx_gpiote_init
 .text.nrfx_gpiote_init_check
                0x000000000000a910       0x14 modules/hal_nordic/modules/hal_nordic/nrfx/libmodules__hal_nordic__nrfx.a(nrfx_gpiote.c.obj)
                0x000000000000a910                nrfx_gpiote_init_check
 .text.nrfx_gpiote_channel_free
                0x000000000000a924        0xc modules/hal_nordic/modules/hal_nordic/nrfx/libmodules__hal_nordic__nrfx.a(nrfx_gpiote.c.obj)
                0x000000000000a924                nrfx_gpiote_channel_free
 .text.nrfx_gpiote_channel_alloc
                0x000000000000a930        0xc modules/hal_nordic/modules/hal_nordic/nrfx/libmodules__hal_nordic__nrfx.a(nrfx_gpiote.c.obj)
                0x000000000000a930                nrfx_gpiote_channel_alloc
 .text.nrfx_gpiote_trigger_enable
                0x000000000000a93c       0xac modules/hal_nordic/modules/hal_nordic/nrfx/libmodules__hal_nordic__nrfx.a(nrfx_gpiote.c.obj)
                0x000000000000a93c                nrfx_gpiote_trigger_enable
 .text.nrfx_gpiote_1_irq_handler
                0x000000000000a9e8      0x1b8 modules/hal_nordic/modules/hal_nordic/nrfx/libmodules__hal_nordic__nrfx.a(nrfx_gpiote.c.obj)
                0x000000000000a9e8                nrfx_gpiote_1_irq_handler
 .text.z_fatal_error
                0x000000000000aba0       0x30 zephyr/kernel/libkernel.a(fatal.c.obj)
                0x000000000000aba0                z_fatal_error
 .text.z_sys_init_run_level
                0x000000000000abd0       0x2c zephyr/kernel/libkernel.a(init.c.obj)
 .text.bg_thread_main
                0x000000000000abfc       0xc4 zephyr/kernel/libkernel.a(init.c.obj)
 .text.z_bss_zero
                0x000000000000acc0       0x18 zephyr/kernel/libkernel.a(init.c.obj)
                0x000000000000acc0                z_bss_zero
 .text.z_init_cpu
                0x000000000000acd8       0x68 zephyr/kernel/libkernel.a(init.c.obj)
                0x000000000000acd8                z_init_cpu
 .text.z_cstart
                0x000000000000ad40       0xdc zephyr/kernel/libkernel.a(init.c.obj)
                0x000000000000ad40                z_cstart
 .text.z_impl_k_mutex_lock
                0x000000000000ae1c       0xf0 zephyr/kernel/libkernel.a(mutex.c.obj)
                0x000000000000ae1c                z_impl_k_mutex_lock
 .text.z_impl_k_mutex_unlock
                0x000000000000af0c       0xa0 zephyr/kernel/libkernel.a(mutex.c.obj)
                0x000000000000af0c                z_impl_k_mutex_unlock
 .text.z_impl_k_sem_give
                0x000000000000afac       0x68 zephyr/kernel/libkernel.a(sem.c.obj)
                0x000000000000afac                z_impl_k_sem_give
 .text.z_impl_k_sem_take
                0x000000000000b014       0x4c zephyr/kernel/libkernel.a(sem.c.obj)
                0x000000000000b014                z_impl_k_sem_take
 .text.z_setup_new_thread
                0x000000000000b060       0x7c zephyr/kernel/libkernel.a(thread.c.obj)
                0x000000000000b060                z_setup_new_thread
 .text.z_swap_irqlock
                0x000000000000b0dc       0x30 zephyr/kernel/libkernel.a(sched.c.obj)
 .text.ready_thread
                0x000000000000b10c       0x90 zephyr/kernel/libkernel.a(sched.c.obj)
 .text.unready_thread
                0x000000000000b19c       0x54 zephyr/kernel/libkernel.a(sched.c.obj)
 .text.move_thread_to_end_of_prio_q
                0x000000000000b1f0       0x90 zephyr/kernel/libkernel.a(sched.c.obj)
                0x000000000000b1f0                move_thread_to_end_of_prio_q
 .text.z_pend_curr
                0x000000000000b280       0x58 zephyr/kernel/libkernel.a(sched.c.obj)
                0x000000000000b280                z_pend_curr
 .text.z_thread_prio_set
                0x000000000000b2d8       0x9c zephyr/kernel/libkernel.a(sched.c.obj)
                0x000000000000b2d8                z_thread_prio_set
 .text.z_reschedule
                0x000000000000b374       0x24 zephyr/kernel/libkernel.a(sched.c.obj)
                0x000000000000b374                z_reschedule
 .text.z_reschedule_irqlock
                0x000000000000b398       0x28 zephyr/kernel/libkernel.a(sched.c.obj)
                0x000000000000b398                z_reschedule_irqlock
 .text.k_sched_lock
                0x000000000000b3c0       0x28 zephyr/kernel/libkernel.a(sched.c.obj)
                0x000000000000b3c0                k_sched_lock
 .text.k_sched_unlock
                0x000000000000b3e8       0x68 zephyr/kernel/libkernel.a(sched.c.obj)
                0x000000000000b3e8                k_sched_unlock
 .text.z_sched_init
                0x000000000000b450       0x10 zephyr/kernel/libkernel.a(sched.c.obj)
                0x000000000000b450                z_sched_init
 .text.z_impl_k_yield
                0x000000000000b460       0x88 zephyr/kernel/libkernel.a(sched.c.obj)
                0x000000000000b460                z_impl_k_yield
 .text.z_tick_sleep
                0x000000000000b4e8       0x80 zephyr/kernel/libkernel.a(sched.c.obj)
 .text.z_impl_k_wakeup
                0x000000000000b568       0x4c zephyr/kernel/libkernel.a(sched.c.obj)
                0x000000000000b568                z_impl_k_wakeup
 .text.z_impl_k_sched_current_thread_query
                0x000000000000b5b4        0xc zephyr/kernel/libkernel.a(sched.c.obj)
                0x000000000000b5b4                z_impl_k_sched_current_thread_query
 .text.z_thread_abort
                0x000000000000b5c0      0x110 zephyr/kernel/libkernel.a(sched.c.obj)
                0x000000000000b5c0                z_thread_abort
 .text.slice_timeout
                0x000000000000b6d0       0x20 zephyr/kernel/libkernel.a(timeslicing.c.obj)
 .text.thread_is_sliceable
                0x000000000000b6f0       0x3c zephyr/kernel/libkernel.a(timeslicing.c.obj)
                0x000000000000b6f0                thread_is_sliceable
 .text.z_reset_time_slice
                0x000000000000b72c       0x50 zephyr/kernel/libkernel.a(timeslicing.c.obj)
                0x000000000000b72c                z_reset_time_slice
 .text.z_time_slice
                0x000000000000b77c       0x60 zephyr/kernel/libkernel.a(timeslicing.c.obj)
                0x000000000000b77c                z_time_slice
 .text.z_data_copy
                0x000000000000b7dc       0x38 zephyr/kernel/libkernel.a(xip.c.obj)
                0x000000000000b7dc                z_data_copy
 .text.first    0x000000000000b814       0x10 zephyr/kernel/libkernel.a(timeout.c.obj)
 .text.elapsed  0x000000000000b824       0x14 zephyr/kernel/libkernel.a(timeout.c.obj)
 .text.remove_timeout
                0x000000000000b838       0x38 zephyr/kernel/libkernel.a(timeout.c.obj)
 .text.z_add_timeout
                0x000000000000b870       0xec zephyr/kernel/libkernel.a(timeout.c.obj)
                0x000000000000b870                z_add_timeout
 .text.sys_clock_announce
                0x000000000000b95c       0xbc zephyr/kernel/libkernel.a(timeout.c.obj)
                0x000000000000b95c                sys_clock_announce
 .text.sys_clock_tick_get
                0x000000000000ba18       0x30 zephyr/kernel/libkernel.a(timeout.c.obj)
                0x000000000000ba18                sys_clock_tick_get
 .text.__l_vfprintf
                0x000000000000ba48      0x4b4 c:\ncs\toolchains\0b393f9e1b\opt\zephyr-sdk\arm-zephyr-eabi\bin\../lib/gcc/../../picolibc/arm-zephyr-eabi/lib/thumb/v8-m.main/nofp\libc.a(libc_tinystdio_vflprintf.c.o)
                0x000000000000ba48                __l_vfprintf
 .text._OffsetAbsSyms
                0x000000000000befc        0x2 zephyr/CMakeFiles/offsets.dir/./arch/arm/core/offsets/offsets.c.obj
                0x000000000000befc                _OffsetAbsSyms
 .text.gpio_pin_configure_dt
                0x000000000000befe       0x3e app/libapp.a(main.c.obj)
 .text.chunk_field
                0x000000000000bf3c       0x16 zephyr/libzephyr.a(heap.c.obj)
 .text.chunk_set
                0x000000000000bf52       0x16 zephyr/libzephyr.a(heap.c.obj)
 .text.chunk_size
                0x000000000000bf68        0xc zephyr/libzephyr.a(heap.c.obj)
 .text.set_chunk_used
                0x000000000000bf74       0x30 zephyr/libzephyr.a(heap.c.obj)
 .text.set_chunk_size
                0x000000000000bfa4        0x8 zephyr/libzephyr.a(heap.c.obj)
 .text.bucket_idx.isra.0
                0x000000000000bfac       0x1c zephyr/libzephyr.a(heap.c.obj)
 .text.free_list_add
                0x000000000000bfc8       0x84 zephyr/libzephyr.a(heap.c.obj)
 .text.sys_heap_init
                0x000000000000c04c       0xb0 zephyr/libzephyr.a(heap.c.obj)
                0x000000000000c04c                sys_heap_init
 .text.arch_printk_char_out
                0x000000000000c0fc        0x4 zephyr/libzephyr.a(printk.c.obj)
                0x000000000000c0fc                arch_printk_char_out
 .text.printk   0x000000000000c100       0x1a zephyr/libzephyr.a(printk.c.obj)
                0x000000000000c100                printk
 .text.process_recheck
                0x000000000000c11a       0x38 zephyr/libzephyr.a(onoff.c.obj)
 .text.validate_args
                0x000000000000c152       0x20 zephyr/libzephyr.a(onoff.c.obj)
 .text.notify_one
                0x000000000000c172       0x2c zephyr/libzephyr.a(onoff.c.obj)
 .text.transition_complete
                0x000000000000c19e       0x1a zephyr/libzephyr.a(onoff.c.obj)
 .text.onoff_manager_init
                0x000000000000c1b8       0x26 zephyr/libzephyr.a(onoff.c.obj)
                0x000000000000c1b8                onoff_manager_init
 .text.onoff_request
                0x000000000000c1de       0xae zephyr/libzephyr.a(onoff.c.obj)
                0x000000000000c1de                onoff_request
 .text.sys_notify_validate
                0x000000000000c28c       0x22 zephyr/libzephyr.a(notify.c.obj)
                0x000000000000c28c                sys_notify_validate
 .text.sys_notify_finalize
                0x000000000000c2ae       0x1a zephyr/libzephyr.a(notify.c.obj)
                0x000000000000c2ae                sys_notify_finalize
 .text._ConfigAbsSyms
                0x000000000000c2c8        0x2 zephyr/libzephyr.a(configs.c.obj)
                0x000000000000c2c8                _ConfigAbsSyms
 .text.z_arm_fatal_error
                0x000000000000c2ca        0xc zephyr/arch/arch/arm/core/libarch__arm__core.a(fatal.c.obj)
                0x000000000000c2ca                z_arm_fatal_error
 .text.z_do_kernel_oops
                0x000000000000c2d6        0x8 zephyr/arch/arch/arm/core/libarch__arm__core.a(fatal.c.obj)
                0x000000000000c2d6                z_do_kernel_oops
 .text.z_arm_nmi
                0x000000000000c2de        0xe zephyr/arch/arch/arm/core/libarch__arm__core.a(nmi.c.obj)
                0x000000000000c2de                z_arm_nmi
 .text.z_arm_save_fp_context
                0x000000000000c2ec        0x2 zephyr/arch/arch/arm/core/cortex_m/libarch__arm__core__cortex_m.a(fpu.c.obj)
                0x000000000000c2ec                z_arm_save_fp_context
 .text.z_arm_restore_fp_context
                0x000000000000c2ee        0x2 zephyr/arch/arch/arm/core/cortex_m/libarch__arm__core__cortex_m.a(fpu.c.obj)
                0x000000000000c2ee                z_arm_restore_fp_context
 .text.z_irq_spurious
                0x000000000000c2f0        0x8 zephyr/arch/arch/arm/core/cortex_m/libarch__arm__core__cortex_m.a(irq_manage.c.obj)
                0x000000000000c2f0                z_irq_spurious
 .text.configure_builtin_stack_guard
                0x000000000000c2f8        0x8 zephyr/arch/arch/arm/core/cortex_m/libarch__arm__core__cortex_m.a(thread.c.obj)
                0x000000000000c2f8                configure_builtin_stack_guard
 .text.arch_irq_unlock_outlined
                0x000000000000c300        0xe zephyr/arch/arch/arm/core/cortex_m/libarch__arm__core__cortex_m.a(thread.c.obj)
                0x000000000000c300                arch_irq_unlock_outlined
 .text.arch_cpu_idle
                0x000000000000c30e       0x32 zephyr/arch/arch/arm/core/cortex_m/libarch__arm__core__cortex_m.a(cpu_idle.c.obj)
                0x000000000000c30e                arch_cpu_idle
 .text.arch_cpu_atomic_idle
                0x000000000000c340       0x38 zephyr/arch/arch/arm/core/cortex_m/libarch__arm__core__cortex_m.a(cpu_idle.c.obj)
                0x000000000000c340                arch_cpu_atomic_idle
 .text.arm_cmse_mpu_region_get
                0x000000000000c378       0x12 zephyr/arch/arch/arm/core/cortex_m/cmse/libarch__arm__core__cortex_m__cmse.a(arm_core_cmse.c.obj)
                0x000000000000c378                arm_cmse_mpu_region_get
 .text.mpu_configure_region
                0x000000000000c38a       0x32 zephyr/arch/arch/arm/core/mpu/libarch__arm__core__mpu.a(arm_mpu.c.obj)
 .text.picolibc_put
                0x000000000000c3bc        0xa zephyr/lib/libc/picolibc/liblib__libc__picolibc.a(stdio.c.obj)
 .text.nordicsemi_nrf53_init
                0x000000000000c3c6       0x3e zephyr/soc/soc/nrf5340/libsoc__nordic.a(soc.c.obj)
 .text.soc_secure_gpio_pin_mcu_select
                0x000000000000c404        0xe zephyr/soc/soc/nrf5340/libsoc__nordic.a(soc_secure.c.obj)
                0x000000000000c404                soc_secure_gpio_pin_mcu_select
 .text.get_status
                0x000000000000c412       0x12 zephyr/drivers/clock_control/libdrivers__clock_control.a(clock_control_nrf.c.obj)
 .text.stop     0x000000000000c424       0x52 zephyr/drivers/clock_control/libdrivers__clock_control.a(clock_control_nrf.c.obj)
 .text.api_stop
                0x000000000000c476        0x6 zephyr/drivers/clock_control/libdrivers__clock_control.a(clock_control_nrf.c.obj)
 .text.async_start
                0x000000000000c47c       0x5c zephyr/drivers/clock_control/libdrivers__clock_control.a(clock_control_nrf.c.obj)
 .text.api_start
                0x000000000000c4d8        0xe zephyr/drivers/clock_control/libdrivers__clock_control.a(clock_control_nrf.c.obj)
 .text.onoff_started_callback
                0x000000000000c4e6       0x12 zephyr/drivers/clock_control/libdrivers__clock_control.a(clock_control_nrf.c.obj)
 .text.hfclkaudio_start
                0x000000000000c4f8        0x6 zephyr/drivers/clock_control/libdrivers__clock_control.a(clock_control_nrf.c.obj)
 .text.hfclk192m_start
                0x000000000000c4fe        0x6 zephyr/drivers/clock_control/libdrivers__clock_control.a(clock_control_nrf.c.obj)
 .text.lfclk_start
                0x000000000000c504        0x6 zephyr/drivers/clock_control/libdrivers__clock_control.a(clock_control_nrf.c.obj)
 .text.hfclkaudio_stop
                0x000000000000c50a        0x6 zephyr/drivers/clock_control/libdrivers__clock_control.a(clock_control_nrf.c.obj)
 .text.hfclk192m_stop
                0x000000000000c510        0x6 zephyr/drivers/clock_control/libdrivers__clock_control.a(clock_control_nrf.c.obj)
 .text.lfclk_stop
                0x000000000000c516        0x6 zephyr/drivers/clock_control/libdrivers__clock_control.a(clock_control_nrf.c.obj)
 .text.blocking_start_callback
                0x000000000000c51c        0x6 zephyr/drivers/clock_control/libdrivers__clock_control.a(clock_control_nrf.c.obj)
 .text.gpio_nrfx_port_get_raw
                0x000000000000c522        0xc zephyr/drivers/gpio/libdrivers__gpio.a(gpio_nrfx.c.obj)
 .text.gpio_nrfx_port_set_masked_raw
                0x000000000000c52e       0x14 zephyr/drivers/gpio/libdrivers__gpio.a(gpio_nrfx.c.obj)
 .text.gpio_nrfx_port_set_bits_raw
                0x000000000000c542        0xa zephyr/drivers/gpio/libdrivers__gpio.a(gpio_nrfx.c.obj)
 .text.gpio_nrfx_port_clear_bits_raw
                0x000000000000c54c        0xa zephyr/drivers/gpio/libdrivers__gpio.a(gpio_nrfx.c.obj)
 .text.gpio_nrfx_port_toggle_bits
                0x000000000000c556       0x14 zephyr/drivers/gpio/libdrivers__gpio.a(gpio_nrfx.c.obj)
 .text.gpio_nrfx_manage_callback
                0x000000000000c56a       0x52 zephyr/drivers/gpio/libdrivers__gpio.a(gpio_nrfx.c.obj)
 .text.pinctrl_lookup_state
                0x000000000000c5bc       0x26 zephyr/drivers/pinctrl/libdrivers__pinctrl.a(common.c.obj)
                0x000000000000c5bc                pinctrl_lookup_state
 .text.uarte_nrfx_err_check
                0x000000000000c5e2        0xe zephyr/drivers/serial/libdrivers__serial.a(uart_nrfx_uarte.c.obj)
 .text.uarte_nrfx_poll_in
                0x000000000000c5f0       0x26 zephyr/drivers/serial/libdrivers__serial.a(uart_nrfx_uarte.c.obj)
 .text.is_tx_ready.isra.0
                0x000000000000c616       0x20 zephyr/drivers/serial/libdrivers__serial.a(uart_nrfx_uarte.c.obj)
 .text.uarte_nrfx_isr_int
                0x000000000000c636       0x42 zephyr/drivers/serial/libdrivers__serial.a(uart_nrfx_uarte.c.obj)
 .text.event_clear
                0x000000000000c678       0x18 zephyr/drivers/timer/libdrivers__timer.a(nrf_rtc_timer.c.obj)
 .text.sys_clock_cycle_get_32
                0x000000000000c690        0x8 zephyr/drivers/timer/libdrivers__timer.a(nrf_rtc_timer.c.obj)
                0x000000000000c690                sys_clock_cycle_get_32
 .text._psa_crypto_init
                0x000000000000c698       0x1e modules/nrf/subsys/nrf_security/src/zephyr/libmbedtls_zephyr.a(psa_crypto_init.c.obj)
 .text.tfm_platform_ns_fault_set_handler
                0x000000000000c6b6       0x4e modules/nrf/modules/trusted-firmware-m/libtfm_api_nrf.a(tfm_ioctl_ns_api.c.obj)
                0x000000000000c6b6                tfm_platform_ns_fault_set_handler
 .text.ns_interface_init
                0x000000000000c704        0x4 modules/trusted-firmware-m/libtfm_api.a(interface.c.obj)
 .text.psa_crypto_init
                0x000000000000c708        0x4 modules/trusted-firmware-m/libtfm_api.a(tfm_crypto_api.c.obj)
                0x000000000000c708                psa_crypto_init
 .text.tfm_platform_gpio_pin_mcu_select
                0x000000000000c70c       0x32 modules/trusted-firmware-m/libtfm_api.a(tfm_ioctl_core_ns_api.c.obj)
                0x000000000000c70c                tfm_platform_gpio_pin_mcu_select
 .text.SystemInit
                0x000000000000c73e        0x2 modules/hal_nordic/modules/hal_nordic/nrfx/libmodules__hal_nordic__nrfx.a(system_nrf5340_application.c.obj)
                0x000000000000c73e                SystemInit
 .text.nrfx_isr
                0x000000000000c740        0x2 modules/hal_nordic/modules/hal_nordic/nrfx/libmodules__hal_nordic__nrfx.a(nrfx_glue.c.obj)
                0x000000000000c740                nrfx_isr
 .text.nrfx_busy_wait
                0x000000000000c742        0x4 modules/hal_nordic/modules/hal_nordic/nrfx/libmodules__hal_nordic__nrfx.a(nrfx_glue.c.obj)
                0x000000000000c742                nrfx_busy_wait
 .text.nrfx_gppi_event_endpoint_setup
                0x000000000000c746        0xa modules/hal_nordic/modules/hal_nordic/nrfx/libmodules__hal_nordic__nrfx.a(nrfx_gppi_dppi.c.obj)
                0x000000000000c746                nrfx_gppi_event_endpoint_setup
 .text.nrfx_gppi_task_endpoint_setup
                0x000000000000c750        0xa modules/hal_nordic/modules/hal_nordic/nrfx/libmodules__hal_nordic__nrfx.a(nrfx_gppi_dppi.c.obj)
                0x000000000000c750                nrfx_gppi_task_endpoint_setup
 .text.nrfx_gppi_channel_endpoints_setup
                0x000000000000c75a        0xe modules/hal_nordic/modules/hal_nordic/nrfx/libmodules__hal_nordic__nrfx.a(nrfx_gppi_dppi.c.obj)
                0x000000000000c75a                nrfx_gppi_channel_endpoints_setup
 .text.nrfx_clock_stop
                0x000000000000c768        0x4 modules/hal_nordic/modules/hal_nordic/nrfx/libmodules__hal_nordic__nrfx.a(nrfx_clock.c.obj)
                0x000000000000c768                nrfx_clock_stop
 .text.nrf_gpio_reconfigure
                0x000000000000c76c       0x92 modules/hal_nordic/modules/hal_nordic/nrfx/libmodules__hal_nordic__nrfx.a(nrfx_gpiote.c.obj)
 .text.nrf_gpio_cfg_sense_set
                0x000000000000c7fe       0x1e modules/hal_nordic/modules/hal_nordic/nrfx/libmodules__hal_nordic__nrfx.a(nrfx_gpiote.c.obj)
 .text.pin_trigger_disable
                0x000000000000c81c       0x48 modules/hal_nordic/modules/hal_nordic/nrfx/libmodules__hal_nordic__nrfx.a(nrfx_gpiote.c.obj)
 .text.nrfx_gpiote_pin_uninit
                0x000000000000c864        0x4 modules/hal_nordic/modules/hal_nordic/nrfx/libmodules__hal_nordic__nrfx.a(nrfx_gpiote.c.obj)
                0x000000000000c864                nrfx_gpiote_pin_uninit
 .text.nrfx_gpiote_trigger_disable
                0x000000000000c868        0x4 modules/hal_nordic/modules/hal_nordic/nrfx/libmodules__hal_nordic__nrfx.a(nrfx_gpiote.c.obj)
                0x000000000000c868                nrfx_gpiote_trigger_disable
 .text.z_impl_k_busy_wait
                0x000000000000c86c        0x8 zephyr/kernel/libkernel.a(busy_wait.c.obj)
                0x000000000000c86c                z_impl_k_busy_wait
 .text.z_device_state_init
                0x000000000000c874        0x2 zephyr/kernel/libkernel.a(device.c.obj)
                0x000000000000c874                z_device_state_init
 .text.z_impl_device_is_ready
                0x000000000000c876       0x16 zephyr/kernel/libkernel.a(device.c.obj)
                0x000000000000c876                z_impl_device_is_ready
 .text.arch_system_halt
                0x000000000000c88c       0x10 zephyr/kernel/libkernel.a(fatal.c.obj)
                0x000000000000c88c                arch_system_halt
 .text.k_sys_fatal_error_handler
                0x000000000000c89c        0x6 zephyr/kernel/libkernel.a(fatal.c.obj)
                0x000000000000c89c                k_sys_fatal_error_handler
 .text.do_device_init
                0x000000000000c8a2       0x30 zephyr/kernel/libkernel.a(init.c.obj)
 .text.z_early_memset
                0x000000000000c8d2        0x4 zephyr/kernel/libkernel.a(init.c.obj)
                0x000000000000c8d2                z_early_memset
 .text.z_early_memcpy
                0x000000000000c8d6        0x4 zephyr/kernel/libkernel.a(init.c.obj)
                0x000000000000c8d6                z_early_memcpy
 .text.z_init_static
                0x000000000000c8da        0x2 zephyr/kernel/libkernel.a(init_static.c.obj)
                0x000000000000c8da                z_init_static
 .text.idle     0x000000000000c8dc       0x16 zephyr/kernel/libkernel.a(idle.c.obj)
                0x000000000000c8dc                idle
 .text.adjust_owner_prio.isra.0
                0x000000000000c8f2       0x10 zephyr/kernel/libkernel.a(mutex.c.obj)
 .text.k_is_in_isr
                0x000000000000c902        0xc zephyr/kernel/libkernel.a(thread.c.obj)
                0x000000000000c902                k_is_in_isr
 .text.sys_dlist_remove
                0x000000000000c90e       0x10 zephyr/kernel/libkernel.a(sched.c.obj)
 .text.unpend_thread_no_timeout
                0x000000000000c91e       0x14 zephyr/kernel/libkernel.a(sched.c.obj)
 .text.add_to_waitq_locked
                0x000000000000c932       0x50 zephyr/kernel/libkernel.a(sched.c.obj)
 .text.z_ready_thread
                0x000000000000c982       0x1e zephyr/kernel/libkernel.a(sched.c.obj)
                0x000000000000c982                z_ready_thread
 .text.z_sched_wake_thread
                0x000000000000c9a0       0x3a zephyr/kernel/libkernel.a(sched.c.obj)
                0x000000000000c9a0                z_sched_wake_thread
 .text.z_thread_timeout
                0x000000000000c9da        0x8 zephyr/kernel/libkernel.a(sched.c.obj)
                0x000000000000c9da                z_thread_timeout
 .text.z_impl_k_sleep
                0x000000000000c9e2       0x32 zephyr/kernel/libkernel.a(sched.c.obj)
                0x000000000000c9e2                z_impl_k_sleep
 .text.next_timeout
                0x000000000000ca14       0x32 zephyr/kernel/libkernel.a(timeout.c.obj)
 .text.z_abort_timeout
                0x000000000000ca46       0x42 zephyr/kernel/libkernel.a(timeout.c.obj)
                0x000000000000ca46                z_abort_timeout
 .text.sys_clock_tick_get_32
                0x000000000000ca88        0x8 zephyr/kernel/libkernel.a(timeout.c.obj)
                0x000000000000ca88                sys_clock_tick_get_32
 .text.memcpy   0x000000000000ca90       0x1a c:\ncs\toolchains\0b393f9e1b\opt\zephyr-sdk\arm-zephyr-eabi\bin\../lib/gcc/../../picolibc/arm-zephyr-eabi/lib/thumb/v8-m.main/nofp\libc.a(memcpy.c.o)
                0x000000000000ca90                __aeabi_memcpy
                0x000000000000ca90                __aeabi_memcpy4
                0x000000000000ca90                __aeabi_memcpy8
                0x000000000000ca90                memcpy
 .text.memset   0x000000000000caaa       0x10 c:\ncs\toolchains\0b393f9e1b\opt\zephyr-sdk\arm-zephyr-eabi\bin\../lib/gcc/../../picolibc/arm-zephyr-eabi/lib/thumb/v8-m.main/nofp\libc.a(memset.c.o)
                0x000000000000caaa                memset
 .text.strnlen  0x000000000000caba       0x18 c:\ncs\toolchains\0b393f9e1b\opt\zephyr-sdk\arm-zephyr-eabi\bin\../lib/gcc/../../picolibc/arm-zephyr-eabi/lib/thumb/v8-m.main/nofp\libc.a(libc_string_strnlen.c.o)
                0x000000000000caba                strnlen
 .text.__ultoa_invert
                0x000000000000cad2       0xac c:\ncs\toolchains\0b393f9e1b\opt\zephyr-sdk\arm-zephyr-eabi\bin\../lib/gcc/../../picolibc/arm-zephyr-eabi/lib/thumb/v8-m.main/nofp\libc.a(libc_tinystdio_vflprintf.c.o)
 *(SORT_BY_ALIGNMENT(.TEXT.*))
 *fill*         0x000000000000cb7e        0x2 
 .TEXT.__aeabi_read_tp
                0x000000000000cb80        0xc zephyr/arch/arch/arm/core/cortex_m/libarch__arm__core__cortex_m.a(__aeabi_read_tp.S.obj)
                0x000000000000cb80                __aeabi_read_tp
 *(SORT_BY_ALIGNMENT(.gnu.linkonce.t.*))
 *(SORT_BY_ALIGNMENT(.glue_7t))
 .glue_7t       0x000000000000cb8c        0x0 linker stubs
 *(SORT_BY_ALIGNMENT(.glue_7))
 .glue_7        0x000000000000cb8c        0x0 linker stubs
 *(SORT_BY_ALIGNMENT(.vfp11_veneer))
 .vfp11_veneer  0x000000000000cb8c        0x0 linker stubs
 *(SORT_BY_ALIGNMENT(.v4_bx))
 .v4_bx         0x000000000000cb8c        0x0 linker stubs
                0x000000000000cb8c                . = ALIGN (0x4)
                0x000000000000cb8c                __text_region_end = .

.ARM.exidx      0x000000000000cb8c        0x0
                0x000000000000cb8c                __exidx_start = .
 *(SORT_BY_ALIGNMENT(.ARM.exidx*) SORT_BY_ALIGNMENT(gnu.linkonce.armexidx.*))
                0x000000000000cb8c                __exidx_end = .
                0x000000000000cb8c                __rodata_region_start = .

initlevel       0x000000000000cb8c       0x68
                0x000000000000cb8c                __init_start = .
                0x000000000000cb8c                __init_EARLY_start = .
 *(SORT_BY_NAME(SORT_BY_ALIGNMENT(.z_init_EARLY?_*)))
 *(SORT_BY_NAME(SORT_BY_ALIGNMENT(.z_init_EARLY??_*)))
                0x000000000000cb8c                __init_PRE_KERNEL_1_start = .
 *(SORT_BY_NAME(SORT_BY_ALIGNMENT(.z_init_PRE_KERNEL_1?_*)))
 .z_init_PRE_KERNEL_10_0_
                0x000000000000cb8c        0x8 zephyr/soc/soc/nrf5340/libsoc__nordic.a(soc.c.obj)
 .z_init_PRE_KERNEL_10_0_
                0x000000000000cb94        0x8 zephyr/soc/soc/nrf5340/libsoc__nordic.a(nrf53_cpunet_mgmt.c.obj)
 .z_init_PRE_KERNEL_10_0_
                0x000000000000cb9c        0x8 modules/nrf/modules/trusted-firmware-m/lib..__nrf__modules__trusted-firmware-m.a(fault.c.obj)
 *(SORT_BY_NAME(SORT_BY_ALIGNMENT(.z_init_PRE_KERNEL_1??_*)))
 .z_init_PRE_KERNEL_130_00076_
                0x000000000000cba4        0x8 zephyr/drivers/clock_control/libdrivers__clock_control.a(clock_control_nrf.c.obj)
 .z_init_PRE_KERNEL_140_00008_
                0x000000000000cbac        0x8 zephyr/drivers/gpio/libdrivers__gpio.a(gpio_nrfx.c.obj)
 .z_init_PRE_KERNEL_140_00015_
                0x000000000000cbb4        0x8 zephyr/drivers/gpio/libdrivers__gpio.a(gpio_nrfx.c.obj)
 .z_init_PRE_KERNEL_150_00112_
                0x000000000000cbbc        0x8 zephyr/drivers/serial/libdrivers__serial.a(uart_nrfx_uarte.c.obj)
 .z_init_PRE_KERNEL_160_0_
                0x000000000000cbc4        0x8 zephyr/drivers/console/libdrivers__console.a(uart_console.c.obj)
                0x000000000000cbcc                __init_PRE_KERNEL_2_start = .
 *(SORT_BY_NAME(SORT_BY_ALIGNMENT(.z_init_PRE_KERNEL_2?_*)))
 .z_init_PRE_KERNEL_20_0_
                0x000000000000cbcc        0x8 zephyr/drivers/timer/libdrivers__timer.a(nrf_rtc_timer.c.obj)
 *(SORT_BY_NAME(SORT_BY_ALIGNMENT(.z_init_PRE_KERNEL_2??_*)))
                0x000000000000cbd4                __init_POST_KERNEL_start = .
 *(SORT_BY_NAME(SORT_BY_ALIGNMENT(.z_init_POST_KERNEL?_*)))
 .z_init_POST_KERNEL0_0_
                0x000000000000cbd4        0x8 zephyr/soc/soc/nrf5340/libsoc__nordic.a(soc.c.obj)
 *(SORT_BY_NAME(SORT_BY_ALIGNMENT(.z_init_POST_KERNEL??_*)))
 .z_init_POST_KERNEL35_0_
                0x000000000000cbdc        0x8 zephyr/lib/libc/common/liblib__libc__common.a(malloc.c.obj)
 .z_init_POST_KERNEL40_0_
                0x000000000000cbe4        0x8 modules/trusted-firmware-m/libtfm_api.a(interface.c.obj)
 .z_init_POST_KERNEL50_0_
                0x000000000000cbec        0x8 modules/nrf/subsys/nrf_security/src/zephyr/libmbedtls_zephyr.a(psa_crypto_init.c.obj)
                0x000000000000cbf4                __init_APPLICATION_start = .
 *(SORT_BY_NAME(SORT_BY_ALIGNMENT(.z_init_APPLICATION?_*)))
 *(SORT_BY_NAME(SORT_BY_ALIGNMENT(.z_init_APPLICATION??_*)))
                0x000000000000cbf4                __init_SMP_start = .
 *(SORT_BY_NAME(SORT_BY_ALIGNMENT(.z_init_SMP?_*)))
 *(SORT_BY_NAME(SORT_BY_ALIGNMENT(.z_init_SMP??_*)))
                0x000000000000cbf4                __init_end = .
                0x000000000000cbf4                __deferred_init_list_start = .
 *(SORT_BY_ALIGNMENT(.z_deferred_init*))
                0x000000000000cbf4                __deferred_init_list_end = .

device_area     0x000000000000cbf4       0x50
                0x000000000000cbf4                _device_list_start = .
 *(SORT_BY_NAME(SORT_BY_ALIGNMENT(._device.static.*_?_*)))
 *(SORT_BY_NAME(SORT_BY_ALIGNMENT(._device.static.*_??_*)))
 ._device.static.1_30_
                0x000000000000cbf4       0x14 zephyr/drivers/clock_control/libdrivers__clock_control.a(clock_control_nrf.c.obj)
                0x000000000000cbf4                __device_dts_ord_76
 ._device.static.1_40_
                0x000000000000cc08       0x28 zephyr/drivers/gpio/libdrivers__gpio.a(gpio_nrfx.c.obj)
                0x000000000000cc08                __device_dts_ord_15
                0x000000000000cc1c                __device_dts_ord_8
 ._device.static.1_50_
                0x000000000000cc30       0x14 zephyr/drivers/serial/libdrivers__serial.a(uart_nrfx_uarte.c.obj)
                0x000000000000cc30                __device_dts_ord_112
                0x000000000000cc44                _device_list_end = .

sw_isr_table    0x000000000000cc44      0x228
                0x000000000000cc44                . = ALIGN (0x4)
 *(SORT_BY_ALIGNMENT(.gnu.linkonce.sw_isr_table*))
 .gnu.linkonce.sw_isr_table
                0x000000000000cc44      0x228 zephyr/arch/common/libisr_tables.a(isr_tables.c.obj)
                0x000000000000cc44                _sw_isr_table

initlevel_error
                0x000000000000cb8c        0x0
 *(SORT_BY_NAME(SORT_BY_ALIGNMENT(.z_init_[_A-Z0-9]*)))
                0x0000000000000001                ASSERT ((SIZEOF (initlevel_error) == 0x0), Undefined initialization levels used.)

app_shmem_regions
                0x000000000000ce6c        0x0
                0x000000000000ce6c                __app_shmem_regions_start = .
 *(SORT_BY_NAME(SORT_BY_ALIGNMENT(.app_regions.*)))
                0x000000000000ce6c                __app_shmem_regions_end = .

k_p4wq_initparam_area
                0x000000000000ce6c        0x0
                0x000000000000ce6c                _k_p4wq_initparam_list_start = .
 *(SORT_BY_NAME(SORT_BY_ALIGNMENT(._k_p4wq_initparam.static.*)))
                0x000000000000ce6c                _k_p4wq_initparam_list_end = .

_static_thread_data_area
                0x000000000000ce6c        0x0
                0x000000000000ce6c                __static_thread_data_list_start = .
 *(SORT_BY_NAME(SORT_BY_ALIGNMENT(.__static_thread_data.static.*)))
                0x000000000000ce6c                __static_thread_data_list_end = .

device_deps     0x000000000000ce6c        0x0
                0x000000000000ce6c                __device_deps_start = .
 *(SORT_BY_NAME(SORT_BY_ALIGNMENT(.__device_deps_pass2*)))
                0x000000000000ce6c                __device_deps_end = .

gpio_driver_api_area
                0x000000000000ce6c       0x24
                0x000000000000ce6c                _gpio_driver_api_list_start = .
 *(SORT_BY_NAME(SORT_BY_ALIGNMENT(._gpio_driver_api.static.*)))
 ._gpio_driver_api.static.gpio_nrfx_drv_api_funcs_
                0x000000000000ce6c       0x24 zephyr/drivers/gpio/libdrivers__gpio.a(gpio_nrfx.c.obj)
                0x000000000000ce90                _gpio_driver_api_list_end = .

shared_irq_driver_api_area
                0x000000000000ce90        0x0
                0x000000000000ce90                _shared_irq_driver_api_list_start = .
 *(SORT_BY_NAME(SORT_BY_ALIGNMENT(._shared_irq_driver_api.static.*)))
                0x000000000000ce90                _shared_irq_driver_api_list_end = .

crypto_driver_api_area
                0x000000000000ce90        0x0
                0x000000000000ce90                _crypto_driver_api_list_start = .
 *(SORT_BY_NAME(SORT_BY_ALIGNMENT(._crypto_driver_api.static.*)))
                0x000000000000ce90                _crypto_driver_api_list_end = .

adc_driver_api_area
                0x000000000000ce90        0x0
                0x000000000000ce90                _adc_driver_api_list_start = .
 *(SORT_BY_NAME(SORT_BY_ALIGNMENT(._adc_driver_api.static.*)))
                0x000000000000ce90                _adc_driver_api_list_end = .

auxdisplay_driver_api_area
                0x000000000000ce90        0x0
                0x000000000000ce90                _auxdisplay_driver_api_list_start = .
 *(SORT_BY_NAME(SORT_BY_ALIGNMENT(._auxdisplay_driver_api.static.*)))
                0x000000000000ce90                _auxdisplay_driver_api_list_end = .

bbram_driver_api_area
                0x000000000000ce90        0x0
                0x000000000000ce90                _bbram_driver_api_list_start = .
 *(SORT_BY_NAME(SORT_BY_ALIGNMENT(._bbram_driver_api.static.*)))
                0x000000000000ce90                _bbram_driver_api_list_end = .

bt_hci_driver_api_area
                0x000000000000ce90        0x0
                0x000000000000ce90                _bt_hci_driver_api_list_start = .
 *(SORT_BY_NAME(SORT_BY_ALIGNMENT(._bt_hci_driver_api.static.*)))
                0x000000000000ce90                _bt_hci_driver_api_list_end = .

can_driver_api_area
                0x000000000000ce90        0x0
                0x000000000000ce90                _can_driver_api_list_start = .
 *(SORT_BY_NAME(SORT_BY_ALIGNMENT(._can_driver_api.static.*)))
                0x000000000000ce90                _can_driver_api_list_end = .

cellular_driver_api_area
                0x000000000000ce90        0x0
                0x000000000000ce90                _cellular_driver_api_list_start = .
 *(SORT_BY_NAME(SORT_BY_ALIGNMENT(._cellular_driver_api.static.*)))
                0x000000000000ce90                _cellular_driver_api_list_end = .

charger_driver_api_area
                0x000000000000ce90        0x0
                0x000000000000ce90                _charger_driver_api_list_start = .
 *(SORT_BY_NAME(SORT_BY_ALIGNMENT(._charger_driver_api.static.*)))
                0x000000000000ce90                _charger_driver_api_list_end = .

clock_control_driver_api_area
                0x000000000000ce90       0x1c
                0x000000000000ce90                _clock_control_driver_api_list_start = .
 *(SORT_BY_NAME(SORT_BY_ALIGNMENT(._clock_control_driver_api.static.*)))
 ._clock_control_driver_api.static.clock_control_api_
                0x000000000000ce90       0x1c zephyr/drivers/clock_control/libdrivers__clock_control.a(clock_control_nrf.c.obj)
                0x000000000000ceac                _clock_control_driver_api_list_end = .

comparator_driver_api_area
                0x000000000000ceac        0x0
                0x000000000000ceac                _comparator_driver_api_list_start = .
 *(SORT_BY_NAME(SORT_BY_ALIGNMENT(._comparator_driver_api.static.*)))
                0x000000000000ceac                _comparator_driver_api_list_end = .

coredump_driver_api_area
                0x000000000000ceac        0x0
                0x000000000000ceac                _coredump_driver_api_list_start = .
 *(SORT_BY_NAME(SORT_BY_ALIGNMENT(._coredump_driver_api.static.*)))
                0x000000000000ceac                _coredump_driver_api_list_end = .

counter_driver_api_area
                0x000000000000ceac        0x0
                0x000000000000ceac                _counter_driver_api_list_start = .
 *(SORT_BY_NAME(SORT_BY_ALIGNMENT(._counter_driver_api.static.*)))
                0x000000000000ceac                _counter_driver_api_list_end = .

dac_driver_api_area
                0x000000000000ceac        0x0
                0x000000000000ceac                _dac_driver_api_list_start = .
 *(SORT_BY_NAME(SORT_BY_ALIGNMENT(._dac_driver_api.static.*)))
                0x000000000000ceac                _dac_driver_api_list_end = .

dai_driver_api_area
                0x000000000000ceac        0x0
                0x000000000000ceac                _dai_driver_api_list_start = .
 *(SORT_BY_NAME(SORT_BY_ALIGNMENT(._dai_driver_api.static.*)))
                0x000000000000ceac                _dai_driver_api_list_end = .

display_driver_api_area
                0x000000000000ceac        0x0
                0x000000000000ceac                _display_driver_api_list_start = .
 *(SORT_BY_NAME(SORT_BY_ALIGNMENT(._display_driver_api.static.*)))
                0x000000000000ceac                _display_driver_api_list_end = .

dma_driver_api_area
                0x000000000000ceac        0x0
                0x000000000000ceac                _dma_driver_api_list_start = .
 *(SORT_BY_NAME(SORT_BY_ALIGNMENT(._dma_driver_api.static.*)))
                0x000000000000ceac                _dma_driver_api_list_end = .

edac_driver_api_area
                0x000000000000ceac        0x0
                0x000000000000ceac                _edac_driver_api_list_start = .
 *(SORT_BY_NAME(SORT_BY_ALIGNMENT(._edac_driver_api.static.*)))
                0x000000000000ceac                _edac_driver_api_list_end = .

eeprom_driver_api_area
                0x000000000000ceac        0x0
                0x000000000000ceac                _eeprom_driver_api_list_start = .
 *(SORT_BY_NAME(SORT_BY_ALIGNMENT(._eeprom_driver_api.static.*)))
                0x000000000000ceac                _eeprom_driver_api_list_end = .

emul_bbram_driver_api_area
                0x000000000000ceac        0x0
                0x000000000000ceac                _emul_bbram_driver_api_list_start = .
 *(SORT_BY_NAME(SORT_BY_ALIGNMENT(._emul_bbram_driver_api.static.*)))
                0x000000000000ceac                _emul_bbram_driver_api_list_end = .

fuel_gauge_emul_driver_api_area
                0x000000000000ceac        0x0
                0x000000000000ceac                _fuel_gauge_emul_driver_api_list_start = .
 *(SORT_BY_NAME(SORT_BY_ALIGNMENT(._fuel_gauge_emul_driver_api.static.*)))
                0x000000000000ceac                _fuel_gauge_emul_driver_api_list_end = .

emul_sensor_driver_api_area
                0x000000000000ceac        0x0
                0x000000000000ceac                _emul_sensor_driver_api_list_start = .
 *(SORT_BY_NAME(SORT_BY_ALIGNMENT(._emul_sensor_driver_api.static.*)))
                0x000000000000ceac                _emul_sensor_driver_api_list_end = .

entropy_driver_api_area
                0x000000000000ceac        0x0
                0x000000000000ceac                _entropy_driver_api_list_start = .
 *(SORT_BY_NAME(SORT_BY_ALIGNMENT(._entropy_driver_api.static.*)))
                0x000000000000ceac                _entropy_driver_api_list_end = .

espi_driver_api_area
                0x000000000000ceac        0x0
                0x000000000000ceac                _espi_driver_api_list_start = .
 *(SORT_BY_NAME(SORT_BY_ALIGNMENT(._espi_driver_api.static.*)))
                0x000000000000ceac                _espi_driver_api_list_end = .

espi_saf_driver_api_area
                0x000000000000ceac        0x0
                0x000000000000ceac                _espi_saf_driver_api_list_start = .
 *(SORT_BY_NAME(SORT_BY_ALIGNMENT(._espi_saf_driver_api.static.*)))
                0x000000000000ceac                _espi_saf_driver_api_list_end = .

flash_driver_api_area
                0x000000000000ceac        0x0
                0x000000000000ceac                _flash_driver_api_list_start = .
 *(SORT_BY_NAME(SORT_BY_ALIGNMENT(._flash_driver_api.static.*)))
                0x000000000000ceac                _flash_driver_api_list_end = .

fpga_driver_api_area
                0x000000000000ceac        0x0
                0x000000000000ceac                _fpga_driver_api_list_start = .
 *(SORT_BY_NAME(SORT_BY_ALIGNMENT(._fpga_driver_api.static.*)))
                0x000000000000ceac                _fpga_driver_api_list_end = .

fuel_gauge_driver_api_area
                0x000000000000ceac        0x0
                0x000000000000ceac                _fuel_gauge_driver_api_list_start = .
 *(SORT_BY_NAME(SORT_BY_ALIGNMENT(._fuel_gauge_driver_api.static.*)))
                0x000000000000ceac                _fuel_gauge_driver_api_list_end = .

gnss_driver_api_area
                0x000000000000ceac        0x0
                0x000000000000ceac                _gnss_driver_api_list_start = .
 *(SORT_BY_NAME(SORT_BY_ALIGNMENT(._gnss_driver_api.static.*)))
                0x000000000000ceac                _gnss_driver_api_list_end = .

haptics_driver_api_area
                0x000000000000ceac        0x0
                0x000000000000ceac                _haptics_driver_api_list_start = .
 *(SORT_BY_NAME(SORT_BY_ALIGNMENT(._haptics_driver_api.static.*)))
                0x000000000000ceac                _haptics_driver_api_list_end = .

hwspinlock_driver_api_area
                0x000000000000ceac        0x0
                0x000000000000ceac                _hwspinlock_driver_api_list_start = .
 *(SORT_BY_NAME(SORT_BY_ALIGNMENT(._hwspinlock_driver_api.static.*)))
                0x000000000000ceac                _hwspinlock_driver_api_list_end = .

i2c_driver_api_area
                0x000000000000ceac        0x0
                0x000000000000ceac                _i2c_driver_api_list_start = .
 *(SORT_BY_NAME(SORT_BY_ALIGNMENT(._i2c_driver_api.static.*)))
                0x000000000000ceac                _i2c_driver_api_list_end = .

i2c_target_driver_api_area
                0x000000000000ceac        0x0
                0x000000000000ceac                _i2c_target_driver_api_list_start = .
 *(SORT_BY_NAME(SORT_BY_ALIGNMENT(._i2c_target_driver_api.static.*)))
                0x000000000000ceac                _i2c_target_driver_api_list_end = .

i2s_driver_api_area
                0x000000000000ceac        0x0
                0x000000000000ceac                _i2s_driver_api_list_start = .
 *(SORT_BY_NAME(SORT_BY_ALIGNMENT(._i2s_driver_api.static.*)))
                0x000000000000ceac                _i2s_driver_api_list_end = .

i3c_driver_api_area
                0x000000000000ceac        0x0
                0x000000000000ceac                _i3c_driver_api_list_start = .
 *(SORT_BY_NAME(SORT_BY_ALIGNMENT(._i3c_driver_api.static.*)))
                0x000000000000ceac                _i3c_driver_api_list_end = .

ipm_driver_api_area
                0x000000000000ceac        0x0
                0x000000000000ceac                _ipm_driver_api_list_start = .
 *(SORT_BY_NAME(SORT_BY_ALIGNMENT(._ipm_driver_api.static.*)))
                0x000000000000ceac                _ipm_driver_api_list_end = .

kscan_driver_api_area
                0x000000000000ceac        0x0
                0x000000000000ceac                _kscan_driver_api_list_start = .
 *(SORT_BY_NAME(SORT_BY_ALIGNMENT(._kscan_driver_api.static.*)))
                0x000000000000ceac                _kscan_driver_api_list_end = .

led_driver_api_area
                0x000000000000ceac        0x0
                0x000000000000ceac                _led_driver_api_list_start = .
 *(SORT_BY_NAME(SORT_BY_ALIGNMENT(._led_driver_api.static.*)))
                0x000000000000ceac                _led_driver_api_list_end = .

led_strip_driver_api_area
                0x000000000000ceac        0x0
                0x000000000000ceac                _led_strip_driver_api_list_start = .
 *(SORT_BY_NAME(SORT_BY_ALIGNMENT(._led_strip_driver_api.static.*)))
                0x000000000000ceac                _led_strip_driver_api_list_end = .

lora_driver_api_area
                0x000000000000ceac        0x0
                0x000000000000ceac                _lora_driver_api_list_start = .
 *(SORT_BY_NAME(SORT_BY_ALIGNMENT(._lora_driver_api.static.*)))
                0x000000000000ceac                _lora_driver_api_list_end = .

mbox_driver_api_area
                0x000000000000ceac        0x0
                0x000000000000ceac                _mbox_driver_api_list_start = .
 *(SORT_BY_NAME(SORT_BY_ALIGNMENT(._mbox_driver_api.static.*)))
                0x000000000000ceac                _mbox_driver_api_list_end = .

mdio_driver_api_area
                0x000000000000ceac        0x0
                0x000000000000ceac                _mdio_driver_api_list_start = .
 *(SORT_BY_NAME(SORT_BY_ALIGNMENT(._mdio_driver_api.static.*)))
                0x000000000000ceac                _mdio_driver_api_list_end = .

mipi_dbi_driver_api_area
                0x000000000000ceac        0x0
                0x000000000000ceac                _mipi_dbi_driver_api_list_start = .
 *(SORT_BY_NAME(SORT_BY_ALIGNMENT(._mipi_dbi_driver_api.static.*)))
                0x000000000000ceac                _mipi_dbi_driver_api_list_end = .

mipi_dsi_driver_api_area
                0x000000000000ceac        0x0
                0x000000000000ceac                _mipi_dsi_driver_api_list_start = .
 *(SORT_BY_NAME(SORT_BY_ALIGNMENT(._mipi_dsi_driver_api.static.*)))
                0x000000000000ceac                _mipi_dsi_driver_api_list_end = .

mspi_driver_api_area
                0x000000000000ceac        0x0
                0x000000000000ceac                _mspi_driver_api_list_start = .
 *(SORT_BY_NAME(SORT_BY_ALIGNMENT(._mspi_driver_api.static.*)))
                0x000000000000ceac                _mspi_driver_api_list_end = .

peci_driver_api_area
                0x000000000000ceac        0x0
                0x000000000000ceac                _peci_driver_api_list_start = .
 *(SORT_BY_NAME(SORT_BY_ALIGNMENT(._peci_driver_api.static.*)))
                0x000000000000ceac                _peci_driver_api_list_end = .

ps2_driver_api_area
                0x000000000000ceac        0x0
                0x000000000000ceac                _ps2_driver_api_list_start = .
 *(SORT_BY_NAME(SORT_BY_ALIGNMENT(._ps2_driver_api.static.*)))
                0x000000000000ceac                _ps2_driver_api_list_end = .

ptp_clock_driver_api_area
                0x000000000000ceac        0x0
                0x000000000000ceac                _ptp_clock_driver_api_list_start = .
 *(SORT_BY_NAME(SORT_BY_ALIGNMENT(._ptp_clock_driver_api.static.*)))
                0x000000000000ceac                _ptp_clock_driver_api_list_end = .

pwm_driver_api_area
                0x000000000000ceac        0x0
                0x000000000000ceac                _pwm_driver_api_list_start = .
 *(SORT_BY_NAME(SORT_BY_ALIGNMENT(._pwm_driver_api.static.*)))
                0x000000000000ceac                _pwm_driver_api_list_end = .

regulator_parent_driver_api_area
                0x000000000000ceac        0x0
                0x000000000000ceac                _regulator_parent_driver_api_list_start = .
 *(SORT_BY_NAME(SORT_BY_ALIGNMENT(._regulator_parent_driver_api.static.*)))
                0x000000000000ceac                _regulator_parent_driver_api_list_end = .

regulator_driver_api_area
                0x000000000000ceac        0x0
                0x000000000000ceac                _regulator_driver_api_list_start = .
 *(SORT_BY_NAME(SORT_BY_ALIGNMENT(._regulator_driver_api.static.*)))
                0x000000000000ceac                _regulator_driver_api_list_end = .

reset_driver_api_area
                0x000000000000ceac        0x0
                0x000000000000ceac                _reset_driver_api_list_start = .
 *(SORT_BY_NAME(SORT_BY_ALIGNMENT(._reset_driver_api.static.*)))
                0x000000000000ceac                _reset_driver_api_list_end = .

retained_mem_driver_api_area
                0x000000000000ceac        0x0
                0x000000000000ceac                _retained_mem_driver_api_list_start = .
 *(SORT_BY_NAME(SORT_BY_ALIGNMENT(._retained_mem_driver_api.static.*)))
                0x000000000000ceac                _retained_mem_driver_api_list_end = .

rtc_driver_api_area
                0x000000000000ceac        0x0
                0x000000000000ceac                _rtc_driver_api_list_start = .
 *(SORT_BY_NAME(SORT_BY_ALIGNMENT(._rtc_driver_api.static.*)))
                0x000000000000ceac                _rtc_driver_api_list_end = .

sdhc_driver_api_area
                0x000000000000ceac        0x0
                0x000000000000ceac                _sdhc_driver_api_list_start = .
 *(SORT_BY_NAME(SORT_BY_ALIGNMENT(._sdhc_driver_api.static.*)))
                0x000000000000ceac                _sdhc_driver_api_list_end = .

sensor_driver_api_area
                0x000000000000ceac        0x0
                0x000000000000ceac                _sensor_driver_api_list_start = .
 *(SORT_BY_NAME(SORT_BY_ALIGNMENT(._sensor_driver_api.static.*)))
                0x000000000000ceac                _sensor_driver_api_list_end = .

smbus_driver_api_area
                0x000000000000ceac        0x0
                0x000000000000ceac                _smbus_driver_api_list_start = .
 *(SORT_BY_NAME(SORT_BY_ALIGNMENT(._smbus_driver_api.static.*)))
                0x000000000000ceac                _smbus_driver_api_list_end = .

spi_driver_api_area
                0x000000000000ceac        0x0
                0x000000000000ceac                _spi_driver_api_list_start = .
 *(SORT_BY_NAME(SORT_BY_ALIGNMENT(._spi_driver_api.static.*)))
                0x000000000000ceac                _spi_driver_api_list_end = .

stepper_driver_api_area
                0x000000000000ceac        0x0
                0x000000000000ceac                _stepper_driver_api_list_start = .
 *(SORT_BY_NAME(SORT_BY_ALIGNMENT(._stepper_driver_api.static.*)))
                0x000000000000ceac                _stepper_driver_api_list_end = .

syscon_driver_api_area
                0x000000000000ceac        0x0
                0x000000000000ceac                _syscon_driver_api_list_start = .
 *(SORT_BY_NAME(SORT_BY_ALIGNMENT(._syscon_driver_api.static.*)))
                0x000000000000ceac                _syscon_driver_api_list_end = .

tee_driver_api_area
                0x000000000000ceac        0x0
                0x000000000000ceac                _tee_driver_api_list_start = .
 *(SORT_BY_NAME(SORT_BY_ALIGNMENT(._tee_driver_api.static.*)))
                0x000000000000ceac                _tee_driver_api_list_end = .

video_driver_api_area
                0x000000000000ceac        0x0
                0x000000000000ceac                _video_driver_api_list_start = .
 *(SORT_BY_NAME(SORT_BY_ALIGNMENT(._video_driver_api.static.*)))
                0x000000000000ceac                _video_driver_api_list_end = .

w1_driver_api_area
                0x000000000000ceac        0x0
                0x000000000000ceac                _w1_driver_api_list_start = .
 *(SORT_BY_NAME(SORT_BY_ALIGNMENT(._w1_driver_api.static.*)))
                0x000000000000ceac                _w1_driver_api_list_end = .

wdt_driver_api_area
                0x000000000000ceac        0x0
                0x000000000000ceac                _wdt_driver_api_list_start = .
 *(SORT_BY_NAME(SORT_BY_ALIGNMENT(._wdt_driver_api.static.*)))
                0x000000000000ceac                _wdt_driver_api_list_end = .

can_transceiver_driver_api_area
                0x000000000000ceac        0x0
                0x000000000000ceac                _can_transceiver_driver_api_list_start = .
 *(SORT_BY_NAME(SORT_BY_ALIGNMENT(._can_transceiver_driver_api.static.*)))
                0x000000000000ceac                _can_transceiver_driver_api_list_end = .

nrf_clock_control_driver_api_area
                0x000000000000ceac        0x0
                0x000000000000ceac                _nrf_clock_control_driver_api_list_start = .
 *(SORT_BY_NAME(SORT_BY_ALIGNMENT(._nrf_clock_control_driver_api.static.*)))
                0x000000000000ceac                _nrf_clock_control_driver_api_list_end = .

i3c_target_driver_api_area
                0x000000000000ceac        0x0
                0x000000000000ceac                _i3c_target_driver_api_list_start = .
 *(SORT_BY_NAME(SORT_BY_ALIGNMENT(._i3c_target_driver_api.static.*)))
                0x000000000000ceac                _i3c_target_driver_api_list_end = .

its_driver_api_area
                0x000000000000ceac        0x0
                0x000000000000ceac                _its_driver_api_list_start = .
 *(SORT_BY_NAME(SORT_BY_ALIGNMENT(._its_driver_api.static.*)))
                0x000000000000ceac                _its_driver_api_list_end = .

vtd_driver_api_area
                0x000000000000ceac        0x0
                0x000000000000ceac                _vtd_driver_api_list_start = .
 *(SORT_BY_NAME(SORT_BY_ALIGNMENT(._vtd_driver_api.static.*)))
                0x000000000000ceac                _vtd_driver_api_list_end = .

tgpio_driver_api_area
                0x000000000000ceac        0x0
                0x000000000000ceac                _tgpio_driver_api_list_start = .
 *(SORT_BY_NAME(SORT_BY_ALIGNMENT(._tgpio_driver_api.static.*)))
                0x000000000000ceac                _tgpio_driver_api_list_end = .

pcie_ctrl_driver_api_area
                0x000000000000ceac        0x0
                0x000000000000ceac                _pcie_ctrl_driver_api_list_start = .
 *(SORT_BY_NAME(SORT_BY_ALIGNMENT(._pcie_ctrl_driver_api.static.*)))
                0x000000000000ceac                _pcie_ctrl_driver_api_list_end = .

pcie_ep_driver_api_area
                0x000000000000ceac        0x0
                0x000000000000ceac                _pcie_ep_driver_api_list_start = .
 *(SORT_BY_NAME(SORT_BY_ALIGNMENT(._pcie_ep_driver_api.static.*)))
                0x000000000000ceac                _pcie_ep_driver_api_list_end = .

svc_driver_api_area
                0x000000000000ceac        0x0
                0x000000000000ceac                _svc_driver_api_list_start = .
 *(SORT_BY_NAME(SORT_BY_ALIGNMENT(._svc_driver_api.static.*)))
                0x000000000000ceac                _svc_driver_api_list_end = .

uart_driver_api_area
                0x000000000000ceac        0xc
                0x000000000000ceac                _uart_driver_api_list_start = .
 *(SORT_BY_NAME(SORT_BY_ALIGNMENT(._uart_driver_api.static.*)))
 ._uart_driver_api.static.uart_nrfx_uarte_driver_api_
                0x000000000000ceac        0xc zephyr/drivers/serial/libdrivers__serial.a(uart_nrfx_uarte.c.obj)
                0x000000000000ceb8                _uart_driver_api_list_end = .

bc12_emul_driver_api_area
                0x000000000000ceb8        0x0
                0x000000000000ceb8                _bc12_emul_driver_api_list_start = .
 *(SORT_BY_NAME(SORT_BY_ALIGNMENT(._bc12_emul_driver_api.static.*)))
                0x000000000000ceb8                _bc12_emul_driver_api_list_end = .

bc12_driver_api_area
                0x000000000000ceb8        0x0
                0x000000000000ceb8                _bc12_driver_api_list_start = .
 *(SORT_BY_NAME(SORT_BY_ALIGNMENT(._bc12_driver_api.static.*)))
                0x000000000000ceb8                _bc12_driver_api_list_end = .

usbc_ppc_driver_api_area
                0x000000000000ceb8        0x0
                0x000000000000ceb8                _usbc_ppc_driver_api_list_start = .
 *(SORT_BY_NAME(SORT_BY_ALIGNMENT(._usbc_ppc_driver_api.static.*)))
                0x000000000000ceb8                _usbc_ppc_driver_api_list_end = .

tcpc_driver_api_area
                0x000000000000ceb8        0x0
                0x000000000000ceb8                _tcpc_driver_api_list_start = .
 *(SORT_BY_NAME(SORT_BY_ALIGNMENT(._tcpc_driver_api.static.*)))
                0x000000000000ceb8                _tcpc_driver_api_list_end = .

usbc_vbus_driver_api_area
                0x000000000000ceb8        0x0
                0x000000000000ceb8                _usbc_vbus_driver_api_list_start = .
 *(SORT_BY_NAME(SORT_BY_ALIGNMENT(._usbc_vbus_driver_api.static.*)))
                0x000000000000ceb8                _usbc_vbus_driver_api_list_end = .

ivshmem_driver_api_area
                0x000000000000ceb8        0x0
                0x000000000000ceb8                _ivshmem_driver_api_list_start = .
 *(SORT_BY_NAME(SORT_BY_ALIGNMENT(._ivshmem_driver_api.static.*)))
                0x000000000000ceb8                _ivshmem_driver_api_list_end = .

ethphy_driver_api_area
                0x000000000000ceb8        0x0
                0x000000000000ceb8                _ethphy_driver_api_list_start = .
 *(SORT_BY_NAME(SORT_BY_ALIGNMENT(._ethphy_driver_api.static.*)))
                0x000000000000ceb8                _ethphy_driver_api_list_end = .

ztest           0x000000000000ceb8        0x0
                0x000000000000ceb8                _ztest_expected_result_entry_list_start = .
 *(SORT_BY_NAME(SORT_BY_ALIGNMENT(._ztest_expected_result_entry.static.*)))
                0x000000000000ceb8                _ztest_expected_result_entry_list_end = .
                0x000000000000ceb8                _ztest_suite_node_list_start = .
 *(SORT_BY_NAME(SORT_BY_ALIGNMENT(._ztest_suite_node.static.*)))
                0x000000000000ceb8                _ztest_suite_node_list_end = .
                0x000000000000ceb8                _ztest_unit_test_list_start = .
 *(SORT_BY_NAME(SORT_BY_ALIGNMENT(._ztest_unit_test.static.*)))
                0x000000000000ceb8                _ztest_unit_test_list_end = .
                0x000000000000ceb8                _ztest_test_rule_list_start = .
 *(SORT_BY_NAME(SORT_BY_ALIGNMENT(._ztest_test_rule.static.*)))
                0x000000000000ceb8                _ztest_test_rule_list_end = .

init_array      0x000000000000ceb8        0x0
 *(SORT_BY_NAME(SORT_BY_ALIGNMENT(.ctors*)))
 *(SORT_BY_NAME(SORT_BY_ALIGNMENT(.init_array*)))
                0x0000000000000001                ASSERT ((SIZEOF (init_array) == 0x0), GNU-style constructors required but STATIC_INIT_GNU not enabled)

bt_l2cap_fixed_chan_area
                0x000000000000ceb8        0x0
                0x000000000000ceb8                _bt_l2cap_fixed_chan_list_start = .
 *(SORT_BY_NAME(SORT_BY_ALIGNMENT(._bt_l2cap_fixed_chan.static.*)))
                0x000000000000ceb8                _bt_l2cap_fixed_chan_list_end = .

bt_gatt_service_static_area
                0x000000000000ceb8        0x0
                0x000000000000ceb8                _bt_gatt_service_static_list_start = .
 *(SORT_BY_NAME(SORT_BY_ALIGNMENT(._bt_gatt_service_static.static.*)))
                0x000000000000ceb8                _bt_gatt_service_static_list_end = .

log_strings_area
                0x000000000000ceb8        0x0
                0x000000000000ceb8                _log_strings_list_start = .
 *(SORT_BY_NAME(SORT_BY_ALIGNMENT(._log_strings.static.*)))
                0x000000000000ceb8                _log_strings_list_end = .

log_stmesp_ptr_area
                0x000000000000ceb8        0x0
                0x000000000000ceb8                _log_stmesp_ptr_list_start = .
 *(SORT_BY_NAME(SORT_BY_ALIGNMENT(._log_stmesp_ptr.static.*)))
                0x000000000000ceb8                _log_stmesp_ptr_list_end = .

log_stmesp_str_area
                0x000000000000ceb8        0x0
                0x000000000000ceb8                _log_stmesp_str_list_start = .
 *(SORT_BY_NAME(SORT_BY_ALIGNMENT(._log_stmesp_str.static.*)))
                0x000000000000ceb8                _log_stmesp_str_list_end = .

log_const_area  0x000000000000ceb8        0x0
                0x000000000000ceb8                _log_const_list_start = .
 *(SORT_BY_NAME(SORT_BY_ALIGNMENT(._log_const.static.*)))
                0x000000000000ceb8                _log_const_list_end = .

log_backend_area
                0x000000000000ceb8        0x0
                0x000000000000ceb8                _log_backend_list_start = .
 *(SORT_BY_NAME(SORT_BY_ALIGNMENT(._log_backend.static.*)))
                0x000000000000ceb8                _log_backend_list_end = .

log_link_area   0x000000000000ceb8        0x0
                0x000000000000ceb8                _log_link_list_start = .
 *(SORT_BY_NAME(SORT_BY_ALIGNMENT(._log_link.static.*)))
                0x000000000000ceb8                _log_link_list_end = .

tracing_backend_area
                0x000000000000ceb8        0x0
                0x000000000000ceb8                _tracing_backend_list_start = .
 *(SORT_BY_NAME(SORT_BY_ALIGNMENT(._tracing_backend.static.*)))
                0x000000000000ceb8                _tracing_backend_list_end = .

zephyr_dbg_info
 *(SORT_BY_ALIGNMENT(.dbg_thread_info))

intc_table_area
                0x000000000000ceb8        0x0
                0x000000000000ceb8                _intc_table_list_start = .
 *(SORT_BY_NAME(SORT_BY_ALIGNMENT(._intc_table.static.*)))
                0x000000000000ceb8                _intc_table_list_end = .

symbol_to_keep  0x000000000000ceb8        0x0
                0x000000000000ceb8                __symbol_to_keep_start = .
 *(SORT_BY_NAME(SORT_BY_ALIGNMENT(.symbol_to_keep*)))
                0x000000000000ceb8                __symbol_to_keep_end = .

shell_area      0x000000000000ceb8        0x0
                0x000000000000ceb8                _shell_list_start = .
 *(SORT_BY_NAME(SORT_BY_ALIGNMENT(._shell.static.*)))
                0x000000000000ceb8                _shell_list_end = .

shell_root_cmds_area
                0x000000000000ceb8        0x0
                0x000000000000ceb8                _shell_root_cmds_list_start = .
 *(SORT_BY_NAME(SORT_BY_ALIGNMENT(._shell_root_cmds.static.*)))
                0x000000000000ceb8                _shell_root_cmds_list_end = .

shell_subcmds_area
                0x000000000000ceb8        0x0
                0x000000000000ceb8                _shell_subcmds_list_start = .
 *(SORT_BY_NAME(SORT_BY_ALIGNMENT(._shell_subcmds.static.*)))
                0x000000000000ceb8                _shell_subcmds_list_end = .

shell_dynamic_subcmds_area
                0x000000000000ceb8        0x0
                0x000000000000ceb8                _shell_dynamic_subcmds_list_start = .
 *(SORT_BY_NAME(SORT_BY_ALIGNMENT(._shell_dynamic_subcmds.static.*)))
                0x000000000000ceb8                _shell_dynamic_subcmds_list_end = .

cfb_font_area   0x000000000000ceb8        0x0
                0x000000000000ceb8                _cfb_font_list_start = .
 *(SORT_BY_NAME(SORT_BY_ALIGNMENT(._cfb_font.static.*)))
                0x000000000000ceb8                _cfb_font_list_end = .

tdata           0x000000000000ceb8        0x0
 *(SORT_BY_ALIGNMENT(.tdata) SORT_BY_ALIGNMENT(.tdata.*) SORT_BY_ALIGNMENT(.gnu.linkonce.td.*))

tbss            0x000000000000ceb8        0x4
 *(SORT_BY_ALIGNMENT(.tbss) SORT_BY_ALIGNMENT(.tbss.*) SORT_BY_ALIGNMENT(.gnu.linkonce.tb.*) SORT_BY_ALIGNMENT(.tcommon))
 .tbss.z_tls_current
                0x000000000000ceb8        0x4 zephyr/libzephyr.a(thread_entry.c.obj)
                0x000000000000ceb8                z_tls_current
                0x000000000000ceb8                PROVIDE (__tdata_start = LOADADDR (tdata))
                0x0000000000000001                PROVIDE (__tdata_align = ALIGNOF (tdata))
                0x0000000000000000                PROVIDE (__tdata_size = (((SIZEOF (tdata) + __tdata_align) - 0x1) & ~ ((__tdata_align - 0x1))))
                [!provide]                        PROVIDE (__tdata_end = (__tdata_start + __tdata_size))
                0x0000000000000004                PROVIDE (__tbss_align = ALIGNOF (tbss))
                [!provide]                        PROVIDE (__tbss_start = ADDR (tbss))
                0x0000000000000004                PROVIDE (__tbss_size = (((SIZEOF (tbss) + __tbss_align) - 0x1) & ~ ((__tbss_align - 0x1))))
                [!provide]                        PROVIDE (__tbss_end = (__tbss_start + __tbss_size))
                [!provide]                        PROVIDE (__tls_start = __tdata_start)
                [!provide]                        PROVIDE (__tls_end = __tbss_end)
                [!provide]                        PROVIDE (__tls_size = (__tbss_end - __tdata_start))

rodata          0x000000000000cec0      0x1fc
 *(SORT_BY_ALIGNMENT(.rodata))
 *(SORT_BY_ALIGNMENT(.rodata.*))
 .rodata.delay_machine_code.1
                0x000000000000cec0        0x6 zephyr/soc/soc/nrf5340/libsoc__nordic.a(soc.c.obj)
 *fill*         0x000000000000cec6        0x2 
 .rodata.led    0x000000000000cec8        0x8 app/libapp.a(main.c.obj)
 .rodata.button
                0x000000000000ced0        0x8 app/libapp.a(main.c.obj)
 .rodata.mem_attr_region
                0x000000000000ced8        0x0 zephyr/libzephyr.a(mem_attr.c.obj)
 .rodata.static_regions
                0x000000000000ced8        0xc zephyr/arch/arch/arm/core/mpu/libarch__arm__core__mpu.a(arm_core_mpu.c.obj)
 .rodata.mpu_config
                0x000000000000cee4        0x8 zephyr/arch/arch/arm/core/mpu/libarch__arm__core__mpu.a(arm_mpu_regions.c.obj)
                0x000000000000cee4                mpu_config
 .rodata.mpu_regions
                0x000000000000ceec       0x20 zephyr/arch/arch/arm/core/mpu/libarch__arm__core__mpu.a(arm_mpu_regions.c.obj)
 .rodata.transitions.0
                0x000000000000cf0c        0xc zephyr/soc/soc/nrf5340/libsoc__nordic.a(nrf53_cpunet_mgmt.c.obj)
 .rodata.transitions.0
                0x000000000000cf18        0xc zephyr/drivers/clock_control/libdrivers__clock_control.a(clock_control_nrf.c.obj)
 .rodata.config
                0x000000000000cf24       0x20 zephyr/drivers/clock_control/libdrivers__clock_control.a(clock_control_nrf.c.obj)
 .rodata.gpio_nrfx_p1_cfg
                0x000000000000cf44       0x18 zephyr/drivers/gpio/libdrivers__gpio.a(gpio_nrfx.c.obj)
 .rodata.gpio_nrfx_p0_cfg
                0x000000000000cf5c       0x18 zephyr/drivers/gpio/libdrivers__gpio.a(gpio_nrfx.c.obj)
 .rodata.uarte_0z_config
                0x000000000000cf74       0x24 zephyr/drivers/serial/libdrivers__serial.a(uart_nrfx_uarte.c.obj)
 .rodata.__pinctrl_dev_config__device_dts_ord_112
                0x000000000000cf98        0xc zephyr/drivers/serial/libdrivers__serial.a(uart_nrfx_uarte.c.obj)
 .rodata.__pinctrl_states__device_dts_ord_112
                0x000000000000cfa4        0x8 zephyr/drivers/serial/libdrivers__serial.a(uart_nrfx_uarte.c.obj)
 .rodata.__pinctrl_state_pins_0__device_dts_ord_112
                0x000000000000cfac       0x10 zephyr/drivers/serial/libdrivers__serial.a(uart_nrfx_uarte.c.obj)
 .rodata.levels.0
                0x000000000000cfbc       0x18 zephyr/kernel/libkernel.a(init.c.obj)
 .rodata.CSWTCH.50
                0x000000000000cfd4        0x8 modules/hal_nordic/modules/hal_nordic/nrfx/libmodules__hal_nordic__nrfx.a(nrfx_clock.c.obj)
 .rodata.CSWTCH.49
                0x000000000000cfdc        0x8 modules/hal_nordic/modules/hal_nordic/nrfx/libmodules__hal_nordic__nrfx.a(nrfx_clock.c.obj)
 .rodata.boot_banner.str1.1
                0x000000000000cfe4       0x63 zephyr/libzephyr.a(banner.c.obj)
 .rodata.str1.1
                0x000000000000d047        0xf zephyr/arch/arch/arm/core/mpu/libarch__arm__core__mpu.a(arm_mpu_regions.c.obj)
 .rodata.CSWTCH.4
                0x000000000000d056        0x4 zephyr/soc/soc/nrf5340/libsoc__nordic.a(nrf53_cpunet_mgmt.c.obj)
 .rodata.str1.1
                0x000000000000d05a        0xb zephyr/drivers/clock_control/libdrivers__clock_control.a(clock_control_nrf.c.obj)
 .rodata.str1.1
                0x000000000000d065       0x18 zephyr/drivers/gpio/libdrivers__gpio.a(gpio_nrfx.c.obj)
 .rodata.drive_modes
                0x000000000000d07d        0x9 zephyr/drivers/pinctrl/libdrivers__pinctrl.a(pinctrl_nrf.c.obj)
 .rodata.str1.1