Archive member included to satisfy reference by file (symbol)

app/libapp.a(main.c.obj)      (--whole-archive)
zephyr/libzephyr.a(heap.c.obj)
                              (--whole-archive)
zephyr/libzephyr.a(cbprintf_packaged.c.obj)
                              (--whole-archive)
zephyr/libzephyr.a(printk.c.obj)
                              (--whole-archive)
zephyr/libzephyr.a(sem.c.obj)
                              (--whole-archive)
zephyr/libzephyr.a(thread_entry.c.obj)
                              (--whole-archive)
zephyr/libzephyr.a(cbprintf_complete.c.obj)
                              (--whole-archive)
zephyr/libzephyr.a(assert.c.obj)
                              (--whole-archive)
zephyr/libzephyr.a(dec.c.obj)
                              (--whole-archive)
zephyr/libzephyr.a(hex.c.obj)
                              (--whole-archive)
zephyr/libzephyr.a(rb.c.obj)  (--whole-archive)
zephyr/libzephyr.a(timeutil.c.obj)
                              (--whole-archive)
zephyr/libzephyr.a(bitarray.c.obj)
                              (--whole-archive)
zephyr/libzephyr.a(onoff.c.obj)
                              (--whole-archive)
zephyr/libzephyr.a(notify.c.obj)
                              (--whole-archive)
zephyr/libzephyr.a(last_section_id.c.obj)
                              (--whole-archive)
zephyr/libzephyr.a(configs.c.obj)
                              (--whole-archive)
zephyr/libzephyr.a(mem_attr.c.obj)
                              (--whole-archive)
zephyr/libzephyr.a(tracing_none.c.obj)
                              (--whole-archive)
zephyr/libzephyr.a(banner.c.obj)
                              (--whole-archive)
zephyr/libzephyr.a(flash_map_partition_manager.c.obj)
                              (--whole-archive)
zephyr/arch/common/libarch__common.a(sw_isr_common.c.obj)
                              (--whole-archive)
zephyr/arch/arch/arm/core/libarch__arm__core.a(fatal.c.obj)
                              (--whole-archive)
zephyr/arch/arch/arm/core/libarch__arm__core.a(nmi.c.obj)
                              (--whole-archive)
zephyr/arch/arch/arm/core/libarch__arm__core.a(nmi_on_reset.S.obj)
                              (--whole-archive)
zephyr/arch/arch/arm/core/libarch__arm__core.a(tls.c.obj)
                              (--whole-archive)
zephyr/arch/arch/arm/core/cortex_m/libarch__arm__core__cortex_m.a(exc_exit.c.obj)
                              (--whole-archive)
zephyr/arch/arch/arm/core/cortex_m/libarch__arm__core__cortex_m.a(fault.c.obj)
                              (--whole-archive)
zephyr/arch/arch/arm/core/cortex_m/libarch__arm__core__cortex_m.a(fault_s.S.obj)
                              (--whole-archive)
zephyr/arch/arch/arm/core/cortex_m/libarch__arm__core__cortex_m.a(fpu.c.obj)
                              (--whole-archive)
zephyr/arch/arch/arm/core/cortex_m/libarch__arm__core__cortex_m.a(reset.S.obj)
                              (--whole-archive)
zephyr/arch/arch/arm/core/cortex_m/libarch__arm__core__cortex_m.a(scb.c.obj)
                              (--whole-archive)
zephyr/arch/arch/arm/core/cortex_m/libarch__arm__core__cortex_m.a(thread_abort.c.obj)
                              (--whole-archive)
zephyr/arch/arch/arm/core/cortex_m/libarch__arm__core__cortex_m.a(vector_table.S.obj)
                              (--whole-archive)
zephyr/arch/arch/arm/core/cortex_m/libarch__arm__core__cortex_m.a(swap_helper.S.obj)
                              (--whole-archive)
zephyr/arch/arch/arm/core/cortex_m/libarch__arm__core__cortex_m.a(irq_manage.c.obj)
                              (--whole-archive)
zephyr/arch/arch/arm/core/cortex_m/libarch__arm__core__cortex_m.a(prep_c.c.obj)
                              (--whole-archive)
zephyr/arch/arch/arm/core/cortex_m/libarch__arm__core__cortex_m.a(thread.c.obj)
                              (--whole-archive)
zephyr/arch/arch/arm/core/cortex_m/libarch__arm__core__cortex_m.a(cpu_idle.c.obj)
                              (--whole-archive)
zephyr/arch/arch/arm/core/cortex_m/libarch__arm__core__cortex_m.a(irq_init.c.obj)
                              (--whole-archive)
zephyr/arch/arch/arm/core/cortex_m/libarch__arm__core__cortex_m.a(isr_wrapper.c.obj)
                              (--whole-archive)
zephyr/arch/arch/arm/core/cortex_m/libarch__arm__core__cortex_m.a(__aeabi_read_tp.S.obj)
                              (--whole-archive)
zephyr/arch/arch/arm/core/cortex_m/cmse/libarch__arm__core__cortex_m__cmse.a(arm_core_cmse.c.obj)
                              (--whole-archive)
zephyr/arch/arch/arm/core/mpu/libarch__arm__core__mpu.a(arm_core_mpu.c.obj)
                              (--whole-archive)
zephyr/arch/arch/arm/core/mpu/libarch__arm__core__mpu.a(arm_mpu.c.obj)
                              (--whole-archive)
zephyr/arch/arch/arm/core/mpu/libarch__arm__core__mpu.a(arm_mpu_regions.c.obj)
                              (--whole-archive)
zephyr/lib/libc/picolibc/liblib__libc__picolibc.a(assert.c.obj)
[...]
Memory Configuration

Name             Origin             Length             Attributes
FLASH            0x0000000000008000 0x00000000000f8000 xr
RAM              0x0000000020008000 0x0000000000068000 xw
IDT_LIST         0x00000000ffff7fff 0x0000000000008000 xw
*default*        0x0000000000000000 0xffffffffffffffff

Linker script and memory map

                0x000000000000ba4c                vfprintf = __l_vfprintf
                0x0000000000000000                vfscanf = __l_vfscanf
LOAD zephyr/CMakeFiles/zephyr_final.dir/misc/empty_file.c.obj
LOAD zephyr/CMakeFiles/zephyr_final.dir/isr_tables.c.obj
LOAD zephyr/CMakeFiles/offsets.dir/./arch/arm/core/offsets/offsets.c.obj
LOAD tfm/api_ns/interface/lib/s_veneers.o
LOAD app/libapp.a
LOAD zephyr/libzephyr.a
LOAD zephyr/arch/common/libarch__common.a
LOAD zephyr/arch/arch/arm/core/libarch__arm__core.a
LOAD zephyr/arch/arch/arm/core/cortex_m/libarch__arm__core__cortex_m.a
LOAD zephyr/arch/arch/arm/core/cortex_m/cmse/libarch__arm__core__cortex_m__cmse.a
LOAD zephyr/arch/arch/arm/core/mpu/libarch__arm__core__mpu.a
LOAD zephyr/lib/libc/picolibc/liblib__libc__picolibc.a
LOAD zephyr/lib/libc/common/liblib__libc__common.a
LOAD zephyr/soc/soc/nrf5340/libsoc__nordic.a
LOAD zephyr/drivers/clock_control/libdrivers__clock_control.a
LOAD zephyr/drivers/console/libdrivers__console.a
LOAD zephyr/drivers/gpio/libdrivers__gpio.a
LOAD zephyr/drivers/pinctrl/libdrivers__pinctrl.a
LOAD zephyr/drivers/serial/libdrivers__serial.a
LOAD zephyr/drivers/timer/libdrivers__timer.a
LOAD modules/nrf/subsys/nrf_security/src/zephyr/libmbedtls_zephyr.a
LOAD modules/nrf/modules/trusted-firmware-m/lib..__nrf__modules__trusted-firmware-m.a
LOAD modules/nrf/modules/trusted-firmware-m/libtfm_api_nrf.a
LOAD modules/trusted-firmware-m/libtfm_api.a
LOAD modules/hal_nordic/modules/hal_nordic/nrfx/libmodules__hal_nordic__nrfx.a
LOAD zephyr/kernel/libkernel.a
LOAD zephyr/arch/common/libisr_tables.a
LOAD modules/nrf/subsys/nrf_security/src/libmbedcrypto.a
LOAD modules/nrf/subsys/nrf_security/src/libmbedcrypto_base.a
LOAD modules/nrf/subsys/nrf_security/src/libnrf_security_utils.a
LOAD zephyr/kernel/libkernel.a
LOAD C:/ncs/v3.0.2/nrfxlib/crypto/nrf_oberon/lib/cortex-m33/soft-float/liboberon_mbedtls_3.0.16.a
LOAD C:/ncs/v3.0.2/nrfxlib/crypto/nrf_oberon/lib/cortex-m33/soft-float/liboberon_3.0.16.a
LOAD c:\ncs\toolchains\0b393f9e1b\opt\zephyr-sdk\arm-zephyr-eabi\bin\../lib/gcc/../../picolibc/arm-zephyr-eabi/lib/thumb/v8-m.main/nofp\libc.a
LOAD c:/ncs/toolchains/0b393f9e1b/opt/zephyr-sdk/arm-zephyr-eabi/bin/../lib/gcc/arm-zephyr-eabi/12.2.0/thumb/v8-m.main/nofp\libgcc.a
                0x0000000000000020                _region_min_align = 0x20

.rel.plt        0x0000000000008000        0x0
 *(SORT_BY_ALIGNMENT(.rel.plt))
                [!provide]                        PROVIDE (__rel_iplt_start = .)
 *(SORT_BY_ALIGNMENT(.rel.iplt))
 .rel.iplt      0x0000000000008000        0x0 zephyr/CMakeFiles/zephyr_final.dir/isr_tables.c.obj
                [!provide]                        PROVIDE (__rel_iplt_end = .)

.rela.plt       0x0000000000000000        0x0
 *(SORT_BY_ALIGNMENT(.rela.plt))
                [!provide]                        PROVIDE (__rela_iplt_start = .)
 *(SORT_BY_ALIGNMENT(.rela.iplt))
                [!provide]                        PROVIDE (__rela_iplt_end = .)

.rel.dyn
 *(SORT_BY_ALIGNMENT(.rel.*))

.rela.dyn
 *(SORT_BY_ALIGNMENT(.rela.*))

/DISCARD/
 *(SORT_BY_ALIGNMENT(.plt))

/DISCARD/
 *(SORT_BY_ALIGNMENT(.iplt))
                0x0000000000008000                __rom_region_start = 0x8000

rom_start       0x0000000000008000      0x154
                0x0000000000008000                __rom_start_address = .
 FILL mask 0x00
                0x0000000000008000                . = (. + (0x0 - (. - __rom_start_address)))
                0x0000000000008000                . = ALIGN (0x4)
                0x0000000000008000                . = ALIGN (0x80)
                0x0000000000008000                . = ALIGN (0x200)
                0x0000000000008000                _vector_start = .
 *(SORT_BY_ALIGNMENT(.exc_vector_table))
 *(SORT_BY_ALIGNMENT(.exc_vector_table.*))
 .exc_vector_table._vector_table_section
                0x0000000000008000       0x40 zephyr/arch/arch/arm/core/cortex_m/libarch__arm__core__cortex_m.a(vector_table.S.obj)
                0x0000000000008000                _vector_table
 *(SORT_BY_ALIGNMENT(.vectors))
                0x0000000000008154                _vector_end = .
                0x0000000000008040                . = ALIGN (0x4)
 *(SORT_BY_ALIGNMENT(.gnu.linkonce.irq_vector_table*))
 .gnu.linkonce.irq_vector_table
                0x0000000000008040      0x114 zephyr/CMakeFiles/zephyr_final.dir/isr_tables.c.obj
                0x0000000000008040                _irq_vector_table
                0x0000000000008154                _vector_end = .

text            0x0000000000008154     0x49fc
                0x0000000000008154                __text_region_start = .
 *(SORT_BY_ALIGNMENT(.text))
 *(SORT_BY_ALIGNMENT(.text.*))
 .text.main     0x0000000000008154       0x70 app/libapp.a(main.c.obj)
                0x0000000000008154                main
 .text.char_out
                0x00000000000081c4        0xc zephyr/libzephyr.a(printk.c.obj)
 .text.__printk_hook_install
                0x00000000000081d0        0xc zephyr/libzephyr.a(printk.c.obj)
                0x00000000000081d0                __printk_hook_install
 .text.vprintk  0x00000000000081dc       0x30 zephyr/libzephyr.a(printk.c.obj)
                0x00000000000081dc                vprintk
 .text.z_thread_entry
                0x000000000000820c       0x34 zephyr/libzephyr.a(thread_entry.c.obj)
                0x000000000000820c                z_thread_entry
 .text.process_event
                0x0000000000008240      0x21c zephyr/libzephyr.a(onoff.c.obj)
 .text.mem_attr_get_regions
                0x000000000000845c        0xc zephyr/libzephyr.a(mem_attr.c.obj)
                0x000000000000845c                mem_attr_get_regions
 .text.boot_banner
                0x0000000000008468       0x1c zephyr/libzephyr.a(banner.c.obj)
                0x0000000000008468                boot_banner
 .text.z_SysNmiOnReset
                0x0000000000008484        0x8 zephyr/arch/arch/arm/core/libarch__arm__core.a(nmi_on_reset.S.obj)
                0x0000000000008484                z_SysNmiOnReset
 .text.arch_tls_stack_setup
                0x000000000000848c       0x40 zephyr/arch/arch/arm/core/libarch__arm__core.a(tls.c.obj)
                0x000000000000848c                arch_tls_stack_setup
 .text._HandlerModeExit
                0x00000000000084cc       0x28 zephyr/arch/arch/arm/core/cortex_m/libarch__arm__core__cortex_m.a(exc_exit.c.obj)
                0x00000000000084cc                z_arm_int_exit
                0x00000000000084cc                z_arm_exc_exit
 .text.usage_fault.constprop.0
                0x00000000000084f4       0x5c zephyr/arch/arch/arm/core/cortex_m/libarch__arm__core__cortex_m.a(fault.c.obj)
 .text.bus_fault.constprop.0
                0x0000000000008550       0x6c zephyr/arch/arch/arm/core/cortex_m/libarch__arm__core__cortex_m.a(fault.c.obj)
 .text.mem_manage_fault.constprop.0
                0x00000000000085bc       0x78 zephyr/arch/arch/arm/core/cortex_m/libarch__arm__core__cortex_m.a(fault.c.obj)
 .text.z_arm_fault
                0x0000000000008634      0x130 zephyr/arch/arch/arm/core/cortex_m/libarch__arm__core__cortex_m.a(fault.c.obj)
                0x0000000000008634                z_arm_fault
 .text.z_arm_fault_init
                0x0000000000008764       0x20 zephyr/arch/arch/arm/core/cortex_m/libarch__arm__core__cortex_m.a(fault.c.obj)
                0x0000000000008764                z_arm_fault_init
 .text.__fault  0x0000000000008784       0x14 zephyr/arch/arch/arm/core/cortex_m/libarch__arm__core__cortex_m.a(fault_s.S.obj)
                0x0000000000008784                z_arm_usage_fault
                0x0000000000008784                z_arm_mpu_fault
                0x0000000000008784                z_arm_exc_spurious
                0x0000000000008784                z_arm_debug_monitor
                0x0000000000008784                z_arm_hard_fault
                0x0000000000008784                z_arm_bus_fault
 .text._reset_section
                0x0000000000008798       0x60 zephyr/arch/arch/arm/core/cortex_m/libarch__arm__core__cortex_m.a(reset.S.obj)
                0x0000000000008798                __start
                0x0000000000008798                z_arm_reset
 .text.z_arm_clear_arm_mpu_config
                0x00000000000087f8       0x24 zephyr/arch/arch/arm/core/cortex_m/libarch__arm__core__cortex_m.a(scb.c.obj)
                0x00000000000087f8                z_arm_clear_arm_mpu_config
 .text.z_arm_init_arch_hw_at_boot
                0x000000000000881c       0x4c zephyr/arch/arch/arm/core/cortex_m/libarch__arm__core__cortex_m.a(scb.c.obj)
                0x000000000000881c                z_arm_init_arch_hw_at_boot
 .text.z_impl_k_thread_abort
                0x0000000000008868       0x2c zephyr/arch/arch/arm/core/cortex_m/libarch__arm__core__cortex_m.a(thread_abort.c.obj)
                0x0000000000008868                z_impl_k_thread_abort
 .text.z_arm_pendsv
                0x0000000000008894       0x70 zephyr/arch/arch/arm/core/cortex_m/libarch__arm__core__cortex_m.a(swap_helper.S.obj)
                0x0000000000008894                z_arm_pendsv
 .text.z_arm_svc
                0x0000000000008904       0x24 zephyr/arch/arch/arm/core/cortex_m/libarch__arm__core__cortex_m.a(swap_helper.S.obj)
                0x0000000000008904                z_arm_svc
 .text.arch_irq_enable
                0x0000000000008928       0x1c zephyr/arch/arch/arm/core/cortex_m/libarch__arm__core__cortex_m.a(irq_manage.c.obj)
                0x0000000000008928                arch_irq_enable
 .text.arch_irq_is_enabled
                0x0000000000008944       0x1c zephyr/arch/arch/arm/core/cortex_m/libarch__arm__core__cortex_m.a(irq_manage.c.obj)
                0x0000000000008944                arch_irq_is_enabled
 .text.z_arm_irq_priority_set
                0x0000000000008960       0x2c zephyr/arch/arch/arm/core/cortex_m/libarch__arm__core__cortex_m.a(irq_manage.c.obj)
                0x0000000000008960                z_arm_irq_priority_set
 .text.z_prep_c
                0x000000000000898c       0x38 zephyr/arch/arch/arm/core/cortex_m/libarch__arm__core__cortex_m.a(prep_c.c.obj)
                0x000000000000898c                z_prep_c
 .text.arch_new_thread
                0x00000000000089c4       0x3c zephyr/arch/arch/arm/core/cortex_m/libarch__arm__core__cortex_m.a(thread.c.obj)
                0x00000000000089c4                arch_new_thread
 .text.arch_switch_to_main_thread
                0x0000000000008a00       0x40 zephyr/arch/arch/arm/core/cortex_m/libarch__arm__core__cortex_m.a(thread.c.obj)
                0x0000000000008a00                arch_switch_to_main_thread
 .text.z_arm_cpu_idle_init
                0x0000000000008a40        0xc zephyr/arch/arch/arm/core/cortex_m/libarch__arm__core__cortex_m.a(cpu_idle.c.obj)
                0x0000000000008a40                z_arm_cpu_idle_init
 .text.z_arm_interrupt_init
                0x0000000000008a4c       0x18 zephyr/arch/arch/arm/core/cortex_m/libarch__arm__core__cortex_m.a(irq_init.c.obj)
                0x0000000000008a4c                z_arm_interrupt_init
 .text._isr_wrapper
                0x0000000000008a64       0x24 zephyr/arch/arch/arm/core/cortex_m/libarch__arm__core__cortex_m.a(isr_wrapper.c.obj)
                0x0000000000008a64                _isr_wrapper
 .text.z_arm_configure_static_mpu_regions
                0x0000000000008a88       0x38 zephyr/arch/arch/arm/core/mpu/libarch__arm__core__mpu.a(arm_core_mpu.c.obj)
                0x0000000000008a88                z_arm_configure_static_mpu_regions
 .text.region_init
                0x0000000000008ac0       0x34 zephyr/arch/arch/arm/core/mpu/libarch__arm__core__mpu.a(arm_mpu.c.obj)
 .text.region_allocate_and_init
                0x0000000000008af4       0x24 zephyr/arch/arch/arm/core/mpu/libarch__arm__core__mpu.a(arm_mpu.c.obj)
 .text.mpu_configure_regions_and_partition.constprop.0
                0x0000000000008b18      0x148 zephyr/arch/arch/arm/core/mpu/libarch__arm__core__mpu.a(arm_mpu.c.obj)
 .text.arm_core_mpu_enable
                0x0000000000008c60       0x18 zephyr/arch/arch/arm/core/mpu/libarch__arm__core__mpu.a(arm_mpu.c.obj)
                0x0000000000008c60                arm_core_mpu_enable
 .text.arm_core_mpu_disable
                0x0000000000008c78       0x14 zephyr/arch/arch/arm/core/mpu/libarch__arm__core__mpu.a(arm_mpu.c.obj)
                0x0000000000008c78                arm_core_mpu_disable
 .text.arm_core_mpu_configure_static_mpu_regions
                0x0000000000008c8c       0x14 zephyr/arch/arch/arm/core/mpu/libarch__arm__core__mpu.a(arm_mpu.c.obj)
                0x0000000000008c8c                arm_core_mpu_configure_static_mpu_regions
 .text.arm_core_mpu_mark_areas_for_dynamic_regions
                0x0000000000008ca0       0xb8 zephyr/arch/arch/arm/core/mpu/libarch__arm__core__mpu.a(arm_mpu.c.obj)
                0x0000000000008ca0                arm_core_mpu_mark_areas_for_dynamic_regions
 .text.z_arm_mpu_init
                0x0000000000008d58      0x11c zephyr/arch/arch/arm/core/mpu/libarch__arm__core__mpu.a(arm_mpu.c.obj)
                0x0000000000008d58                z_arm_mpu_init
 .text.z_impl_zephyr_fputc
                0x0000000000008e74       0x10 zephyr/lib/libc/picolibc/liblib__libc__picolibc.a(stdio.c.obj)
                0x0000000000008e74                z_impl_zephyr_fputc
 .text.__stdout_hook_install
                0x0000000000008e84       0x18 zephyr/lib/libc/picolibc/liblib__libc__picolibc.a(stdio.c.obj)
                0x0000000000008e84                __stdout_hook_install
 .text.malloc_prepare
                0x0000000000008e9c       0x24 zephyr/lib/libc/common/liblib__libc__common.a(malloc.c.obj)
 .text.rtc_pretick_init
                0x0000000000008ec0       0x60 zephyr/soc/soc/nrf5340/libsoc__nordic.a(soc.c.obj)
 .text.z_arm_on_enter_cpu_idle
                0x0000000000008f20       0x68 zephyr/soc/soc/nrf5340/libsoc__nordic.a(soc.c.obj)
                0x0000000000008f20                z_arm_on_enter_cpu_idle
 .text.arch_busy_wait
                0x0000000000008f88       0x24 zephyr/soc/soc/nrf5340/libsoc__nordic.a(soc.c.obj)
                0x0000000000008f88                arch_busy_wait
 .text.onoff_stop
                0x0000000000008fac       0x14 zephyr/soc/soc/nrf5340/libsoc__nordic.a(nrf53_cpunet_mgmt.c.obj)
 .text.nrf53_cpunet_mgmt_init
                0x0000000000008fc0       0x10 zephyr/soc/soc/nrf5340/libsoc__nordic.a(nrf53_cpunet_mgmt.c.obj)
 .text.onoff_start
                0x0000000000008fd0       0x70 zephyr/soc/soc/nrf5340/libsoc__nordic.a(nrf53_cpunet_mgmt.c.obj)
 .text.onoff_stop
                0x0000000000009040       0x30 zephyr/drivers/clock_control/libdrivers__clock_control.a(clock_control_nrf.c.obj)
 .text.onoff_start
                0x0000000000009070       0x44 zephyr/drivers/clock_control/libdrivers__clock_control.a(clock_control_nrf.c.obj)
 .text.generic_hfclk_stop
                0x00000000000090b4       0x34 zephyr/drivers/clock_control/libdrivers__clock_control.a(clock_control_nrf.c.obj)
 .text.clk_init
                0x00000000000090e8       0x64 zephyr/drivers/clock_control/libdrivers__clock_control.a(clock_control_nrf.c.obj)
 .text.api_blocking_start
                0x000000000000914c       0x34 zephyr/drivers/clock_control/libdrivers__clock_control.a(clock_control_nrf.c.obj)
 .text.clkstarted_handle.constprop.0
                0x0000000000009180       0x4c zephyr/drivers/clock_control/libdrivers__clock_control.a(clock_control_nrf.c.obj)
 .text.generic_hfclk_start
                0x00000000000091cc       0x7c zephyr/drivers/clock_control/libdrivers__clock_control.a(clock_control_nrf.c.obj)
 .text.clock_event_handler
                0x0000000000009248       0x34 zephyr/drivers/clock_control/libdrivers__clock_control.a(clock_control_nrf.c.obj)
 .text.z_nrf_clock_control_lf_on
                0x000000000000927c       0xf4 zephyr/drivers/clock_control/libdrivers__clock_control.a(clock_control_nrf.c.obj)
                0x000000000000927c                z_nrf_clock_control_lf_on
 .text.uart_console_init
                0x0000000000009370       0x28 zephyr/drivers/console/libdrivers__console.a(uart_console.c.obj)
 .text.console_out
                0x0000000000009398       0x28 zephyr/drivers/console/libdrivers__console.a(uart_console.c.obj)
 .text.gpio_nrfx_pin_interrupt_configure
                0x00000000000093c0      0x100 zephyr/drivers/gpio/libdrivers__gpio.a(gpio_nrfx.c.obj)
 .text.gpio_nrfx_init
                0x00000000000094c0       0x48 zephyr/drivers/gpio/libdrivers__gpio.a(gpio_nrfx.c.obj)
 .text.nrfx_gpio_handler
                0x0000000000009508       0x4c zephyr/drivers/gpio/libdrivers__gpio.a(gpio_nrfx.c.obj)
 .text.gpio_nrfx_pin_configure
                0x0000000000009554      0x188 zephyr/drivers/gpio/libdrivers__gpio.a(gpio_nrfx.c.obj)
 .text.nrf_gpio_pin_port_decode
                0x00000000000096dc       0x24 zephyr/drivers/pinctrl/libdrivers__pinctrl.a(pinctrl_nrf.c.obj)
 .text.pinctrl_configure_pins
                0x0000000000009700      0x1a0 zephyr/drivers/pinctrl/libdrivers__pinctrl.a(pinctrl_nrf.c.obj)
                0x0000000000009700                pinctrl_configure_pins
 .text.uarte_nrfx_poll_out
                0x00000000000098a0       0xb4 zephyr/drivers/serial/libdrivers__serial.a(uart_nrfx_uarte.c.obj)
 .text.uarte_0_init
                0x0000000000009954      0x10c zephyr/drivers/serial/libdrivers__serial.a(uart_nrfx_uarte.c.obj)
 .text.compare_int_lock
                0x0000000000009a60       0x40 zephyr/drivers/timer/libdrivers__timer.a(nrf_rtc_timer.c.obj)
 .text.sys_clock_timeout_handler
                0x0000000000009aa0       0x48 zephyr/drivers/timer/libdrivers__timer.a(nrf_rtc_timer.c.obj)
 .text.compare_int_unlock
                0x0000000000009ae8       0x4c zephyr/drivers/timer/libdrivers__timer.a(nrf_rtc_timer.c.obj)
 .text.z_nrf_rtc_timer_read
                0x0000000000009b34       0x44 zephyr/drivers/timer/libdrivers__timer.a(nrf_rtc_timer.c.obj)
                0x0000000000009b34                z_nrf_rtc_timer_read
 .text.compare_set
                0x0000000000009b78      0x124 zephyr/drivers/timer/libdrivers__timer.a(nrf_rtc_timer.c.obj)
 .text.sys_clock_driver_init
                0x0000000000009c9c       0x90 zephyr/drivers/timer/libdrivers__timer.a(nrf_rtc_timer.c.obj)
 .text.rtc_nrf_isr
                0x0000000000009d2c       0xd0 zephyr/drivers/timer/libdrivers__timer.a(nrf_rtc_timer.c.obj)
                0x0000000000009d2c                rtc_nrf_isr
 .text.sys_clock_set_timeout
                0x0000000000009dfc       0x5c zephyr/drivers/timer/libdrivers__timer.a(nrf_rtc_timer.c.obj)
                0x0000000000009dfc                sys_clock_set_timeout
 .text.sys_clock_elapsed
                0x0000000000009e58       0x14 zephyr/drivers/timer/libdrivers__timer.a(nrf_rtc_timer.c.obj)
                0x0000000000009e58                sys_clock_elapsed
 .text.ns_fault_init
                0x0000000000009e6c       0x10 modules/nrf/modules/trusted-firmware-m/lib..__nrf__modules__trusted-firmware-m.a(fault.c.obj)
 .text.arm_fault
                0x0000000000009e7c       0xbc modules/nrf/modules/trusted-firmware-m/lib..__nrf__modules__trusted-firmware-m.a(fault.c.obj)
                0x0000000000009e7c                arm_fault
 .text.tfm_ns_fault_handler_callback
                0x0000000000009f38       0x48 modules/nrf/modules/trusted-firmware-m/lib..__nrf__modules__trusted-firmware-m.a(fault.c.obj)
                0x0000000000009f38                tfm_ns_fault_handler_callback
 .text.tfm_ns_interface_dispatch
                0x0000000000009f80       0x64 modules/trusted-firmware-m/libtfm_api.a(interface.c.obj)
                0x0000000000009f80                tfm_ns_interface_dispatch
 .text.tfm_platform_ioctl
                0x0000000000009fe4       0x4c modules/trusted-firmware-m/libtfm_api.a(tfm_platform_api.c.obj)
                0x0000000000009fe4                tfm_platform_ioctl
 .text.psa_call
                0x000000000000a030       0x34 modules/trusted-firmware-m/libtfm_api.a(tfm_tz_psa_ns_api.c.obj)
                0x000000000000a030                psa_call
 .text.nrfx_flag32_alloc
                0x000000000000a064       0x40 modules/hal_nordic/modules/hal_nordic/nrfx/libmodules__hal_nordic__nrfx.a(nrfx_flag32_allocator.c.obj)
                0x000000000000a064                nrfx_flag32_alloc
 .text.nrfx_flag32_free
                0x000000000000a0a4       0x38 modules/hal_nordic/modules/hal_nordic/nrfx/libmodules__hal_nordic__nrfx.a(nrfx_flag32_allocator.c.obj)
                0x000000000000a0a4                nrfx_flag32_free
 .text.nrfx_gppi_channels_enable
                0x000000000000a0dc        0xc modules/hal_nordic/modules/hal_nordic/nrfx/libmodules__hal_nordic__nrfx.a(nrfx_gppi_dppi.c.obj)
                0x000000000000a0dc                nrfx_gppi_channels_enable
 .text.nrfx_gppi_channel_alloc
                0x000000000000a0e8        0xc modules/hal_nordic/modules/hal_nordic/nrfx/libmodules__hal_nordic__nrfx.a(nrfx_gppi_dppi.c.obj)
                0x000000000000a0e8                nrfx_gppi_channel_alloc
 .text.clock_stop
                0x000000000000a0f4       0xfc modules/hal_nordic/modules/hal_nordic/nrfx/libmodules__hal_nordic__nrfx.a(nrfx_clock.c.obj)
 .text.nrfx_clock_init
                0x000000000000a1f0       0x20 modules/hal_nordic/modules/hal_nordic/nrfx/libmodules__hal_nordic__nrfx.a(nrfx_clock.c.obj)
                0x000000000000a1f0                nrfx_clock_init
 .text.nrfx_clock_enable
                0x000000000000a210       0x30 modules/hal_nordic/modules/hal_nordic/nrfx/libmodules__hal_nordic__nrfx.a(nrfx_clock.c.obj)
                0x000000000000a210                nrfx_clock_enable
 .text.nrfx_clock_start
                0x000000000000a240       0xd8 modules/hal_nordic/modules/hal_nordic/nrfx/libmodules__hal_nordic__nrfx.a(nrfx_clock.c.obj)
                0x000000000000a240                nrfx_clock_start
 .text.nrfx_power_clock_irq_handler
                0x000000000000a318       0x74 modules/hal_nordic/modules/hal_nordic/nrfx/libmodules__hal_nordic__nrfx.a(nrfx_clock.c.obj)
                0x000000000000a318                nrfx_power_clock_irq_handler
 .text.nrfx_dppi_channel_alloc
                0x000000000000a38c       0x10 modules/hal_nordic/modules/hal_nordic/nrfx/libmodules__hal_nordic__nrfx.a(nrfx_dppi.c.obj)
                0x000000000000a38c                nrfx_dppi_channel_alloc
 .text.nrf_gpio_pin_port_decode
                0x000000000000a39c       0x24 modules/hal_nordic/modules/hal_nordic/nrfx/libmodules__hal_nordic__nrfx.a(nrfx_gpiote.c.obj)
 .text.get_pin_idx
                0x000000000000a3c0       0x14 modules/hal_nordic/modules/hal_nordic/nrfx/libmodules__hal_nordic__nrfx.a(nrfx_gpiote.c.obj)
 .text.call_handler.constprop.0
                0x000000000000a3d4       0x40 modules/hal_nordic/modules/hal_nordic/nrfx/libmodules__hal_nordic__nrfx.a(nrfx_gpiote.c.obj)
 .text.pin_te_get.constprop.0
                0x000000000000a414       0x18 modules/hal_nordic/modules/hal_nordic/nrfx/libmodules__hal_nordic__nrfx.a(nrfx_gpiote.c.obj)
 .text.pin_is_output.constprop.0
                0x000000000000a42c       0x18 modules/hal_nordic/modules/hal_nordic/nrfx/libmodules__hal_nordic__nrfx.a(nrfx_gpiote.c.obj)
 .text.pin_in_use_by_te.constprop.0
                0x000000000000a444       0x18 modules/hal_nordic/modules/hal_nordic/nrfx/libmodules__hal_nordic__nrfx.a(nrfx_gpiote.c.obj)
 .text.latch_pending_read_and_check
                0x000000000000a45c       0x3c modules/hal_nordic/modules/hal_nordic/nrfx/libmodules__hal_nordic__nrfx.a(nrfx_gpiote.c.obj)
 .text.release_handler.isra.0
                0x000000000000a498       0x58 modules/hal_nordic/modules/hal_nordic/nrfx/libmodules__hal_nordic__nrfx.a(nrfx_gpiote.c.obj)
 .text.__nrfy_internal_gpiote_events_process.constprop.0
                0x000000000000a4f0       0x5c modules/hal_nordic/modules/hal_nordic/nrfx/libmodules__hal_nordic__nrfx.a(nrfx_gpiote.c.obj)
 .text.pin_uninit
                0x000000000000a54c       0x84 modules/hal_nordic/modules/hal_nordic/nrfx/libmodules__hal_nordic__nrfx.a(nrfx_gpiote.c.obj)
 .text.nrfx_gpiote_input_configure
                0x000000000000a5d0      0x178 modules/hal_nordic/modules/hal_nordic/nrfx/libmodules__hal_nordic__nrfx.a(nrfx_gpiote.c.obj)
                0x000000000000a5d0                nrfx_gpiote_input_configure
 .text.nrfx_gpiote_output_configure
                0x000000000000a748      0x104 modules/hal_nordic/modules/hal_nordic/nrfx/libmodules__hal_nordic__nrfx.a(nrfx_gpiote.c.obj)
                0x000000000000a748                nrfx_gpiote_output_configure
 .text.nrfx_gpiote_global_callback_set
                0x000000000000a84c        0xc modules/hal_nordic/modules/hal_nordic/nrfx/libmodules__hal_nordic__nrfx.a(nrfx_gpiote.c.obj)
                0x000000000000a84c                nrfx_gpiote_global_callback_set
 .text.nrfx_gpiote_channel_get
                0x000000000000a858       0x34 modules/hal_nordic/modules/hal_nordic/nrfx/libmodules__hal_nordic__nrfx.a(nrfx_gpiote.c.obj)
                0x000000000000a858                nrfx_gpiote_channel_get
 .text.nrfx_gpiote_init
                0x000000000000a88c       0x64 modules/hal_nordic/modules/hal_nordic/nrfx/libmodules__hal_nordic__nrfx.a(nrfx_gpiote.c.obj)
                0x000000000000a88c                nrfx_gpiote_init
 .text.nrfx_gpiote_init_check
                0x000000000000a8f0       0x14 modules/hal_nordic/modules/hal_nordic/nrfx/libmodules__hal_nordic__nrfx.a(nrfx_gpiote.c.obj)
                0x000000000000a8f0                nrfx_gpiote_init_check
 .text.nrfx_gpiote_channel_free
                0x000000000000a904        0xc modules/hal_nordic/modules/hal_nordic/nrfx/libmodules__hal_nordic__nrfx.a(nrfx_gpiote.c.obj)
                0x000000000000a904                nrfx_gpiote_channel_free
 .text.nrfx_gpiote_channel_alloc
                0x000000000000a910        0xc modules/hal_nordic/modules/hal_nordic/nrfx/libmodules__hal_nordic__nrfx.a(nrfx_gpiote.c.obj)
                0x000000000000a910                nrfx_gpiote_channel_alloc
 .text.nrfx_gpiote_trigger_enable
                0x000000000000a91c       0xac modules/hal_nordic/modules/hal_nordic/nrfx/libmodules__hal_nordic__nrfx.a(nrfx_gpiote.c.obj)
                0x000000000000a91c                nrfx_gpiote_trigger_enable
 .text.nrfx_gpiote_1_irq_handler
                0x000000000000a9c8      0x1b8 modules/hal_nordic/modules/hal_nordic/nrfx/libmodules__hal_nordic__nrfx.a(nrfx_gpiote.c.obj)
                0x000000000000a9c8                nrfx_gpiote_1_irq_handler
 .text.z_fatal_error
                0x000000000000ab80       0x30 zephyr/kernel/libkernel.a(fatal.c.obj)
                0x000000000000ab80                z_fatal_error
 .text.z_sys_init_run_level
                0x000000000000abb0       0x2c zephyr/kernel/libkernel.a(init.c.obj)
 .text.bg_thread_main
                0x000000000000abdc       0xc4 zephyr/kernel/libkernel.a(init.c.obj)
 .text.z_bss_zero
                0x000000000000aca0       0x18 zephyr/kernel/libkernel.a(init.c.obj)
                0x000000000000aca0                z_bss_zero
 .text.z_init_cpu
                0x000000000000acb8       0x68 zephyr/kernel/libkernel.a(init.c.obj)
                0x000000000000acb8                z_init_cpu
 .text.z_cstart
                0x000000000000ad20       0xdc zephyr/kernel/libkernel.a(init.c.obj)
                0x000000000000ad20                z_cstart
 .text.z_impl_k_mutex_lock
                0x000000000000adfc       0xf0 zephyr/kernel/libkernel.a(mutex.c.obj)
                0x000000000000adfc                z_impl_k_mutex_lock
 .text.z_impl_k_mutex_unlock
                0x000000000000aeec       0xa0 zephyr/kernel/libkernel.a(mutex.c.obj)
                0x000000000000aeec                z_impl_k_mutex_unlock
 .text.z_impl_k_sem_give
                0x000000000000af8c       0x68 zephyr/kernel/libkernel.a(sem.c.obj)
                0x000000000000af8c                z_impl_k_sem_give
 .text.z_impl_k_sem_take
                0x000000000000aff4       0x4c zephyr/kernel/libkernel.a(sem.c.obj)
                0x000000000000aff4                z_impl_k_sem_take
 .text.z_setup_new_thread
                0x000000000000b040       0x7c zephyr/kernel/libkernel.a(thread.c.obj)
                0x000000000000b040                z_setup_new_thread
 .text.z_swap_irqlock
                0x000000000000b0bc       0x30 zephyr/kernel/libkernel.a(sched.c.obj)
 .text.ready_thread
                0x000000000000b0ec       0x90 zephyr/kernel/libkernel.a(sched.c.obj)
 .text.unready_thread
                0x000000000000b17c       0x54 zephyr/kernel/libkernel.a(sched.c.obj)
 .text.move_thread_to_end_of_prio_q
                0x000000000000b1d0       0x90 zephyr/kernel/libkernel.a(sched.c.obj)
                0x000000000000b1d0                move_thread_to_end_of_prio_q
 .text.z_pend_curr
                0x000000000000b260       0x58 zephyr/kernel/libkernel.a(sched.c.obj)
                0x000000000000b260                z_pend_curr
 .text.z_thread_prio_set
                0x000000000000b2b8       0x9c zephyr/kernel/libkernel.a(sched.c.obj)
                0x000000000000b2b8                z_thread_prio_set
 .text.z_reschedule
                0x000000000000b354       0x24 zephyr/kernel/libkernel.a(sched.c.obj)
                0x000000000000b354                z_reschedule
 .text.z_reschedule_irqlock
                0x000000000000b378       0x28 zephyr/kernel/libkernel.a(sched.c.obj)
                0x000000000000b378                z_reschedule_irqlock
 .text.k_sched_lock
                0x000000000000b3a0       0x28 zephyr/kernel/libkernel.a(sched.c.obj)
                0x000000000000b3a0                k_sched_lock
 .text.k_sched_unlock
                0x000000000000b3c8       0x68 zephyr/kernel/libkernel.a(sched.c.obj)
                0x000000000000b3c8                k_sched_unlock
 .text.z_sched_init
                0x000000000000b430       0x10 zephyr/kernel/libkernel.a(sched.c.obj)
                0x000000000000b430                z_sched_init
 .text.z_impl_k_yield
                0x000000000000b440       0x88 zephyr/kernel/libkernel.a(sched.c.obj)
                0x000000000000b440                z_impl_k_yield
 .text.z_tick_sleep
                0x000000000000b4c8       0x80 zephyr/kernel/libkernel.a(sched.c.obj)
 .text.z_impl_k_wakeup
                0x000000000000b548       0x4c zephyr/kernel/libkernel.a(sched.c.obj)
                0x000000000000b548                z_impl_k_wakeup
 .text.z_impl_k_sched_current_thread_query
                0x000000000000b594        0xc zephyr/kernel/libkernel.a(sched.c.obj)
                0x000000000000b594                z_impl_k_sched_current_thread_query
 .text.z_thread_abort
                0x000000000000b5a0      0x110 zephyr/kernel/libkernel.a(sched.c.obj)
                0x000000000000b5a0                z_thread_abort
 .text.slice_timeout
                0x000000000000b6b0       0x20 zephyr/kernel/libkernel.a(timeslicing.c.obj)
 .text.thread_is_sliceable
                0x000000000000b6d0       0x3c zephyr/kernel/libkernel.a(timeslicing.c.obj)
                0x000000000000b6d0                thread_is_sliceable
 .text.z_reset_time_slice
                0x000000000000b70c       0x50 zephyr/kernel/libkernel.a(timeslicing.c.obj)
                0x000000000000b70c                z_reset_time_slice
 .text.z_time_slice
                0x000000000000b75c       0x60 zephyr/kernel/libkernel.a(timeslicing.c.obj)
                0x000000000000b75c                z_time_slice
 .text.z_data_copy
                0x000000000000b7bc       0x38 zephyr/kernel/libkernel.a(xip.c.obj)
                0x000000000000b7bc                z_data_copy
 .text.first    0x000000000000b7f4       0x10 zephyr/kernel/libkernel.a(timeout.c.obj)
 .text.elapsed  0x000000000000b804       0x14 zephyr/kernel/libkernel.a(timeout.c.obj)
 .text.remove_timeout
                0x000000000000b818       0x38 zephyr/kernel/libkernel.a(timeout.c.obj)
 .text.z_add_timeout
                0x000000000000b850       0xec zephyr/kernel/libkernel.a(timeout.c.obj)
                0x000000000000b850                z_add_timeout
 .text.sys_clock_announce
                0x000000000000b93c       0xbc zephyr/kernel/libkernel.a(timeout.c.obj)
                0x000000000000b93c                sys_clock_announce
 .text.sys_clock_tick_get
                0x000000000000b9f8       0x30 zephyr/kernel/libkernel.a(timeout.c.obj)
                0x000000000000b9f8                sys_clock_tick_get
 .text.printf   0x000000000000ba28       0x24 c:\ncs\toolchains\0b393f9e1b\opt\zephyr-sdk\arm-zephyr-eabi\bin\../lib/gcc/../../picolibc/arm-zephyr-eabi/lib/thumb/v8-m.main/nofp\libc.a(libc_tinystdio_printf.c.o)
                0x000000000000ba28                printf
 .text.__l_vfprintf
                0x000000000000ba4c      0x4b4 c:\ncs\toolchains\0b393f9e1b\opt\zephyr-sdk\arm-zephyr-eabi\bin\../lib/gcc/../../picolibc/arm-zephyr-eabi/lib/thumb/v8-m.main/nofp\libc.a(libc_tinystdio_vflprintf.c.o)
                0x000000000000ba4c                __l_vfprintf
 .text._OffsetAbsSyms
                0x000000000000bf00        0x2 zephyr/CMakeFiles/offsets.dir/./arch/arm/core/offsets/offsets.c.obj
                0x000000000000bf00                _OffsetAbsSyms
 .text.chunk_field
                0x000000000000bf02       0x16 zephyr/libzephyr.a(heap.c.obj)
 .text.chunk_set
                0x000000000000bf18       0x16 zephyr/libzephyr.a(heap.c.obj)
 .text.chunk_size
                0x000000000000bf2e        0xc zephyr/libzephyr.a(heap.c.obj)
 .text.set_chunk_used
                0x000000000000bf3a       0x30 zephyr/libzephyr.a(heap.c.obj)
 .text.set_chunk_size
                0x000000000000bf6a        0x8 zephyr/libzephyr.a(heap.c.obj)
 .text.bucket_idx.isra.0
                0x000000000000bf72       0x1c zephyr/libzephyr.a(heap.c.obj)
 .text.free_list_add
                0x000000000000bf8e       0x84 zephyr/libzephyr.a(heap.c.obj)
 .text.sys_heap_init
                0x000000000000c012       0xb0 zephyr/libzephyr.a(heap.c.obj)
                0x000000000000c012                sys_heap_init
 .text.arch_printk_char_out
                0x000000000000c0c2        0x4 zephyr/libzephyr.a(printk.c.obj)
                0x000000000000c0c2                arch_printk_char_out
 .text.printk   0x000000000000c0c6       0x1a zephyr/libzephyr.a(printk.c.obj)
                0x000000000000c0c6                printk
 .text.process_recheck
                0x000000000000c0e0       0x38 zephyr/libzephyr.a(onoff.c.obj)
 .text.validate_args
                0x000000000000c118       0x20 zephyr/libzephyr.a(onoff.c.obj)
 .text.notify_one
                0x000000000000c138       0x2c zephyr/libzephyr.a(onoff.c.obj)
 .text.transition_complete
                0x000000000000c164       0x1a zephyr/libzephyr.a(onoff.c.obj)
 .text.onoff_manager_init
                0x000000000000c17e       0x26 zephyr/libzephyr.a(onoff.c.obj)
                0x000000000000c17e                onoff_manager_init
 .text.onoff_request
                0x000000000000c1a4       0xae zephyr/libzephyr.a(onoff.c.obj)
                0x000000000000c1a4                onoff_request
 .text.sys_notify_validate
                0x000000000000c252       0x22 zephyr/libzephyr.a(notify.c.obj)
                0x000000000000c252                sys_notify_validate
 .text.sys_notify_finalize
                0x000000000000c274       0x1a zephyr/libzephyr.a(notify.c.obj)
                0x000000000000c274                sys_notify_finalize
 .text._ConfigAbsSyms
                0x000000000000c28e        0x2 zephyr/libzephyr.a(configs.c.obj)
                0x000000000000c28e                _ConfigAbsSyms
 .text.z_arm_fatal_error
                0x000000000000c290        0xc zephyr/arch/arch/arm/core/libarch__arm__core.a(fatal.c.obj)
                0x000000000000c290                z_arm_fatal_error
 .text.z_do_kernel_oops
                0x000000000000c29c        0x8 zephyr/arch/arch/arm/core/libarch__arm__core.a(fatal.c.obj)
                0x000000000000c29c                z_do_kernel_oops
 .text.z_arm_nmi
                0x000000000000c2a4        0xe zephyr/arch/arch/arm/core/libarch__arm__core.a(nmi.c.obj)
                0x000000000000c2a4                z_arm_nmi
 .text.z_arm_save_fp_context
                0x000000000000c2b2        0x2 zephyr/arch/arch/arm/core/cortex_m/libarch__arm__core__cortex_m.a(fpu.c.obj)
                0x000000000000c2b2                z_arm_save_fp_context
 .text.z_arm_restore_fp_context
                0x000000000000c2b4        0x2 zephyr/arch/arch/arm/core/cortex_m/libarch__arm__core__cortex_m.a(fpu.c.obj)
                0x000000000000c2b4                z_arm_restore_fp_context
 .text.z_irq_spurious
                0x000000000000c2b6        0x8 zephyr/arch/arch/arm/core/cortex_m/libarch__arm__core__cortex_m.a(irq_manage.c.obj)
                0x000000000000c2b6                z_irq_spurious
 .text.configure_builtin_stack_guard
                0x000000000000c2be        0x8 zephyr/arch/arch/arm/core/cortex_m/libarch__arm__core__cortex_m.a(thread.c.obj)
                0x000000000000c2be                configure_builtin_stack_guard
 .text.arch_irq_unlock_outlined
                0x000000000000c2c6        0xe zephyr/arch/arch/arm/core/cortex_m/libarch__arm__core__cortex_m.a(thread.c.obj)
                0x000000000000c2c6                arch_irq_unlock_outlined
 .text.arch_cpu_idle
                0x000000000000c2d4       0x32 zephyr/arch/arch/arm/core/cortex_m/libarch__arm__core__cortex_m.a(cpu_idle.c.obj)
                0x000000000000c2d4                arch_cpu_idle
 .text.arch_cpu_atomic_idle
                0x000000000000c306       0x38 zephyr/arch/arch/arm/core/cortex_m/libarch__arm__core__cortex_m.a(cpu_idle.c.obj)
                0x000000000000c306                arch_cpu_atomic_idle
 .text.arm_cmse_mpu_region_get
                0x000000000000c33e       0x12 zephyr/arch/arch/arm/core/cortex_m/cmse/libarch__arm__core__cortex_m__cmse.a(arm_core_cmse.c.obj)
                0x000000000000c33e                arm_cmse_mpu_region_get
 .text.mpu_configure_region
                0x000000000000c350       0x32 zephyr/arch/arch/arm/core/mpu/libarch__arm__core__mpu.a(arm_mpu.c.obj)
 .text.picolibc_put
                0x000000000000c382        0xa zephyr/lib/libc/picolibc/liblib__libc__picolibc.a(stdio.c.obj)
 .text.nordicsemi_nrf53_init
                0x000000000000c38c       0x3e zephyr/soc/soc/nrf5340/libsoc__nordic.a(soc.c.obj)
 .text.soc_secure_gpio_pin_mcu_select
                0x000000000000c3ca        0xe zephyr/soc/soc/nrf5340/libsoc__nordic.a(soc_secure.c.obj)
                0x000000000000c3ca                soc_secure_gpio_pin_mcu_select
 .text.get_status
                0x000000000000c3d8       0x12 zephyr/drivers/clock_control/libdrivers__clock_control.a(clock_control_nrf.c.obj)
 .text.stop     0x000000000000c3ea       0x52 zephyr/drivers/clock_control/libdrivers__clock_control.a(clock_control_nrf.c.obj)
 .text.api_stop
                0x000000000000c43c        0x6 zephyr/drivers/clock_control/libdrivers__clock_control.a(clock_control_nrf.c.obj)
 .text.async_start
                0x000000000000c442       0x5c zephyr/drivers/clock_control/libdrivers__clock_control.a(clock_control_nrf.c.obj)
 .text.api_start
                0x000000000000c49e        0xe zephyr/drivers/clock_control/libdrivers__clock_control.a(clock_control_nrf.c.obj)
 .text.onoff_started_callback
                0x000000000000c4ac       0x12 zephyr/drivers/clock_control/libdrivers__clock_control.a(clock_control_nrf.c.obj)
 .text.hfclkaudio_start
                0x000000000000c4be        0x6 zephyr/drivers/clock_control/libdrivers__clock_control.a(clock_control_nrf.c.obj)
 .text.hfclk192m_start
                0x000000000000c4c4        0x6 zephyr/drivers/clock_control/libdrivers__clock_control.a(clock_control_nrf.c.obj)
 .text.lfclk_start
                0x000000000000c4ca        0x6 zephyr/drivers/clock_control/libdrivers__clock_control.a(clock_control_nrf.c.obj)
 .text.hfclkaudio_stop
                0x000000000000c4d0        0x6 zephyr/drivers/clock_control/libdrivers__clock_control.a(clock_control_nrf.c.obj)
 .text.hfclk192m_stop
                0x000000000000c4d6        0x6 zephyr/drivers/clock_control/libdrivers__clock_control.a(clock_control_nrf.c.obj)
 .text.lfclk_stop
                0x000000000000c4dc        0x6 zephyr/drivers/clock_control/libdrivers__clock_control.a(clock_control_nrf.c.obj)
 .text.blocking_start_callback
                0x000000000000c4e2        0x6 zephyr/drivers/clock_control/libdrivers__clock_control.a(clock_control_nrf.c.obj)
 .text.gpio_nrfx_port_get_raw
                0x000000000000c4e8        0xc zephyr/drivers/gpio/libdrivers__gpio.a(gpio_nrfx.c.obj)
 .text.gpio_nrfx_port_set_masked_raw
                0x000000000000c4f4       0x14 zephyr/drivers/gpio/libdrivers__gpio.a(gpio_nrfx.c.obj)
 .text.gpio_nrfx_port_set_bits_raw
                0x000000000000c508        0xa zephyr/drivers/gpio/libdrivers__gpio.a(gpio_nrfx.c.obj)
 .text.gpio_nrfx_port_clear_bits_raw
                0x000000000000c512        0xa zephyr/drivers/gpio/libdrivers__gpio.a(gpio_nrfx.c.obj)
 .text.gpio_nrfx_port_toggle_bits
                0x000000000000c51c       0x14 zephyr/drivers/gpio/libdrivers__gpio.a(gpio_nrfx.c.obj)
 .text.gpio_nrfx_manage_callback
                0x000000000000c530       0x52 zephyr/drivers/gpio/libdrivers__gpio.a(gpio_nrfx.c.obj)
 .text.pinctrl_lookup_state
                0x000000000000c582       0x26 zephyr/drivers/pinctrl/libdrivers__pinctrl.a(common.c.obj)
                0x000000000000c582                pinctrl_lookup_state
 .text.uarte_nrfx_err_check
                0x000000000000c5a8        0xe zephyr/drivers/serial/libdrivers__serial.a(uart_nrfx_uarte.c.obj)
 .text.uarte_nrfx_poll_in
                0x000000000000c5b6       0x26 zephyr/drivers/serial/libdrivers__serial.a(uart_nrfx_uarte.c.obj)
 .text.is_tx_ready.isra.0
                0x000000000000c5dc       0x20 zephyr/drivers/serial/libdrivers__serial.a(uart_nrfx_uarte.c.obj)
 .text.uarte_nrfx_isr_int
                0x000000000000c5fc       0x42 zephyr/drivers/serial/libdrivers__serial.a(uart_nrfx_uarte.c.obj)
 .text.event_clear
                0x000000000000c63e       0x18 zephyr/drivers/timer/libdrivers__timer.a(nrf_rtc_timer.c.obj)
 .text.sys_clock_cycle_get_32
                0x000000000000c656        0x8 zephyr/drivers/timer/libdrivers__timer.a(nrf_rtc_timer.c.obj)
                0x000000000000c656                sys_clock_cycle_get_32
 .text._psa_crypto_init
                0x000000000000c65e       0x1e modules/nrf/subsys/nrf_security/src/zephyr/libmbedtls_zephyr.a(psa_crypto_init.c.obj)
 .text.tfm_platform_ns_fault_set_handler
                0x000000000000c67c       0x4e modules/nrf/modules/trusted-firmware-m/libtfm_api_nrf.a(tfm_ioctl_ns_api.c.obj)
                0x000000000000c67c                tfm_platform_ns_fault_set_handler
 .text.ns_interface_init
                0x000000000000c6ca        0x4 modules/trusted-firmware-m/libtfm_api.a(interface.c.obj)
 .text.psa_crypto_init
                0x000000000000c6ce        0x4 modules/trusted-firmware-m/libtfm_api.a(tfm_crypto_api.c.obj)
                0x000000000000c6ce                psa_crypto_init
 .text.tfm_platform_gpio_pin_mcu_select
                0x000000000000c6d2       0x32 modules/trusted-firmware-m/libtfm_api.a(tfm_ioctl_core_ns_api.c.obj)
                0x000000000000c6d2                tfm_platform_gpio_pin_mcu_select
 .text.SystemInit
                0x000000000000c704        0x2 modules/hal_nordic/modules/hal_nordic/nrfx/libmodules__hal_nordic__nrfx.a(system_nrf5340_application.c.obj)
                0x000000000000c704                SystemInit
 .text.nrfx_isr
                0x000000000000c706        0x2 modules/hal_nordic/modules/hal_nordic/nrfx/libmodules__hal_nordic__nrfx.a(nrfx_glue.c.obj)
                0x000000000000c706                nrfx_isr
 .text.nrfx_busy_wait
                0x000000000000c708        0x4 modules/hal_nordic/modules/hal_nordic/nrfx/libmodules__hal_nordic__nrfx.a(nrfx_glue.c.obj)
                0x000000000000c708                nrfx_busy_wait
 .text.nrfx_gppi_event_endpoint_setup
                0x000000000000c70c        0xa modules/hal_nordic/modules/hal_nordic/nrfx/libmodules__hal_nordic__nrfx.a(nrfx_gppi_dppi.c.obj)
                0x000000000000c70c                nrfx_gppi_event_endpoint_setup
 .text.nrfx_gppi_task_endpoint_setup
                0x000000000000c716        0xa modules/hal_nordic/modules/hal_nordic/nrfx/libmodules__hal_nordic__nrfx.a(nrfx_gppi_dppi.c.obj)
                0x000000000000c716                nrfx_gppi_task_endpoint_setup
 .text.nrfx_gppi_channel_endpoints_setup
                0x000000000000c720        0xe modules/hal_nordic/modules/hal_nordic/nrfx/libmodules__hal_nordic__nrfx.a(nrfx_gppi_dppi.c.obj)
                0x000000000000c720                nrfx_gppi_channel_endpoints_setup
 .text.nrfx_clock_stop
                0x000000000000c72e        0x4 modules/hal_nordic/modules/hal_nordic/nrfx/libmodules__hal_nordic__nrfx.a(nrfx_clock.c.obj)
                0x000000000000c72e                nrfx_clock_stop
 .text.nrf_gpio_reconfigure
                0x000000000000c732       0x92 modules/hal_nordic/modules/hal_nordic/nrfx/libmodules__hal_nordic__nrfx.a(nrfx_gpiote.c.obj)
 .text.nrf_gpio_cfg_sense_set
                0x000000000000c7c4       0x1e modules/hal_nordic/modules/hal_nordic/nrfx/libmodules__hal_nordic__nrfx.a(nrfx_gpiote.c.obj)
 .text.pin_trigger_disable
                0x000000000000c7e2       0x48 modules/hal_nordic/modules/hal_nordic/nrfx/libmodules__hal_nordic__nrfx.a(nrfx_gpiote.c.obj)
 .text.nrfx_gpiote_pin_uninit
                0x000000000000c82a        0x4 modules/hal_nordic/modules/hal_nordic/nrfx/libmodules__hal_nordic__nrfx.a(nrfx_gpiote.c.obj)
                0x000000000000c82a                nrfx_gpiote_pin_uninit
 .text.nrfx_gpiote_trigger_disable
                0x000000000000c82e        0x4 modules/hal_nordic/modules/hal_nordic/nrfx/libmodules__hal_nordic__nrfx.a(nrfx_gpiote.c.obj)
                0x000000000000c82e                nrfx_gpiote_trigger_disable
 .text.z_impl_k_busy_wait
                0x000000000000c832        0x8 zephyr/kernel/libkernel.a(busy_wait.c.obj)
                0x000000000000c832                z_impl_k_busy_wait
 .text.z_device_state_init
                0x000000000000c83a        0x2 zephyr/kernel/libkernel.a(device.c.obj)
                0x000000000000c83a                z_device_state_init
 .text.z_impl_device_is_ready
                0x000000000000c83c       0x16 zephyr/kernel/libkernel.a(device.c.obj)
                0x000000000000c83c                z_impl_device_is_ready
 .text.arch_system_halt
                0x000000000000c852       0x10 zephyr/kernel/libkernel.a(fatal.c.obj)
                0x000000000000c852                arch_system_halt
 .text.k_sys_fatal_error_handler
                0x000000000000c862        0x6 zephyr/kernel/libkernel.a(fatal.c.obj)
                0x000000000000c862                k_sys_fatal_error_handler
 .text.do_device_init
                0x000000000000c868       0x30 zephyr/kernel/libkernel.a(init.c.obj)
 .text.z_early_memset
                0x000000000000c898        0x4 zephyr/kernel/libkernel.a(init.c.obj)
                0x000000000000c898                z_early_memset
 .text.z_early_memcpy
                0x000000000000c89c        0x4 zephyr/kernel/libkernel.a(init.c.obj)
                0x000000000000c89c                z_early_memcpy
 .text.z_init_static
                0x000000000000c8a0        0x2 zephyr/kernel/libkernel.a(init_static.c.obj)
                0x000000000000c8a0                z_init_static
 .text.idle     0x000000000000c8a2       0x16 zephyr/kernel/libkernel.a(idle.c.obj)
                0x000000000000c8a2                idle
 .text.adjust_owner_prio.isra.0
                0x000000000000c8b8       0x10 zephyr/kernel/libkernel.a(mutex.c.obj)
 .text.k_is_in_isr
                0x000000000000c8c8        0xc zephyr/kernel/libkernel.a(thread.c.obj)
                0x000000000000c8c8                k_is_in_isr
 .text.sys_dlist_remove
                0x000000000000c8d4       0x10 zephyr/kernel/libkernel.a(sched.c.obj)
 .text.unpend_thread_no_timeout
                0x000000000000c8e4       0x14 zephyr/kernel/libkernel.a(sched.c.obj)
 .text.add_to_waitq_locked
                0x000000000000c8f8       0x50 zephyr/kernel/libkernel.a(sched.c.obj)
 .text.z_ready_thread
                0x000000000000c948       0x1e zephyr/kernel/libkernel.a(sched.c.obj)
                0x000000000000c948                z_ready_thread
 .text.z_sched_wake_thread
                0x000000000000c966       0x3a zephyr/kernel/libkernel.a(sched.c.obj)
                0x000000000000c966                z_sched_wake_thread
 .text.z_thread_timeout
                0x000000000000c9a0        0x8 zephyr/kernel/libkernel.a(sched.c.obj)
                0x000000000000c9a0                z_thread_timeout
 .text.z_impl_k_sleep
                0x000000000000c9a8       0x32 zephyr/kernel/libkernel.a(sched.c.obj)
                0x000000000000c9a8                z_impl_k_sleep
 .text.next_timeout
                0x000000000000c9da       0x32 zephyr/kernel/libkernel.a(timeout.c.obj)
 .text.z_abort_timeout
                0x000000000000ca0c       0x42 zephyr/kernel/libkernel.a(timeout.c.obj)
                0x000000000000ca0c                z_abort_timeout
 .text.sys_clock_tick_get_32
                0x000000000000ca4e        0x8 zephyr/kernel/libkernel.a(timeout.c.obj)
                0x000000000000ca4e                sys_clock_tick_get_32
 .text.memcpy   0x000000000000ca56       0x1a c:\ncs\toolchains\0b393f9e1b\opt\zephyr-sdk\arm-zephyr-eabi\bin\../lib/gcc/../../picolibc/arm-zephyr-eabi/lib/thumb/v8-m.main/nofp\libc.a(memcpy.c.o)
                0x000000000000ca56                __aeabi_memcpy
                0x000000000000ca56                __aeabi_memcpy4
                0x000000000000ca56                __aeabi_memcpy8
                0x000000000000ca56                memcpy
 .text.memset   0x000000000000ca70       0x10 c:\ncs\toolchains\0b393f9e1b\opt\zephyr-sdk\arm-zephyr-eabi\bin\../lib/gcc/../../picolibc/arm-zephyr-eabi/lib/thumb/v8-m.main/nofp\libc.a(memset.c.o)
                0x000000000000ca70                memset
 .text.strnlen  0x000000000000ca80       0x18 c:\ncs\toolchains\0b393f9e1b\opt\zephyr-sdk\arm-zephyr-eabi\bin\../lib/gcc/../../picolibc/arm-zephyr-eabi/lib/thumb/v8-m.main/nofp\libc.a(libc_string_strnlen.c.o)
                0x000000000000ca80                strnlen
 .text.__ultoa_invert
                0x000000000000ca98       0xac c:\ncs\toolchains\0b393f9e1b\opt\zephyr-sdk\arm-zephyr-eabi\bin\../lib/gcc/../../picolibc/arm-zephyr-eabi/lib/thumb/v8-m.main/nofp\libc.a(libc_tinystdio_vflprintf.c.o)
 *(SORT_BY_ALIGNMENT(.TEXT.*))
 .TEXT.__aeabi_read_tp
                0x000000000000cb44        0xc zephyr/arch/arch/arm/core/cortex_m/libarch__arm__core__cortex_m.a(__aeabi_read_tp.S.obj)
                0x000000000000cb44                __aeabi_read_tp
 *(SORT_BY_ALIGNMENT(.gnu.linkonce.t.*))
 *(SORT_BY_ALIGNMENT(.glue_7t))
 .glue_7t       0x000000000000cb50        0x0 linker stubs
 *(SORT_BY_ALIGNMENT(.glue_7))
 .glue_7        0x000000000000cb50        0x0 linker stubs
 *(SORT_BY_ALIGNMENT(.vfp11_veneer))
 .vfp11_veneer  0x000000000000cb50        0x0 linker stubs
 *(SORT_BY_ALIGNMENT(.v4_bx))
 .v4_bx         0x000000000000cb50        0x0 linker stubs
                0x000000000000cb50                . = ALIGN (0x4)
                0x000000000000cb50                __text_region_end = .

.ARM.exidx      0x000000000000cb50        0x0
                0x000000000000cb50                __exidx_start = .
 *(SORT_BY_ALIGNMENT(.ARM.exidx*) SORT_BY_ALIGNMENT(gnu.linkonce.armexidx.*))
                0x000000000000cb50                __exidx_end = .
                0x000000000000cb50                __rodata_region_start = .

initlevel       0x000000000000cb50       0x68
                0x000000000000cb50                __init_start = .
                0x000000000000cb50                __init_EARLY_start = .
 *(SORT_BY_NAME(SORT_BY_ALIGNMENT(.z_init_EARLY?_*)))
 *(SORT_BY_NAME(SORT_BY_ALIGNMENT(.z_init_EARLY??_*)))
                0x000000000000cb50                __init_PRE_KERNEL_1_start = .
 *(SORT_BY_NAME(SORT_BY_ALIGNMENT(.z_init_PRE_KERNEL_1?_*)))
 .z_init_PRE_KERNEL_10_0_
                0x000000000000cb50        0x8 zephyr/soc/soc/nrf5340/libsoc__nordic.a(soc.c.obj)
 .z_init_PRE_KERNEL_10_0_
                0x000000000000cb58        0x8 zephyr/soc/soc/nrf5340/libsoc__nordic.a(nrf53_cpunet_mgmt.c.obj)
 .z_init_PRE_KERNEL_10_0_
                0x000000000000cb60        0x8 modules/nrf/modules/trusted-firmware-m/lib..__nrf__modules__trusted-firmware-m.a(fault.c.obj)
 *(SORT_BY_NAME(SORT_BY_ALIGNMENT(.z_init_PRE_KERNEL_1??_*)))
 .z_init_PRE_KERNEL_130_00076_
                0x000000000000cb68        0x8 zephyr/drivers/clock_control/libdrivers__clock_control.a(clock_control_nrf.c.obj)
 .z_init_PRE_KERNEL_140_00008_
                0x000000000000cb70        0x8 zephyr/drivers/gpio/libdrivers__gpio.a(gpio_nrfx.c.obj)
 .z_init_PRE_KERNEL_140_00015_
                0x000000000000cb78        0x8 zephyr/drivers/gpio/libdrivers__gpio.a(gpio_nrfx.c.obj)
 .z_init_PRE_KERNEL_150_00112_
                0x000000000000cb80        0x8 zephyr/drivers/serial/libdrivers__serial.a(uart_nrfx_uarte.c.obj)
 .z_init_PRE_KERNEL_160_0_
                0x000000000000cb88        0x8 zephyr/drivers/console/libdrivers__console.a(uart_console.c.obj)
                0x000000000000cb90                __init_PRE_KERNEL_2_start = .
 *(SORT_BY_NAME(SORT_BY_ALIGNMENT(.z_init_PRE_KERNEL_2?_*)))
 .z_init_PRE_KERNEL_20_0_
                0x000000000000cb90        0x8 zephyr/drivers/timer/libdrivers__timer.a(nrf_rtc_timer.c.obj)
 *(SORT_BY_NAME(SORT_BY_ALIGNMENT(.z_init_PRE_KERNEL_2??_*)))
                0x000000000000cb98                __init_POST_KERNEL_start = .
 *(SORT_BY_NAME(SORT_BY_ALIGNMENT(.z_init_POST_KERNEL?_*)))
 .z_init_POST_KERNEL0_0_
                0x000000000000cb98        0x8 zephyr/soc/soc/nrf5340/libsoc__nordic.a(soc.c.obj)
 *(SORT_BY_NAME(SORT_BY_ALIGNMENT(.z_init_POST_KERNEL??_*)))
 .z_init_POST_KERNEL35_0_
                0x000000000000cba0        0x8 zephyr/lib/libc/common/liblib__libc__common.a(malloc.c.obj)
 .z_init_POST_KERNEL40_0_
                0x000000000000cba8        0x8 modules/trusted-firmware-m/libtfm_api.a(interface.c.obj)
 .z_init_POST_KERNEL50_0_
                0x000000000000cbb0        0x8 modules/nrf/subsys/nrf_security/src/zephyr/libmbedtls_zephyr.a(psa_crypto_init.c.obj)
                0x000000000000cbb8                __init_APPLICATION_start = .
 *(SORT_BY_NAME(SORT_BY_ALIGNMENT(.z_init_APPLICATION?_*)))
 *(SORT_BY_NAME(SORT_BY_ALIGNMENT(.z_init_APPLICATION??_*)))
                0x000000000000cbb8                __init_SMP_start = .
 *(SORT_BY_NAME(SORT_BY_ALIGNMENT(.z_init_SMP?_*)))
 *(SORT_BY_NAME(SORT_BY_ALIGNMENT(.z_init_SMP??_*)))
                0x000000000000cbb8                __init_end = .
                0x000000000000cbb8                __deferred_init_list_start = .
 *(SORT_BY_ALIGNMENT(.z_deferred_init*))
                0x000000000000cbb8                __deferred_init_list_end = .

device_area     0x000000000000cbb8       0x50
                0x000000000000cbb8                _device_list_start = .
 *(SORT_BY_NAME(SORT_BY_ALIGNMENT(._device.static.*_?_*)))
 *(SORT_BY_NAME(SORT_BY_ALIGNMENT(._device.static.*_??_*)))
 ._device.static.1_30_
                0x000000000000cbb8       0x14 zephyr/drivers/clock_control/libdrivers__clock_control.a(clock_control_nrf.c.obj)
                0x000000000000cbb8                __device_dts_ord_76
 ._device.static.1_40_
                0x000000000000cbcc       0x28 zephyr/drivers/gpio/libdrivers__gpio.a(gpio_nrfx.c.obj)
                0x000000000000cbcc                __device_dts_ord_15
                0x000000000000cbe0                __device_dts_ord_8
 ._device.static.1_50_
                0x000000000000cbf4       0x14 zephyr/drivers/serial/libdrivers__serial.a(uart_nrfx_uarte.c.obj)
                0x000000000000cbf4                __device_dts_ord_112
                0x000000000000cc08                _device_list_end = .

sw_isr_table    0x000000000000cc08      0x228
                0x000000000000cc08                . = ALIGN (0x4)
 *(SORT_BY_ALIGNMENT(.gnu.linkonce.sw_isr_table*))
 .gnu.linkonce.sw_isr_table
                0x000000000000cc08      0x228 zephyr/CMakeFiles/zephyr_final.dir/isr_tables.c.obj
                0x000000000000cc08                _sw_isr_table

initlevel_error
                0x000000000000cb50        0x0
 *(SORT_BY_NAME(SORT_BY_ALIGNMENT(.z_init_[_A-Z0-9]*)))
                0x0000000000000001                ASSERT ((SIZEOF (initlevel_error) == 0x0), Undefined initialization levels used.)

app_shmem_regions
                0x000000000000ce30        0x0
                0x000000000000ce30                __app_shmem_regions_start = .
 *(SORT_BY_NAME(SORT_BY_ALIGNMENT(.app_regions.*)))
                0x000000000000ce30                __app_shmem_regions_end = .

k_p4wq_initparam_area
                0x000000000000ce30        0x0
                0x000000000000ce30                _k_p4wq_initparam_list_start = .
 *(SORT_BY_NAME(SORT_BY_ALIGNMENT(._k_p4wq_initparam.static.*)))
                0x000000000000ce30                _k_p4wq_initparam_list_end = .

_static_thread_data_area
                0x000000000000ce30        0x0
                0x000000000000ce30                __static_thread_data_list_start = .
 *(SORT_BY_NAME(SORT_BY_ALIGNMENT(.__static_thread_data.static.*)))
                0x000000000000ce30                __static_thread_data_list_end = .

device_deps     0x000000000000ce30        0x0
                0x000000000000ce30                __device_deps_start = .
 *(SORT_BY_NAME(SORT_BY_ALIGNMENT(.__device_deps_pass2*)))
                0x000000000000ce30                __device_deps_end = .

gpio_driver_api_area
                0x000000000000ce30       0x24
                0x000000000000ce30                _gpio_driver_api_list_start = .
 *(SORT_BY_NAME(SORT_BY_ALIGNMENT(._gpio_driver_api.static.*)))
 ._gpio_driver_api.static.gpio_nrfx_drv_api_funcs_
                0x000000000000ce30       0x24 zephyr/drivers/gpio/libdrivers__gpio.a(gpio_nrfx.c.obj)
                0x000000000000ce54                _gpio_driver_api_list_end = .

shared_irq_driver_api_area
                0x000000000000ce54        0x0
                0x000000000000ce54                _shared_irq_driver_api_list_start = .
 *(SORT_BY_NAME(SORT_BY_ALIGNMENT(._shared_irq_driver_api.static.*)))
                0x000000000000ce54                _shared_irq_driver_api_list_end = .

crypto_driver_api_area
                0x000000000000ce54        0x0
                0x000000000000ce54                _crypto_driver_api_list_start = .
 *(SORT_BY_NAME(SORT_BY_ALIGNMENT(._crypto_driver_api.static.*)))
                0x000000000000ce54                _crypto_driver_api_list_end = .

adc_driver_api_area
                0x000000000000ce54        0x0
                0x000000000000ce54                _adc_driver_api_list_start = .
 *(SORT_BY_NAME(SORT_BY_ALIGNMENT(._adc_driver_api.static.*)))
                0x000000000000ce54                _adc_driver_api_list_end = .

auxdisplay_driver_api_area
                0x000000000000ce54        0x0
                0x000000000000ce54                _auxdisplay_driver_api_list_start = .
 *(SORT_BY_NAME(SORT_BY_ALIGNMENT(._auxdisplay_driver_api.static.*)))
                0x000000000000ce54                _auxdisplay_driver_api_list_end = .

bbram_driver_api_area
                0x000000000000ce54        0x0
                0x000000000000ce54                _bbram_driver_api_list_start = .
 *(SORT_BY_NAME(SORT_BY_ALIGNMENT(._bbram_driver_api.static.*)))
                0x000000000000ce54                _bbram_driver_api_list_end = .

bt_hci_driver_api_area
                0x000000000000ce54        0x0
                0x000000000000ce54                _bt_hci_driver_api_list_start = .
 *(SORT_BY_NAME(SORT_BY_ALIGNMENT(._bt_hci_driver_api.static.*)))
                0x000000000000ce54                _bt_hci_driver_api_list_end = .

can_driver_api_area
                0x000000000000ce54        0x0
                0x000000000000ce54                _can_driver_api_list_start = .
 *(SORT_BY_NAME(SORT_BY_ALIGNMENT(._can_driver_api.static.*)))
                0x000000000000ce54                _can_driver_api_list_end = .

cellular_driver_api_area
                0x000000000000ce54        0x0
                0x000000000000ce54                _cellular_driver_api_list_start = .
 *(SORT_BY_NAME(SORT_BY_ALIGNMENT(._cellular_driver_api.static.*)))
                0x000000000000ce54                _cellular_driver_api_list_end = .

charger_driver_api_area
                0x000000000000ce54        0x0
                0x000000000000ce54                _charger_driver_api_list_start = .
 *(SORT_BY_NAME(SORT_BY_ALIGNMENT(._charger_driver_api.static.*)))
                0x000000000000ce54                _charger_driver_api_list_end = .

clock_control_driver_api_area
                0x000000000000ce54       0x1c
                0x000000000000ce54                _clock_control_driver_api_list_start = .
 *(SORT_BY_NAME(SORT_BY_ALIGNMENT(._clock_control_driver_api.static.*)))
 ._clock_control_driver_api.static.clock_control_api_
                0x000000000000ce54       0x1c zephyr/drivers/clock_control/libdrivers__clock_control.a(clock_control_nrf.c.obj)
                0x000000000000ce70                _clock_control_driver_api_list_end = .

comparator_driver_api_area
                0x000000000000ce70        0x0
                0x000000000000ce70                _comparator_driver_api_list_start = .
 *(SORT_BY_NAME(SORT_BY_ALIGNMENT(._comparator_driver_api.static.*)))
                0x000000000000ce70                _comparator_driver_api_list_end = .

coredump_driver_api_area
                0x000000000000ce70        0x0
                0x000000000000ce70                _coredump_driver_api_list_start = .
 *(SORT_BY_NAME(SORT_BY_ALIGNMENT(._coredump_driver_api.static.*)))
                0x000000000000ce70                _coredump_driver_api_list_end = .

counter_driver_api_area
                0x000000000000ce70        0x0
                0x000000000000ce70                _counter_driver_api_list_start = .
 *(SORT_BY_NAME(SORT_BY_ALIGNMENT(._counter_driver_api.static.*)))
                0x000000000000ce70                _counter_driver_api_list_end = .

dac_driver_api_area
                0x000000000000ce70        0x0
                0x000000000000ce70                _dac_driver_api_list_start = .
 *(SORT_BY_NAME(SORT_BY_ALIGNMENT(._dac_driver_api.static.*)))
                0x000000000000ce70                _dac_driver_api_list_end = .

dai_driver_api_area
                0x000000000000ce70        0x0
                0x000000000000ce70                _dai_driver_api_list_start = .
 *(SORT_BY_NAME(SORT_BY_ALIGNMENT(._dai_driver_api.static.*)))
                0x000000000000ce70                _dai_driver_api_list_end = .

display_driver_api_area
                0x000000000000ce70        0x0
                0x000000000000ce70                _display_driver_api_list_start = .
 *(SORT_BY_NAME(SORT_BY_ALIGNMENT(._display_driver_api.static.*)))
                0x000000000000ce70                _display_driver_api_list_end = .

dma_driver_api_area
                0x000000000000ce70        0x0
                0x000000000000ce70                _dma_driver_api_list_start = .
 *(SORT_BY_NAME(SORT_BY_ALIGNMENT(._dma_driver_api.static.*)))
                0x000000000000ce70                _dma_driver_api_list_end = .

edac_driver_api_area
                0x000000000000ce70        0x0
                0x000000000000ce70                _edac_driver_api_list_start = .
 *(SORT_BY_NAME(SORT_BY_ALIGNMENT(._edac_driver_api.static.*)))
                0x000000000000ce70                _edac_driver_api_list_end = .

eeprom_driver_api_area
                0x000000000000ce70        0x0
                0x000000000000ce70                _eeprom_driver_api_list_start = .
 *(SORT_BY_NAME(SORT_BY_ALIGNMENT(._eeprom_driver_api.static.*)))
                0x000000000000ce70                _eeprom_driver_api_list_end = .

emul_bbram_driver_api_area
                0x000000000000ce70        0x0
                0x000000000000ce70                _emul_bbram_driver_api_list_start = .
 *(SORT_BY_NAME(SORT_BY_ALIGNMENT(._emul_bbram_driver_api.static.*)))
                0x000000000000ce70                _emul_bbram_driver_api_list_end = .

fuel_gauge_emul_driver_api_area
                0x000000000000ce70        0x0
                0x000000000000ce70                _fuel_gauge_emul_driver_api_list_start = .
 *(SORT_BY_NAME(SORT_BY_ALIGNMENT(._fuel_gauge_emul_driver_api.static.*)))
                0x000000000000ce70                _fuel_gauge_emul_driver_api_list_end = .

emul_sensor_driver_api_area
                0x000000000000ce70        0x0
                0x000000000000ce70                _emul_sensor_driver_api_list_start = .
 *(SORT_BY_NAME(SORT_BY_ALIGNMENT(._emul_sensor_driver_api.static.*)))
                0x000000000000ce70                _emul_sensor_driver_api_list_end = .

entropy_driver_api_area
                0x000000000000ce70        0x0
                0x000000000000ce70                _entropy_driver_api_list_start = .
 *(SORT_BY_NAME(SORT_BY_ALIGNMENT(._entropy_driver_api.static.*)))
                0x000000000000ce70                _entropy_driver_api_list_end = .

espi_driver_api_area
                0x000000000000ce70        0x0
                0x000000000000ce70                _espi_driver_api_list_start = .
 *(SORT_BY_NAME(SORT_BY_ALIGNMENT(._espi_driver_api.static.*)))
                0x000000000000ce70                _espi_driver_api_list_end = .

espi_saf_driver_api_area
                0x000000000000ce70        0x0
                0x000000000000ce70                _espi_saf_driver_api_list_start = .
 *(SORT_BY_NAME(SORT_BY_ALIGNMENT(._espi_saf_driver_api.static.*)))
                0x000000000000ce70                _espi_saf_driver_api_list_end = .

flash_driver_api_area
                0x000000000000ce70        0x0
                0x000000000000ce70                _flash_driver_api_list_start = .
 *(SORT_BY_NAME(SORT_BY_ALIGNMENT(._flash_driver_api.static.*)))
                0x000000000000ce70                _flash_driver_api_list_end = .

fpga_driver_api_area
                0x000000000000ce70        0x0
                0x000000000000ce70                _fpga_driver_api_list_start = .
 *(SORT_BY_NAME(SORT_BY_ALIGNMENT(._fpga_driver_api.static.*)))
                0x000000000000ce70                _fpga_driver_api_list_end = .

fuel_gauge_driver_api_area
                0x000000000000ce70        0x0
                0x000000000000ce70                _fuel_gauge_driver_api_list_start = .
 *(SORT_BY_NAME(SORT_BY_ALIGNMENT(._fuel_gauge_driver_api.static.*)))
                0x000000000000ce70                _fuel_gauge_driver_api_list_end = .

gnss_driver_api_area
                0x000000000000ce70        0x0
                0x000000000000ce70                _gnss_driver_api_list_start = .
 *(SORT_BY_NAME(SORT_BY_ALIGNMENT(._gnss_driver_api.static.*)))
                0x000000000000ce70                _gnss_driver_api_list_end = .

haptics_driver_api_area
                0x000000000000ce70        0x0
                0x000000000000ce70                _haptics_driver_api_list_start = .
 *(SORT_BY_NAME(SORT_BY_ALIGNMENT(._haptics_driver_api.static.*)))
                0x000000000000ce70                _haptics_driver_api_list_end = .

hwspinlock_driver_api_area
                0x000000000000ce70        0x0
                0x000000000000ce70                _hwspinlock_driver_api_list_start = .
 *(SORT_BY_NAME(SORT_BY_ALIGNMENT(._hwspinlock_driver_api.static.*)))
                0x000000000000ce70                _hwspinlock_driver_api_list_end = .

i2c_driver_api_area
                0x000000000000ce70        0x0
                0x000000000000ce70                _i2c_driver_api_list_start = .
 *(SORT_BY_NAME(SORT_BY_ALIGNMENT(._i2c_driver_api.static.*)))
                0x000000000000ce70                _i2c_driver_api_list_end = .

i2c_target_driver_api_area
                0x000000000000ce70        0x0
                0x000000000000ce70                _i2c_target_driver_api_list_start = .
 *(SORT_BY_NAME(SORT_BY_ALIGNMENT(._i2c_target_driver_api.static.*)))
                0x000000000000ce70                _i2c_target_driver_api_list_end = .

i2s_driver_api_area
                0x000000000000ce70        0x0
                0x000000000000ce70                _i2s_driver_api_list_start = .
 *(SORT_BY_NAME(SORT_BY_ALIGNMENT(._i2s_driver_api.static.*)))
                0x000000000000ce70                _i2s_driver_api_list_end = .

i3c_driver_api_area
                0x000000000000ce70        0x0
                0x000000000000ce70                _i3c_driver_api_list_start = .
 *(SORT_BY_NAME(SORT_BY_ALIGNMENT(._i3c_driver_api.static.*)))
                0x000000000000ce70                _i3c_driver_api_list_end = .

ipm_driver_api_area
                0x000000000000ce70        0x0
                0x000000000000ce70                _ipm_driver_api_list_start = .
 *(SORT_BY_NAME(SORT_BY_ALIGNMENT(._ipm_driver_api.static.*)))
                0x000000000000ce70                _ipm_driver_api_list_end = .

kscan_driver_api_area
                0x000000000000ce70        0x0
                0x000000000000ce70                _kscan_driver_api_list_start = .
 *(SORT_BY_NAME(SORT_BY_ALIGNMENT(._kscan_driver_api.static.*)))
                0x000000000000ce70                _kscan_driver_api_list_end = .

led_driver_api_area
                0x000000000000ce70        0x0
                0x000000000000ce70                _led_driver_api_list_start = .
 *(SORT_BY_NAME(SORT_BY_ALIGNMENT(._led_driver_api.static.*)))
                0x000000000000ce70                _led_driver_api_list_end = .

led_strip_driver_api_area
                0x000000000000ce70        0x0
                0x000000000000ce70                _led_strip_driver_api_list_start = .
 *(SORT_BY_NAME(SORT_BY_ALIGNMENT(._led_strip_driver_api.static.*)))
                0x000000000000ce70                _led_strip_driver_api_list_end = .

lora_driver_api_area
                0x000000000000ce70        0x0
                0x000000000000ce70                _lora_driver_api_list_start = .
 *(SORT_BY_NAME(SORT_BY_ALIGNMENT(._lora_driver_api.static.*)))
                0x000000000000ce70                _lora_driver_api_list_end = .

mbox_driver_api_area
                0x000000000000ce70        0x0
                0x000000000000ce70                _mbox_driver_api_list_start = .
 *(SORT_BY_NAME(SORT_BY_ALIGNMENT(._mbox_driver_api.static.*)))
                0x000000000000ce70                _mbox_driver_api_list_end = .

mdio_driver_api_area
                0x000000000000ce70        0x0
                0x000000000000ce70                _mdio_driver_api_list_start = .
 *(SORT_BY_NAME(SORT_BY_ALIGNMENT(._mdio_driver_api.static.*)))
                0x000000000000ce70                _mdio_driver_api_list_end = .

mipi_dbi_driver_api_area
                0x000000000000ce70        0x0
                0x000000000000ce70                _mipi_dbi_driver_api_list_start = .
 *(SORT_BY_NAME(SORT_BY_ALIGNMENT(._mipi_dbi_driver_api.static.*)))
                0x000000000000ce70                _mipi_dbi_driver_api_list_end = .

mipi_dsi_driver_api_area
                0x000000000000ce70        0x0
                0x000000000000ce70                _mipi_dsi_driver_api_list_start = .
 *(SORT_BY_NAME(SORT_BY_ALIGNMENT(._mipi_dsi_driver_api.static.*)))
                0x000000000000ce70                _mipi_dsi_driver_api_list_end = .

mspi_driver_api_area
                0x000000000000ce70        0x0
                0x000000000000ce70                _mspi_driver_api_list_start = .
 *(SORT_BY_NAME(SORT_BY_ALIGNMENT(._mspi_driver_api.static.*)))
                0x000000000000ce70                _mspi_driver_api_list_end = .

peci_driver_api_area
                0x000000000000ce70        0x0
                0x000000000000ce70                _peci_driver_api_list_start = .
 *(SORT_BY_NAME(SORT_BY_ALIGNMENT(._peci_driver_api.static.*)))
                0x000000000000ce70                _peci_driver_api_list_end = .

ps2_driver_api_area
                0x000000000000ce70        0x0
                0x000000000000ce70                _ps2_driver_api_list_start = .
 *(SORT_BY_NAME(SORT_BY_ALIGNMENT(._ps2_driver_api.static.*)))
                0x000000000000ce70                _ps2_driver_api_list_end = .

ptp_clock_driver_api_area
                0x000000000000ce70        0x0
                0x000000000000ce70                _ptp_clock_driver_api_list_start = .
 *(SORT_BY_NAME(SORT_BY_ALIGNMENT(._ptp_clock_driver_api.static.*)))
                0x000000000000ce70                _ptp_clock_driver_api_list_end = .

pwm_driver_api_area
                0x000000000000ce70        0x0
                0x000000000000ce70                _pwm_driver_api_list_start = .
 *(SORT_BY_NAME(SORT_BY_ALIGNMENT(._pwm_driver_api.static.*)))
                0x000000000000ce70                _pwm_driver_api_list_end = .

regulator_parent_driver_api_area
                0x000000000000ce70        0x0
                0x000000000000ce70                _regulator_parent_driver_api_list_start = .
 *(SORT_BY_NAME(SORT_BY_ALIGNMENT(._regulator_parent_driver_api.static.*)))
                0x000000000000ce70                _regulator_parent_driver_api_list_end = .

regulator_driver_api_area
                0x000000000000ce70        0x0
                0x000000000000ce70                _regulator_driver_api_list_start = .
 *(SORT_BY_NAME(SORT_BY_ALIGNMENT(._regulator_driver_api.static.*)))
                0x000000000000ce70                _regulator_driver_api_list_end = .

reset_driver_api_area
                0x000000000000ce70        0x0
                0x000000000000ce70                _reset_driver_api_list_start = .
 *(SORT_BY_NAME(SORT_BY_ALIGNMENT(._reset_driver_api.static.*)))
                0x000000000000ce70                _reset_driver_api_list_end = .

retained_mem_driver_api_area
                0x000000000000ce70        0x0
                0x000000000000ce70                _retained_mem_driver_api_list_start = .
 *(SORT_BY_NAME(SORT_BY_ALIGNMENT(._retained_mem_driver_api.static.*)))
                0x000000000000ce70                _retained_mem_driver_api_list_end = .

rtc_driver_api_area
                0x000000000000ce70        0x0
                0x000000000000ce70                _rtc_driver_api_list_start = .
 *(SORT_BY_NAME(SORT_BY_ALIGNMENT(._rtc_driver_api.static.*)))
                0x000000000000ce70                _rtc_driver_api_list_end = .

sdhc_driver_api_area
                0x000000000000ce70        0x0
                0x000000000000ce70                _sdhc_driver_api_list_start = .
 *(SORT_BY_NAME(SORT_BY_ALIGNMENT(._sdhc_driver_api.static.*)))
                0x000000000000ce70                _sdhc_driver_api_list_end = .

sensor_driver_api_area
                0x000000000000ce70        0x0
                0x000000000000ce70                _sensor_driver_api_list_start = .
 *(SORT_BY_NAME(SORT_BY_ALIGNMENT(._sensor_driver_api.static.*)))
                0x000000000000ce70                _sensor_driver_api_list_end = .

smbus_driver_api_area
                0x000000000000ce70        0x0
                0x000000000000ce70                _smbus_driver_api_list_start = .
 *(SORT_BY_NAME(SORT_BY_ALIGNMENT(._smbus_driver_api.static.*)))
                0x000000000000ce70                _smbus_driver_api_list_end = .

spi_driver_api_area
                0x000000000000ce70        0x0
                0x000000000000ce70                _spi_driver_api_list_start = .
 *(SORT_BY_NAME(SORT_BY_ALIGNMENT(._spi_driver_api.static.*)))
                0x000000000000ce70                _spi_driver_api_list_end = .

stepper_driver_api_area
                0x000000000000ce70        0x0
                0x000000000000ce70                _stepper_driver_api_list_start = .
 *(SORT_BY_NAME(SORT_BY_ALIGNMENT(._stepper_driver_api.static.*)))
                0x000000000000ce70                _stepper_driver_api_list_end = .

syscon_driver_api_area
                0x000000000000ce70        0x0
                0x000000000000ce70                _syscon_driver_api_list_start = .
 *(SORT_BY_NAME(SORT_BY_ALIGNMENT(._syscon_driver_api.static.*)))
                0x000000000000ce70                _syscon_driver_api_list_end = .

tee_driver_api_area
                0x000000000000ce70        0x0
                0x000000000000ce70                _tee_driver_api_list_start = .
 *(SORT_BY_NAME(SORT_BY_ALIGNMENT(._tee_driver_api.static.*)))
                0x000000000000ce70                _tee_driver_api_list_end = .

video_driver_api_area
                0x000000000000ce70        0x0
                0x000000000000ce70                _video_driver_api_list_start = .
 *(SORT_BY_NAME(SORT_BY_ALIGNMENT(._video_driver_api.static.*)))
                0x000000000000ce70                _video_driver_api_list_end = .

w1_driver_api_area
                0x000000000000ce70        0x0
                0x000000000000ce70                _w1_driver_api_list_start = .
 *(SORT_BY_NAME(SORT_BY_ALIGNMENT(._w1_driver_api.static.*)))
                0x000000000000ce70                _w1_driver_api_list_end = .

wdt_driver_api_area
                0x000000000000ce70        0x0
                0x000000000000ce70                _wdt_driver_api_list_start = .
 *(SORT_BY_NAME(SORT_BY_ALIGNMENT(._wdt_driver_api.static.*)))
                0x000000000000ce70                _wdt_driver_api_list_end = .

can_transceiver_driver_api_area
                0x000000000000ce70        0x0
                0x000000000000ce70                _can_transceiver_driver_api_list_start = .
 *(SORT_BY_NAME(SORT_BY_ALIGNMENT(._can_transceiver_driver_api.static.*)))
                0x000000000000ce70                _can_transceiver_driver_api_list_end = .

nrf_clock_control_driver_api_area
                0x000000000000ce70        0x0
                0x000000000000ce70                _nrf_clock_control_driver_api_list_start = .
 *(SORT_BY_NAME(SORT_BY_ALIGNMENT(._nrf_clock_control_driver_api.static.*)))
                0x000000000000ce70                _nrf_clock_control_driver_api_list_end = .

i3c_target_driver_api_area
                0x000000000000ce70        0x0
                0x000000000000ce70                _i3c_target_driver_api_list_start = .
 *(SORT_BY_NAME(SORT_BY_ALIGNMENT(._i3c_target_driver_api.static.*)))
                0x000000000000ce70                _i3c_target_driver_api_list_end = .

its_driver_api_area
                0x000000000000ce70        0x0
                0x000000000000ce70                _its_driver_api_list_start = .
 *(SORT_BY_NAME(SORT_BY_ALIGNMENT(._its_driver_api.static.*)))
                0x000000000000ce70                _its_driver_api_list_end = .

vtd_driver_api_area
                0x000000000000ce70        0x0
                0x000000000000ce70                _vtd_driver_api_list_start = .
 *(SORT_BY_NAME(SORT_BY_ALIGNMENT(._vtd_driver_api.static.*)))
                0x000000000000ce70                _vtd_driver_api_list_end = .

tgpio_driver_api_area
                0x000000000000ce70        0x0
                0x000000000000ce70                _tgpio_driver_api_list_start = .
 *(SORT_BY_NAME(SORT_BY_ALIGNMENT(._tgpio_driver_api.static.*)))
                0x000000000000ce70                _tgpio_driver_api_list_end = .

pcie_ctrl_driver_api_area
                0x000000000000ce70        0x0
                0x000000000000ce70                _pcie_ctrl_driver_api_list_start = .
 *(SORT_BY_NAME(SORT_BY_ALIGNMENT(._pcie_ctrl_driver_api.static.*)))
                0x000000000000ce70                _pcie_ctrl_driver_api_list_end = .

pcie_ep_driver_api_area
                0x000000000000ce70        0x0
                0x000000000000ce70                _pcie_ep_driver_api_list_start = .
 *(SORT_BY_NAME(SORT_BY_ALIGNMENT(._pcie_ep_driver_api.static.*)))
                0x000000000000ce70                _pcie_ep_driver_api_list_end = .

svc_driver_api_area
                0x000000000000ce70        0x0
                0x000000000000ce70                _svc_driver_api_list_start = .
 *(SORT_BY_NAME(SORT_BY_ALIGNMENT(._svc_driver_api.static.*)))
                0x000000000000ce70                _svc_driver_api_list_end = .

uart_driver_api_area
                0x000000000000ce70        0xc
                0x000000000000ce70                _uart_driver_api_list_start = .
 *(SORT_BY_NAME(SORT_BY_ALIGNMENT(._uart_driver_api.static.*)))
 ._uart_driver_api.static.uart_nrfx_uarte_driver_api_
                0x000000000000ce70        0xc zephyr/drivers/serial/libdrivers__serial.a(uart_nrfx_uarte.c.obj)
                0x000000000000ce7c                _uart_driver_api_list_end = .

bc12_emul_driver_api_area
                0x000000000000ce7c        0x0
                0x000000000000ce7c                _bc12_emul_driver_api_list_start = .
 *(SORT_BY_NAME(SORT_BY_ALIGNMENT(._bc12_emul_driver_api.static.*)))
                0x000000000000ce7c                _bc12_emul_driver_api_list_end = .

bc12_driver_api_area
                0x000000000000ce7c        0x0
                0x000000000000ce7c                _bc12_driver_api_list_start = .
 *(SORT_BY_NAME(SORT_BY_ALIGNMENT(._bc12_driver_api.static.*)))
                0x000000000000ce7c                _bc12_driver_api_list_end = .

usbc_ppc_driver_api_area
                0x000000000000ce7c        0x0
                0x000000000000ce7c                _usbc_ppc_driver_api_list_start = .
 *(SORT_BY_NAME(SORT_BY_ALIGNMENT(._usbc_ppc_driver_api.static.*)))
                0x000000000000ce7c                _usbc_ppc_driver_api_list_end = .

tcpc_driver_api_area
                0x000000000000ce7c        0x0
                0x000000000000ce7c                _tcpc_driver_api_list_start = .
 *(SORT_BY_NAME(SORT_BY_ALIGNMENT(._tcpc_driver_api.static.*)))
                0x000000000000ce7c                _tcpc_driver_api_list_end = .

usbc_vbus_driver_api_area
                0x000000000000ce7c        0x0
                0x000000000000ce7c                _usbc_vbus_driver_api_list_start = .
 *(SORT_BY_NAME(SORT_BY_ALIGNMENT(._usbc_vbus_driver_api.static.*)))
                0x000000000000ce7c                _usbc_vbus_driver_api_list_end = .

ivshmem_driver_api_area
                0x000000000000ce7c        0x0
                0x000000000000ce7c                _ivshmem_driver_api_list_start = .
 *(SORT_BY_NAME(SORT_BY_ALIGNMENT(._ivshmem_driver_api.static.*)))
                0x000000000000ce7c                _ivshmem_driver_api_list_end = .

ethphy_driver_api_area
                0x000000000000ce7c        0x0
                0x000000000000ce7c                _ethphy_driver_api_list_start = .
 *(SORT_BY_NAME(SORT_BY_ALIGNMENT(._ethphy_driver_api.static.*)))
                0x000000000000ce7c                _ethphy_driver_api_list_end = .

ztest           0x000000000000ce7c        0x0
                0x000000000000ce7c                _ztest_expected_result_entry_list_start = .
 *(SORT_BY_NAME(SORT_BY_ALIGNMENT(._ztest_expected_result_entry.static.*)))
                0x000000000000ce7c                _ztest_expected_result_entry_list_end = .
                0x000000000000ce7c                _ztest_suite_node_list_start = .
 *(SORT_BY_NAME(SORT_BY_ALIGNMENT(._ztest_suite_node.static.*)))
                0x000000000000ce7c                _ztest_suite_node_list_end = .
                0x000000000000ce7c                _ztest_unit_test_list_start = .
 *(SORT_BY_NAME(SORT_BY_ALIGNMENT(._ztest_unit_test.static.*)))
                0x000000000000ce7c                _ztest_unit_test_list_end = .
                0x000000000000ce7c                _ztest_test_rule_list_start = .
 *(SORT_BY_NAME(SORT_BY_ALIGNMENT(._ztest_test_rule.static.*)))
                0x000000000000ce7c                _ztest_test_rule_list_end = .

init_array      0x000000000000ce7c        0x0
 *(SORT_BY_NAME(SORT_BY_ALIGNMENT(.ctors*)))
 *(SORT_BY_NAME(SORT_BY_ALIGNMENT(.init_array*)))
                0x0000000000000001                ASSERT ((SIZEOF (init_array) == 0x0), GNU-style constructors required but STATIC_INIT_GNU not enabled)

bt_l2cap_fixed_chan_area
                0x000000000000ce7c        0x0
                0x000000000000ce7c                _bt_l2cap_fixed_chan_list_start = .
 *(SORT_BY_NAME(SORT_BY_ALIGNMENT(._bt_l2cap_fixed_chan.static.*)))
                0x000000000000ce7c                _bt_l2cap_fixed_chan_list_end = .

bt_gatt_service_static_area
                0x000000000000ce7c        0x0
                0x000000000000ce7c                _bt_gatt_service_static_list_start = .
 *(SORT_BY_NAME(SORT_BY_ALIGNMENT(._bt_gatt_service_static.static.*)))
                0x000000000000ce7c                _bt_gatt_service_static_list_end = .

log_strings_area
                0x000000000000ce7c        0x0
                0x000000000000ce7c                _log_strings_list_start = .
 *(SORT_BY_NAME(SORT_BY_ALIGNMENT(._log_strings.static.*)))
                0x000000000000ce7c                _log_strings_list_end = .

log_stmesp_ptr_area
                0x000000000000ce7c        0x0
                0x000000000000ce7c                _log_stmesp_ptr_list_start = .
 *(SORT_BY_NAME(SORT_BY_ALIGNMENT(._log_stmesp_ptr.static.*)))
                0x000000000000ce7c                _log_stmesp_ptr_list_end = .

log_stmesp_str_area
                0x000000000000ce7c        0x0
                0x000000000000ce7c                _log_stmesp_str_list_start = .
 *(SORT_BY_NAME(SORT_BY_ALIGNMENT(._log_stmesp_str.static.*)))
                0x000000000000ce7c                _log_stmesp_str_list_end = .

log_const_area  0x000000000000ce7c        0x0
                0x000000000000ce7c                _log_const_list_start = .
 *(SORT_BY_NAME(SORT_BY_ALIGNMENT(._log_const.static.*)))
                0x000000000000ce7c                _log_const_list_end = .

log_backend_area
                0x000000000000ce7c        0x0
                0x000000000000ce7c                _log_backend_list_start = .
 *(SORT_BY_NAME(SORT_BY_ALIGNMENT(._log_backend.static.*)))
                0x000000000000ce7c                _log_backend_list_end = .

log_link_area   0x000000000000ce7c        0x0
                0x000000000000ce7c                _log_link_list_start = .
 *(SORT_BY_NAME(SORT_BY_ALIGNMENT(._log_link.static.*)))
                0x000000000000ce7c                _log_link_list_end = .

tracing_backend_area
                0x000000000000ce7c        0x0
                0x000000000000ce7c                _tracing_backend_list_start = .
 *(SORT_BY_NAME(SORT_BY_ALIGNMENT(._tracing_backend.static.*)))
                0x000000000000ce7c                _tracing_backend_list_end = .

zephyr_dbg_info
 *(SORT_BY_ALIGNMENT(.dbg_thread_info))

intc_table_area
                0x000000000000ce7c        0x0
                0x000000000000ce7c                _intc_table_list_start = .
 *(SORT_BY_NAME(SORT_BY_ALIGNMENT(._intc_table.static.*)))
                0x000000000000ce7c                _intc_table_list_end = .

symbol_to_keep  0x000000000000ce7c        0x0
                0x000000000000ce7c                __symbol_to_keep_start = .
 *(SORT_BY_NAME(SORT_BY_ALIGNMENT(.symbol_to_keep*)))
                0x000000000000ce7c                __symbol_to_keep_end = .

shell_area      0x000000000000ce7c        0x0
                0x000000000000ce7c                _shell_list_start = .
 *(SORT_BY_NAME(SORT_BY_ALIGNMENT(._shell.static.*)))
                0x000000000000ce7c                _shell_list_end = .

shell_root_cmds_area
                0x000000000000ce7c        0x0
                0x000000000000ce7c                _shell_root_cmds_list_start = .
 *(SORT_BY_NAME(SORT_BY_ALIGNMENT(._shell_root_cmds.static.*)))
                0x000000000000ce7c                _shell_root_cmds_list_end = .

shell_subcmds_area
                0x000000000000ce7c        0x0
                0x000000000000ce7c                _shell_subcmds_list_start = .
 *(SORT_BY_NAME(SORT_BY_ALIGNMENT(._shell_subcmds.static.*)))
                0x000000000000ce7c                _shell_subcmds_list_end = .

shell_dynamic_subcmds_area
                0x000000000000ce7c        0x0
                0x000000000000ce7c                _shell_dynamic_subcmds_list_start = .
 *(SORT_BY_NAME(SORT_BY_ALIGNMENT(._shell_dynamic_subcmds.static.*)))
                0x000000000000ce7c                _shell_dynamic_subcmds_list_end = .

cfb_font_area   0x000000000000ce7c        0x0
                0x000000000000ce7c                _cfb_font_list_start = .
 *(SORT_BY_NAME(SORT_BY_ALIGNMENT(._cfb_font.static.*)))
                0x000000000000ce7c                _cfb_font_list_end = .

tdata           0x000000000000ce7c        0x0
 *(SORT_BY_ALIGNMENT(.tdata) SORT_BY_ALIGNMENT(.tdata.*) SORT_BY_ALIGNMENT(.gnu.linkonce.td.*))

tbss            0x000000000000ce7c        0x4
 *(SORT_BY_ALIGNMENT(.tbss) SORT_BY_ALIGNMENT(.tbss.*) SORT_BY_ALIGNMENT(.gnu.linkonce.tb.*) SORT_BY_ALIGNMENT(.tcommon))
 .tbss.z_tls_current
                0x000000000000ce7c        0x4 zephyr/libzephyr.a(thread_entry.c.obj)
                0x000000000000ce7c                z_tls_current
                0x000000000000ce7c                PROVIDE (__tdata_start = LOADADDR (tdata))
                0x0000000000000001                PROVIDE (__tdata_align = ALIGNOF (tdata))
                0x0000000000000000                PROVIDE (__tdata_size = (((SIZEOF (tdata) + __tdata_align) - 0x1) & ~ ((__tdata_align - 0x1))))
                [!provide]                        PROVIDE (__tdata_end = (__tdata_start + __tdata_size))
                0x0000000000000004                PROVIDE (__tbss_align = ALIGNOF (tbss))
                [!provide]                        PROVIDE (__tbss_start = ADDR (tbss))
                0x0000000000000004                PROVIDE (__tbss_size = (((SIZEOF (tbss) + __tbss_align) - 0x1) & ~ ((__tbss_align - 0x1))))
                [!provide]                        PROVIDE (__tbss_end = (__tbss_start + __tbss_size))
                [!provide]                        PROVIDE (__tls_start = __tdata_start)
                [!provide]                        PROVIDE (__tls_end = __tbss_end)
                [!provide]                        PROVIDE (__tls_size = (__tbss_end - __tdata_start))

rodata          0x000000000000ce80      0x204
 *(SORT_BY_ALIGNMENT(.rodata))
 *(SORT_BY_ALIGNMENT(.rodata.*))
 .rodata.delay_machine_code.1
                0x000000000000ce80        0x6 zephyr/soc/soc/nrf5340/libsoc__nordic.a(soc.c.obj)
 *fill*         0x000000000000ce86        0x2 
 .rodata.mem_attr_region
                0x000000000000ce88        0x0 zephyr/libzephyr.a(mem_attr.c.obj)
 .rodata.static_regions
                0x000000000000ce88        0xc zephyr/arch/arch/arm/core/mpu/libarch__arm__core__mpu.a(arm_core_mpu.c.obj)
 .rodata.mpu_config
                0x000000000000ce94        0x8 zephyr/arch/arch/arm/core/mpu/libarch__arm__core__mpu.a(arm_mpu_regions.c.obj)
                0x000000000000ce94                mpu_config
 .rodata.mpu_regions
                0x000000000000ce9c       0x20 zephyr/arch/arch/arm/core/mpu/libarch__arm__core__mpu.a(arm_mpu_regions.c.obj)
 .rodata.stdout
                0x000000000000cebc        0x4 zephyr/lib/libc/picolibc/liblib__libc__picolibc.a(stdio.c.obj)
                0x000000000000cebc                stderr
                0x000000000000cebc                stdout
 .rodata.transitions.0
                0x000000000000cec0        0xc zephyr/soc/soc/nrf5340/libsoc__nordic.a(nrf53_cpunet_mgmt.c.obj)
 .rodata.transitions.0
                0x000000000000cecc        0xc zephyr/drivers/clock_control/libdrivers__clock_control.a(clock_control_nrf.c.obj)
 .rodata.config
                0x000000000000ced8       0x20 zephyr/drivers/clock_control/libdrivers__clock_control.a(clock_control_nrf.c.obj)
 .rodata.gpio_nrfx_p1_cfg
                0x000000000000cef8       0x18 zephyr/drivers/gpio/libdrivers__gpio.a(gpio_nrfx.c.obj)
 .rodata.gpio_nrfx_p0_cfg
                0x000000000000cf10       0x18 zephyr/drivers/gpio/libdrivers__gpio.a(gpio_nrfx.c.obj)
 .rodata.uarte_0z_config
                0x000000000000cf28       0x24 zephyr/drivers/serial/libdrivers__serial.a(uart_nrfx_uarte.c.obj)
 .rodata.__pinctrl_dev_config__device_dts_ord_112
                0x000000000000cf4c        0xc zephyr/drivers/serial/libdrivers__serial.a(uart_nrfx_uarte.c.obj)
 .rodata.__pinctrl_states__device_dts_ord_112
                0x000000000000cf58        0x8 zephyr/drivers/serial/libdrivers__serial.a(uart_nrfx_uarte.c.obj)
 .rodata.__pinctrl_state_pins_0__device_dts_ord_112
                0x000000000000cf60       0x10 zephyr/drivers/serial/libdrivers__serial.a(uart_nrfx_uarte.c.obj)
 .rodata.levels.0
                0x000000000000cf70       0x18 zephyr/kernel/libkernel.a(init.c.obj)
 .rodata.CSWTCH.50
                0x000000000000cf88        0x8 modules/hal_nordic/modules/hal_nordic/nrfx/libmodules__hal_nordic__nrfx.a(nrfx_clock.c.obj)
 .rodata.CSWTCH.49
                0x000000000000cf90        0x8 modules/hal_nordic/modules/hal_nordic/nrfx/libmodules__hal_nordic__nrfx.a(nrfx_clock.c.obj)
 .rodata.main.str1.1
                0x000000000000cf98       0x16 app/libapp.a(main.c.obj)
 .rodata.boot_banner.str1.1
                0x000000000000cfae       0x63 zephyr/libzephyr.a(banner.c.obj)
 .rodata.str1.1
                0x000000000000d011        0xf zephyr/arch/arch/arm/core/mpu/libarch__arm__core__mpu.a(arm_mpu_regions.c.obj)
 .rodata.CSWTCH.4
                0x000000000000d020        0x4 zephyr/soc/soc/nrf5340/libsoc__nordic.a(nrf53_cpunet_mgmt.c.obj)
 .rodata.str1.1