Archive member included to satisfy reference by file (symbol)

platform/libplatform_s.a(system_nrf5340_application.o)
                              secure_fw/CMakeFiles/tfm_s.dir/__/platform/ext/target/nordic_nrf/common/core/startup.o (SystemInit)
platform/libplatform_s.a(exception_info.o)
                              secure_fw/CMakeFiles/tfm_s.dir/__/platform/ext/target/nordic_nrf/common/core/startup_nrf5340.o (store_and_dump_context)
platform/libplatform_s.a(tfm_hal_spm_logdev_peripheral.o)
                              platform/libplatform_s.a(exception_info.o) (tfm_hal_output_spm_log)
platform/libplatform_s.a(uart_stdout.o)
                              platform/libplatform_s.a(tfm_hal_spm_logdev_peripheral.o) (stdio_output_string)
platform/libplatform_s.a(Driver_USART.o)
                              platform/libplatform_s.a(uart_stdout.o) (Driver_USART1)
platform/libplatform_s.a(nrfx_uarte.o)
                              platform/libplatform_s.a(Driver_USART.o) (nrfx_uarte_init)
platform/libplatform_s.a(nrfx_glue.o)
                              platform/libplatform_s.a(nrfx_uarte.o) (nrfx_critical_section_enter)
secure_fw/partitions/lib/runtime/libtfm_sprt.a(crt_memmove.o)
                              platform/libplatform_s.a(nrfx_uarte.o) (memmove)
secure_fw/partitions/lib/runtime/libtfm_sprt.a(crt_memcpy.o)
                              platform/libplatform_s.a(exception_info.o) (memcpy)
secure_fw/partitions/lib/runtime/libtfm_sprt.a(crt_memset.o)
                              c:/ncs/toolchains/0b393f9e1b/opt/zephyr-sdk/arm-zephyr-eabi/bin/../lib/gcc/arm-zephyr-eabi/12.2.0/../../../../arm-zephyr-eabi/lib/thumb/v8-m.main/nofp/crt0.o (memset)
secure_fw/partitions/lib/runtime/libtfm_sprt.a(psa_interface_sfn.o)
                              secure_fw/CMakeFiles/tfm_s.dir/partitions/ns_agent_tz/psa_api_veneers_v80m.o (psa_framework_version)
secure_fw/spm/libtfm_spm.a(utilities.o)
                              secure_fw/CMakeFiles/tfm_s.dir/__/platform/ext/target/nordic_nrf/common/core/startup.o (tfm_core_panic)
secure_fw/spm/libtfm_spm.a(spm_log.o)
                              platform/libplatform_s.a(exception_info.o) (spm_log_msgval)
secure_fw/spm/libtfm_spm.a(main.o)
                              c:/ncs/toolchains/0b393f9e1b/opt/zephyr-sdk/arm-zephyr-eabi/bin/../lib/gcc/arm-zephyr-eabi/12.2.0/../../../../arm-zephyr-eabi/lib/thumb/v8-m.main/nofp/crt0.o (main)
secure_fw/spm/libtfm_spm.a(spm_ipc.o)
                              secure_fw/spm/libtfm_spm.a(main.o) (tfm_spm_init)
secure_fw/spm/libtfm_spm.a(rom_loader.o)
                              secure_fw/spm/libtfm_spm.a(spm_ipc.o) (load_a_partition_assuredly)
secure_fw/spm/libtfm_spm.a(psa_api.o)
                              secure_fw/partitions/lib/runtime/libtfm_sprt.a(psa_interface_sfn.o) (spm_handle_programmer_errors)
secure_fw/spm/libtfm_spm.a(psa_call_api.o)
                              secure_fw/partitions/lib/runtime/libtfm_sprt.a(psa_interface_sfn.o) (tfm_spm_client_psa_call)
secure_fw/spm/libtfm_spm.a(psa_version_api.o)
                              secure_fw/partitions/lib/runtime/libtfm_sprt.a(psa_interface_sfn.o) (tfm_spm_client_psa_framework_version)
secure_fw/spm/libtfm_spm.a(psa_read_write_skip_api.o)
                              secure_fw/partitions/lib/runtime/libtfm_sprt.a(psa_interface_sfn.o) (tfm_spm_partition_psa_read)
secure_fw/spm/libtfm_spm.a(backend_sfn.o)
                              secure_fw/partitions/lib/runtime/libtfm_sprt.a(psa_interface_sfn.o) (p_current_partition)
secure_fw/spm/libtfm_spm.a(tfm_spm_ns_ctx.o)
                              secure_fw/spm/libtfm_spm.a(backend_sfn.o) (tz_ns_agent_register_client_id_range)
secure_fw/spm/libtfm_spm.a(spm_local_connection.o)
                              secure_fw/spm/libtfm_spm.a(spm_ipc.o) (connection_to_handle)
secure_fw/spm/libtfm_spm.a(tfm_arch_v8m_main.o)
                              secure_fw/spm/libtfm_spm.a(main.o) (tfm_arch_set_secure_exception_priorities)
secure_fw/spm/libtfm_spm.a(ns_agent_tz_v80m.o)
                              secure_fw/CMakeFiles/tfm_s.dir/partitions/ns_agent_tz/load_info_ns_agent_tz.o (ns_agent_tz_main)
secure_fw/spm/libtfm_spm.a(tfm_hal_isolation.o)
                              secure_fw/spm/libtfm_spm.a(spm_ipc.o) (tfm_hal_bind_boundary)
secure_fw/spm/libtfm_spm.a(tfm_hal_platform_common.o)
                              secure_fw/spm/libtfm_spm.a(tfm_spm_ns_ctx.o) (tfm_hal_get_ns_VTOR)
secure_fw/spm/libtfm_spm.a(faults.o)
                              secure_fw/CMakeFiles/tfm_s.dir/__/platform/ext/target/nordic_nrf/common/core/startup_nrf5340.o (SPU_IRQHandler)
secure_fw/spm/libtfm_spm.a(target_cfg.o)
                              secure_fw/spm/libtfm_spm.a(tfm_hal_platform_common.o) (enable_fault_handlers)
secure_fw/spm/libtfm_spm.a(tfm_boot_data.o)
                              secure_fw/spm/libtfm_spm.a(main.o) (tfm_core_validate_boot_data)
secure_fw/spm/libtfm_spm.a(tfm_arch.o)
[...]
Memory Configuration

Name             Origin             Length             Attributes
FLASH            0x0000000000000000 0x0000000000008000 xr
RAM              0x0000000020000000 0x0000000000008000 rw
*default*        0x0000000000000000 0xffffffffffffffff

Linker script and memory map

LOAD c:/ncs/toolchains/0b393f9e1b/opt/zephyr-sdk/arm-zephyr-eabi/bin/../lib/gcc/arm-zephyr-eabi/12.2.0/thumb/v8-m.main/nofp/crti.o
LOAD c:/ncs/toolchains/0b393f9e1b/opt/zephyr-sdk/arm-zephyr-eabi/bin/../lib/gcc/arm-zephyr-eabi/12.2.0/thumb/v8-m.main/nofp/crtbegin.o
LOAD c:/ncs/toolchains/0b393f9e1b/opt/zephyr-sdk/arm-zephyr-eabi/bin/../lib/gcc/arm-zephyr-eabi/12.2.0/../../../../arm-zephyr-eabi/lib/thumb/v8-m.main/nofp/crt0.o
LOAD secure_fw/CMakeFiles/tfm_s.dir/partitions/ns_agent_tz/psa_api_veneers_v80m.o
LOAD secure_fw/CMakeFiles/tfm_s.dir/__/platform/ext/target/nordic_nrf/common/core/startup.o
LOAD secure_fw/CMakeFiles/tfm_s.dir/__/platform/ext/target/nordic_nrf/common/core/startup_nrf5340.o
LOAD secure_fw/CMakeFiles/tfm_s.dir/__/platform/ext/common/faults.o
LOAD secure_fw/CMakeFiles/tfm_s.dir/__/generated/secure_fw/partitions/crypto/auto_generated/load_info_tfm_crypto.o
LOAD secure_fw/CMakeFiles/tfm_s.dir/__/generated/secure_fw/partitions/platform/auto_generated/load_info_tfm_platform.o
LOAD secure_fw/CMakeFiles/tfm_s.dir/partitions/ns_agent_tz/load_info_ns_agent_tz.o
LOAD secure_fw/CMakeFiles/tfm_s.dir/__/platform/ext/common/syscalls_stub.o
LOAD platform/libplatform_s.a
LOAD secure_fw/partitions/lib/runtime/libtfm_sprt.a
LOAD secure_fw/spm/libtfm_spm.a
LOAD secure_fw/partitions/crypto/libtfm_psa_rot_partition_crypto.a
LOAD platform/libplatform_crypto_keys.a
LOAD secure_fw/partitions/crypto/mbedcrypto/nrf_security_src/libcrypto_service_mbedcrypto.a
LOAD secure_fw/partitions/platform/libtfm_psa_rot_partition_platform.a
LOAD secure_fw/partitions/lib/runtime/libtfm_sp_log.a
LOAD secure_fw/partitions/crypto/mbedcrypto/nrf_security_src/libmbedcrypto_base.a
LOAD secure_fw/partitions/crypto/mbedcrypto/nrf_security_src/core/nrf_oberon/liboberon_psa_core.a
LOAD secure_fw/partitions/crypto/mbedcrypto/nrf_security_src/libnrf_security_utils.a
LOAD secure_fw/partitions/crypto/mbedcrypto/nrf_security_src/drivers/nrf_oberon/liboberon_psa_driver.a
LOAD C:/ncs/v3.0.2/nrfxlib/crypto/nrf_oberon/lib/cortex-m33/soft-float/liboberon_mbedtls_3.0.16.a
LOAD platform/libplatform_s.a
LOAD secure_fw/partitions/lib/runtime/libtfm_sprt.a
LOAD secure_fw/spm/libtfm_spm.a
LOAD secure_fw/partitions/crypto/libtfm_psa_rot_partition_crypto.a
LOAD platform/libplatform_crypto_keys.a
LOAD secure_fw/partitions/crypto/mbedcrypto/nrf_security_src/libcrypto_service_mbedcrypto.a
LOAD secure_fw/partitions/platform/libtfm_psa_rot_partition_platform.a
LOAD secure_fw/partitions/lib/runtime/libtfm_sp_log.a
LOAD secure_fw/partitions/crypto/mbedcrypto/nrf_security_src/libmbedcrypto_base.a
LOAD secure_fw/partitions/crypto/mbedcrypto/nrf_security_src/core/nrf_oberon/liboberon_psa_core.a
LOAD secure_fw/partitions/crypto/mbedcrypto/nrf_security_src/libnrf_security_utils.a
LOAD secure_fw/partitions/crypto/mbedcrypto/nrf_security_src/drivers/nrf_oberon/liboberon_psa_driver.a
LOAD C:/ncs/v3.0.2/nrfxlib/crypto/nrf_oberon/lib/cortex-m33/soft-float/liboberon_mbedtls_3.0.16.a
LOAD platform/libplatform_s.a
LOAD secure_fw/partitions/lib/runtime/libtfm_sprt.a
LOAD secure_fw/spm/libtfm_spm.a
LOAD secure_fw/partitions/crypto/libtfm_psa_rot_partition_crypto.a
LOAD platform/libplatform_crypto_keys.a
LOAD secure_fw/partitions/crypto/mbedcrypto/nrf_security_src/libcrypto_service_mbedcrypto.a
LOAD secure_fw/partitions/platform/libtfm_psa_rot_partition_platform.a
LOAD secure_fw/partitions/lib/runtime/libtfm_sp_log.a
LOAD secure_fw/partitions/crypto/mbedcrypto/nrf_security_src/libmbedcrypto_base.a
LOAD secure_fw/partitions/crypto/mbedcrypto/nrf_security_src/core/nrf_oberon/liboberon_psa_core.a
LOAD secure_fw/partitions/crypto/mbedcrypto/nrf_security_src/libnrf_security_utils.a
LOAD secure_fw/partitions/crypto/mbedcrypto/nrf_security_src/drivers/nrf_oberon/liboberon_psa_driver.a
LOAD C:/ncs/v3.0.2/nrfxlib/crypto/nrf_oberon/lib/cortex-m33/soft-float/liboberon_mbedtls_3.0.16.a
LOAD C:/ncs/v3.0.2/nrfxlib/crypto/nrf_cc312_platform/lib/cortex-m33/soft-float/no-interrupts/libnrf_cc312_platform_0.9.19.a
LOAD C:/ncs/v3.0.2/nrfxlib/crypto/nrf_oberon/lib/cortex-m33/soft-float/liboberon_3.0.16.a
START GROUP
LOAD c:/ncs/toolchains/0b393f9e1b/opt/zephyr-sdk/arm-zephyr-eabi/bin/../lib/gcc/arm-zephyr-eabi/12.2.0/thumb/v8-m.main/nofp\libgcc.a
LOAD c:/ncs/toolchains/0b393f9e1b/opt/zephyr-sdk/arm-zephyr-eabi/bin/../lib/gcc/arm-zephyr-eabi/12.2.0/../../../../arm-zephyr-eabi/lib/thumb/v8-m.main/nofp\libc_nano.a
END GROUP
START GROUP
LOAD c:/ncs/toolchains/0b393f9e1b/opt/zephyr-sdk/arm-zephyr-eabi/bin/../lib/gcc/arm-zephyr-eabi/12.2.0/thumb/v8-m.main/nofp\libgcc.a
LOAD c:/ncs/toolchains/0b393f9e1b/opt/zephyr-sdk/arm-zephyr-eabi/bin/../lib/gcc/arm-zephyr-eabi/12.2.0/../../../../arm-zephyr-eabi/lib/thumb/v8-m.main/nofp\libc_nano.a
LOAD c:/ncs/toolchains/0b393f9e1b/opt/zephyr-sdk/arm-zephyr-eabi/bin/../lib/gcc/arm-zephyr-eabi/12.2.0/../../../../arm-zephyr-eabi/lib/thumb/v8-m.main/nofp\libnosys.a
END GROUP
START GROUP
LOAD c:/ncs/toolchains/0b393f9e1b/opt/zephyr-sdk/arm-zephyr-eabi/bin/../lib/gcc/arm-zephyr-eabi/12.2.0/thumb/v8-m.main/nofp\libgcc.a
LOAD c:/ncs/toolchains/0b393f9e1b/opt/zephyr-sdk/arm-zephyr-eabi/bin/../lib/gcc/arm-zephyr-eabi/12.2.0/../../../../arm-zephyr-eabi/lib/thumb/v8-m.main/nofp\libc_nano.a
LOAD c:/ncs/toolchains/0b393f9e1b/opt/zephyr-sdk/arm-zephyr-eabi/bin/../lib/gcc/arm-zephyr-eabi/12.2.0/../../../../arm-zephyr-eabi/lib/thumb/v8-m.main/nofp\libnosys.a
END GROUP
LOAD c:/ncs/toolchains/0b393f9e1b/opt/zephyr-sdk/arm-zephyr-eabi/bin/../lib/gcc/arm-zephyr-eabi/12.2.0/thumb/v8-m.main/nofp/crtend.o
LOAD c:/ncs/toolchains/0b393f9e1b/opt/zephyr-sdk/arm-zephyr-eabi/bin/../lib/gcc/arm-zephyr-eabi/12.2.0/thumb/v8-m.main/nofp/crtn.o
                0x0000000000000800                __msp_stack_size__ = 0x800
                0x0000000000000000                Image$$PT_RO_START$$Base = ADDR (.TFM_VECTORS)

.TFM_VECTORS    0x0000000000000000      0x154
                0x0000000000000000                __vectors_start__ = .
 *(.vectors)
 .vectors       0x0000000000000000      0x154 secure_fw/CMakeFiles/tfm_s.dir/__/platform/ext/target/nordic_nrf/common/core/startup_nrf5340.o
                0x0000000000000000                __Vectors
                0x0000000000000154                . = ALIGN (0x4)
                0x0000000000000154                __vectors_end__ = .
                0x0000000000000001                ASSERT ((__vectors_start__ != __vectors_end__), .vectors should not be empty)
                0x0000000000000001                ASSERT ((. <= (ADDR (.TFM_VECTORS) + 0x154)), .TFM_VECTORS section size overflow.)
                0x0000000000000154                . = (ADDR (.TFM_VECTORS) + 0x154)

.TFM_SP_LOAD_LIST
                0x0000000000000154       0xd4
 *(.part_load_priority_00)
 .part_load_priority_00
                0x0000000000000154       0x38 secure_fw/CMakeFiles/tfm_s.dir/partitions/ns_agent_tz/load_info_ns_agent_tz.o
                0x0000000000000154                tfm_sp_ns_agent_tz_load
 *(.part_load_priority_01)
 *(.part_load_priority_02)
 .part_load_priority_02
                0x000000000000018c       0x50 secure_fw/CMakeFiles/tfm_s.dir/__/generated/secure_fw/partitions/crypto/auto_generated/load_info_tfm_crypto.o
                0x000000000000018c                tfm_sp_crypto_load
 .part_load_priority_02
                0x00000000000001dc       0x4c secure_fw/CMakeFiles/tfm_s.dir/__/generated/secure_fw/partitions/platform/auto_generated/load_info_tfm_platform.o
                0x00000000000001dc                tfm_sp_platform_load
 *(.part_load_priority_03)
                0x0000000000000154                Image$$TFM_SP_LOAD_LIST$$RO$$Base = ADDR (.TFM_SP_LOAD_LIST)
                0x0000000000000228                Image$$TFM_SP_LOAD_LIST$$RO$$Limit = (ADDR (.TFM_SP_LOAD_LIST) + SIZEOF (.TFM_SP_LOAD_LIST))
                0x0000000000000240                . = ALIGN (0x20)
                0x0000000000000240                Image$$TFM_PSA_CODE_START$$Base = .

.TFM_PSA_ROT_LINKER
                0x0000000000000240      0x420
 *tfm_psa_rot_partition*:(SORT_BY_ALIGNMENT(.text*))
 .text.tfm_crypto_clear_scratch
                0x0000000000000240       0x20 secure_fw/partitions/crypto/libtfm_psa_rot_partition_crypto.a(crypto_init.o)
 .text.tfm_crypto_api_dispatcher
                0x0000000000000260       0xb0 secure_fw/partitions/crypto/libtfm_psa_rot_partition_crypto.a(crypto_init.o)
                0x0000000000000260                tfm_crypto_api_dispatcher
 .text.tfm_crypto_sfn
                0x0000000000000310      0x17c secure_fw/partitions/crypto/libtfm_psa_rot_partition_crypto.a(crypto_init.o)
                0x0000000000000310                tfm_crypto_sfn
 .text.tfm_crypto_init_alloc
                0x000000000000048c       0x14 secure_fw/partitions/crypto/libtfm_psa_rot_partition_crypto.a(crypto_alloc.o)
                0x000000000000048c                tfm_crypto_init_alloc
 .text.tfm_crypto_library_get_info
                0x00000000000004a0       0x1c secure_fw/partitions/crypto/libtfm_psa_rot_partition_crypto.a(crypto_library.o)
                0x00000000000004a0                tfm_crypto_library_get_info
 .text.tfm_crypto_core_library_init
                0x00000000000004bc       0x14 secure_fw/partitions/crypto/libtfm_psa_rot_partition_crypto.a(crypto_library.o)
                0x00000000000004bc                tfm_crypto_core_library_init
 .text.tfm_crypto_init
                0x00000000000004d0       0x1c secure_fw/partitions/crypto/libtfm_psa_rot_partition_crypto.a(crypto_init.o)
                0x00000000000004d0                tfm_crypto_init
 .text.tfm_crypto_cipher_interface
                0x00000000000004ec        0x6 secure_fw/partitions/crypto/libtfm_psa_rot_partition_crypto.a(crypto_cipher.o)
                0x00000000000004ec                tfm_crypto_cipher_interface
 .text.tfm_crypto_hash_interface
                0x00000000000004f2        0x6 secure_fw/partitions/crypto/libtfm_psa_rot_partition_crypto.a(crypto_hash.o)
                0x00000000000004f2                tfm_crypto_hash_interface
 .text.tfm_crypto_mac_interface
                0x00000000000004f8        0x6 secure_fw/partitions/crypto/libtfm_psa_rot_partition_crypto.a(crypto_mac.o)
                0x00000000000004f8                tfm_crypto_mac_interface
 .text.tfm_crypto_aead_interface
                0x00000000000004fe        0x6 secure_fw/partitions/crypto/libtfm_psa_rot_partition_crypto.a(crypto_aead.o)
                0x00000000000004fe                tfm_crypto_aead_interface
 .text.tfm_crypto_asymmetric_sign_interface
                0x0000000000000504        0x6 secure_fw/partitions/crypto/libtfm_psa_rot_partition_crypto.a(crypto_asymmetric.o)
                0x0000000000000504                tfm_crypto_asymmetric_sign_interface
 .text.tfm_crypto_asymmetric_encrypt_interface
                0x000000000000050a        0x6 secure_fw/partitions/crypto/libtfm_psa_rot_partition_crypto.a(crypto_asymmetric.o)
                0x000000000000050a                tfm_crypto_asymmetric_encrypt_interface
 .text.tfm_crypto_key_derivation_interface
                0x0000000000000510        0x6 secure_fw/partitions/crypto/libtfm_psa_rot_partition_crypto.a(crypto_key_derivation.o)
                0x0000000000000510                tfm_crypto_key_derivation_interface
 .text.tfm_crypto_key_management_interface
                0x0000000000000516        0x6 secure_fw/partitions/crypto/libtfm_psa_rot_partition_crypto.a(crypto_key_management.o)
                0x0000000000000516                tfm_crypto_key_management_interface
 .text.tfm_crypto_random_interface
                0x000000000000051c        0x8 secure_fw/partitions/crypto/libtfm_psa_rot_partition_crypto.a(crypto_rng.o)
                0x000000000000051c                tfm_crypto_random_interface
 .text.tfm_crypto_pake_interface
                0x0000000000000524        0x6 secure_fw/partitions/crypto/libtfm_psa_rot_partition_crypto.a(crypto_pake.o)
                0x0000000000000524                tfm_crypto_pake_interface
 .text.tfm_platform_service_sfn
                0x000000000000052a      0x114 secure_fw/partitions/platform/libtfm_psa_rot_partition_platform.a(platform_sp.o)
                0x000000000000052a                tfm_platform_service_sfn
 .text.platform_sp_init
                0x000000000000063e        0x4 secure_fw/partitions/platform/libtfm_psa_rot_partition_platform.a(platform_sp.o)
                0x000000000000063e                platform_sp_init
 *tfm_psa_rot_partition*:(SORT_BY_ALIGNMENT(.rodata*))
 .rodata.tfm_crypto_library_get_info.str1.1
                0x0000000000000642        0xf secure_fw/partitions/crypto/libtfm_psa_rot_partition_crypto.a(crypto_library.o)
 *(TFM_*_PSA-ROT_ATTR_FN)
                0x0000000000000660                . = ALIGN (0x20)
 *fill*         0x0000000000000651        0xf 
                0x0000000000000240                Image$$TFM_PSA_ROT_LINKER$$RO$$Base = ADDR (.TFM_PSA_ROT_LINKER)
                0x0000000000000660                Image$$TFM_PSA_ROT_LINKER$$RO$$Limit = (ADDR (.TFM_PSA_ROT_LINKER) + SIZEOF (.TFM_PSA_ROT_LINKER))
                0x0000000000000240                Image$$TFM_PSA_ROT_LINKER$$Base = ADDR (.TFM_PSA_ROT_LINKER)
                0x0000000000000660                Image$$TFM_PSA_ROT_LINKER$$Limit = (ADDR (.TFM_PSA_ROT_LINKER) + SIZEOF (.TFM_PSA_ROT_LINKER))
                0x0000000000000660                Image$$TFM_PSA_CODE_END$$Base = .
                0x0000000000000660                Image$$TFM_APP_CODE_START$$Base = .

.TFM_APP_ROT_LINKER
                0x0000000000000660        0x0
 *tfm_app_rot_partition*:(SORT_BY_ALIGNMENT(.text*))
 *tfm_app_rot_partition*:(SORT_BY_ALIGNMENT(.rodata*))
 *(TFM_*_APP-ROT_ATTR_FN)
                0x0000000000000660                . = ALIGN (0x20)
                0x0000000000000660                Image$$TFM_APP_ROT_LINKER$$RO$$Base = ADDR (.TFM_APP_ROT_LINKER)
                0x0000000000000660                Image$$TFM_APP_ROT_LINKER$$RO$$Limit = (ADDR (.TFM_APP_ROT_LINKER) + SIZEOF (.TFM_APP_ROT_LINKER))
                0x0000000000000660                Image$$TFM_APP_ROT_LINKER$$Base = ADDR (.TFM_APP_ROT_LINKER)
                0x0000000000000660                Image$$TFM_APP_ROT_LINKER$$Limit = (ADDR (.TFM_APP_ROT_LINKER) + SIZEOF (.TFM_APP_ROT_LINKER))
                0x0000000000000660                Image$$TFM_APP_CODE_END$$Base = .

.ARM.extab
 *(.ARM.extab* .gnu.linkonce.armextab.*)
                0x0000000000000660                __exidx_start = .

.ARM.exidx      0x0000000000000660        0x8
 *(.ARM.exidx* .gnu.linkonce.armexidx.*)
 .ARM.exidx     0x0000000000000660        0x8 c:/ncs/toolchains/0b393f9e1b/opt/zephyr-sdk/arm-zephyr-eabi/bin/../lib/gcc/arm-zephyr-eabi/12.2.0/../../../../arm-zephyr-eabi/lib/thumb/v8-m.main/nofp/crt0.o
                                         0x10 (size before relaxing)
                0x0000000000000668                __exidx_end = .

.ER_TFM_CODE    0x0000000000000668     0x3047
                0x0000000000000668                . = ALIGN (0x4)
                0x0000000000000668                PROVIDE (__preinit_array_start = .)
 *(.preinit_array)
                0x0000000000000668                PROVIDE (__preinit_array_end = .)
                0x0000000000000668                . = ALIGN (0x4)
                0x0000000000000668                PROVIDE (__init_array_start = .)
 *(SORT_BY_NAME(.init_array.*))
 *(.init_array)
 .init_array    0x0000000000000668        0x4 c:/ncs/toolchains/0b393f9e1b/opt/zephyr-sdk/arm-zephyr-eabi/bin/../lib/gcc/arm-zephyr-eabi/12.2.0/thumb/v8-m.main/nofp/crtbegin.o
                0x000000000000066c                PROVIDE (__init_array_end = .)
                0x000000000000066c                . = ALIGN (0x4)
                [!provide]                        PROVIDE (__fini_array_start = .)
 *(SORT_BY_NAME(.fini_array.*))
 *(.fini_array)
 .fini_array    0x000000000000066c        0x4 c:/ncs/toolchains/0b393f9e1b/opt/zephyr-sdk/arm-zephyr-eabi/bin/../lib/gcc/arm-zephyr-eabi/12.2.0/thumb/v8-m.main/nofp/crtbegin.o
                [!provide]                        PROVIDE (__fini_array_end = .)
                0x0000000000000670                . = ALIGN (0x4)
                0x0000000000000670                __copy_table_start__ = .
                0x0000000000000670        0x4 LONG 0x7c40 LOADADDR (.TFM_DATA)
                0x0000000000000674        0x4 LONG 0x20001080 ADDR (.TFM_DATA)
                0x0000000000000678        0x4 LONG 0x49 (SIZEOF (.TFM_DATA) / 0x4)
                0x000000000000067c        0x4 LONG 0x7c40 LOADADDR (.TFM_PSA_ROT_LINKER_DATA)
                0x0000000000000680        0x4 LONG 0x20000c20 ADDR (.TFM_PSA_ROT_LINKER_DATA)
                0x0000000000000684        0x4 LONG 0x0 (SIZEOF (.TFM_PSA_ROT_LINKER_DATA) / 0x4)
                0x0000000000000688        0x4 LONG 0x7c40 LOADADDR (.TFM_APP_ROT_LINKER_DATA)
                0x000000000000068c        0x4 LONG 0x20000c00 ADDR (.TFM_APP_ROT_LINKER_DATA)
                0x0000000000000690        0x4 LONG 0x0 (SIZEOF (.TFM_APP_ROT_LINKER_DATA) / 0x4)
                0x0000000000000694                __copy_table_end__ = .
                0x0000000000000694                . = ALIGN (0x4)
                0x0000000000000694                __zero_table_start__ = .
                0x0000000000000694        0x4 LONG 0x200011a4 ADDR (.TFM_BSS)
                0x0000000000000698        0x4 LONG 0x5c0 (SIZEOF (.TFM_BSS) / 0x4)
                0x000000000000069c        0x4 LONG 0x20000c20 ADDR (.TFM_PSA_ROT_LINKER_BSS)
                0x00000000000006a0        0x4 LONG 0x118 (SIZEOF (.TFM_PSA_ROT_LINKER_BSS) / 0x4)
                0x00000000000006a4        0x4 LONG 0x20000c00 ADDR (.TFM_APP_ROT_LINKER_BSS)
                0x00000000000006a8        0x4 LONG 0x8 (SIZEOF (.TFM_APP_ROT_LINKER_BSS) / 0x4)
                0x00000000000006ac                __zero_table_end__ = .
 *startup*(.text*)
 .text.default_irq_handler
                0x00000000000006ac        0x4 secure_fw/CMakeFiles/tfm_s.dir/__/platform/ext/target/nordic_nrf/common/core/startup.o
                0x00000000000006ac                default_irq_handler
 .text.Reset_Handler
                0x00000000000006b0       0xa4 secure_fw/CMakeFiles/tfm_s.dir/__/platform/ext/target/nordic_nrf/common/core/startup.o
                0x00000000000006b0                Reset_Handler
 .text.default_tfm_IRQHandler
                0x0000000000000754       0x1c secure_fw/CMakeFiles/tfm_s.dir/__/platform/ext/target/nordic_nrf/common/core/startup_nrf5340.o
                0x0000000000000754                TIMER2_IRQHandler
                0x0000000000000754                DebugMon_Handler
                0x0000000000000754                SPIM4_IRQHandler
                0x0000000000000754                RTC0_IRQHandler
                0x0000000000000754                SERIAL1_IRQHandler
                0x0000000000000754                SysTick_Handler
                0x0000000000000754                PWM1_IRQHandler
                0x0000000000000754                SERIAL3_IRQHandler
                0x0000000000000754                PendSV_Handler
                0x0000000000000754                NMI_Handler
                0x0000000000000754                WDT0_IRQHandler
                0x0000000000000754                I2S0_IRQHandler
                0x0000000000000754                default_tfm_IRQHandler
                0x0000000000000754                IPC_IRQHandler
                0x0000000000000754                SERIAL2_IRQHandler
                0x0000000000000754                PWM3_IRQHandler
                0x0000000000000754                QDEC1_IRQHandler
                0x0000000000000754                FPU_IRQHandler
                0x0000000000000754                USBD_IRQHandler
                0x0000000000000754                EGU3_IRQHandler
                0x0000000000000754                KMU_IRQHandler
                0x0000000000000754                CRYPTOCELL_IRQHandler
                0x0000000000000754                EGU2_IRQHandler
                0x0000000000000754                TIMER0_IRQHandler
                0x0000000000000754                CACHE_IRQHandler
                0x0000000000000754                EGU4_IRQHandler
                0x0000000000000754                EGU0_IRQHandler
                0x0000000000000754                GPIOTE1_IRQHandler
                0x0000000000000754                TIMER1_IRQHandler
                0x0000000000000754                PWM2_IRQHandler
                0x0000000000000754                EGU1_IRQHandler
                0x0000000000000754                EGU5_IRQHandler
                0x0000000000000754                SAADC_IRQHandler
                0x0000000000000754                GPIOTE0_IRQHandler
                0x0000000000000754                QDEC0_IRQHandler
                0x0000000000000754                PWM0_IRQHandler
                0x0000000000000754                RTC1_IRQHandler
                0x0000000000000754                SERIAL0_IRQHandler
                0x0000000000000754                USBREGULATOR_IRQHandler
                0x0000000000000754                NFCT_IRQHandler
                0x0000000000000754                WDT1_IRQHandler
                0x0000000000000754                QSPI_IRQHandler
                0x0000000000000754                COMP_LPCOMP_IRQHandler
                0x0000000000000754                CLOCK_POWER_IRQHandler
                0x0000000000000754                PDM0_IRQHandler
 *libplatform_s*:(SORT_BY_ALIGNMENT(.text*))
 .text.nrf53_errata_42
                0x0000000000000770       0x24 platform/libplatform_s.a(system_nrf5340_application.o)
 .text.SystemInit
                0x0000000000000794      0x224 platform/libplatform_s.a(system_nrf5340_application.o)
                0x0000000000000794                SystemInit
 .text.tfm_exception_info_get_context
                0x00000000000009b8        0xc platform/libplatform_s.a(exception_info.o)
                0x00000000000009b8                tfm_exception_info_get_context
 .text.store_and_dump_context
                0x00000000000009c4      0x118 platform/libplatform_s.a(exception_info.o)
                0x00000000000009c4                store_and_dump_context
 .text.stdio_output_string
                0x0000000000000adc       0x40 platform/libplatform_s.a(uart_stdout.o)
                0x0000000000000adc                stdio_output_string
 .text.stdio_init
                0x0000000000000b1c       0x30 platform/libplatform_s.a(uart_stdout.o)
                0x0000000000000b1c                stdio_init
 .text.ARM_USART_GetVersion
                0x0000000000000b4c       0x20 platform/libplatform_s.a(Driver_USART.o)
 .text.ARM_USART1_GetTxCount
                0x0000000000000b6c        0xc platform/libplatform_s.a(Driver_USART.o)
 .text.ARM_USART1_GetRxCount
                0x0000000000000b78        0xc platform/libplatform_s.a(Driver_USART.o)
 .text.ARM_USART1_Uninitialize
                0x0000000000000b84       0x18 platform/libplatform_s.a(Driver_USART.o)
 .text.ARM_USART1_Receive
                0x0000000000000b9c       0x3c platform/libplatform_s.a(Driver_USART.o)
 .text.ARM_USARTx_Send.constprop.0
                0x0000000000000bd8       0x78 platform/libplatform_s.a(Driver_USART.o)
 .text.ARM_USART1_Control
                0x0000000000000c50      0x190 platform/libplatform_s.a(Driver_USART.o)
 .text.ARM_USART1_Initialize
                0x0000000000000de0       0x70 platform/libplatform_s.a(Driver_USART.o)
 .text.nrf_gpio_pin_port_decode
                0x0000000000000e50       0x24 platform/libplatform_s.a(nrfx_uarte.o)
 .text.on_rx_disabled
                0x0000000000000e74       0x64 platform/libplatform_s.a(nrfx_uarte.o)
 .text.nrfx_coredep_delay_us.part.0
                0x0000000000000ed8       0x20 platform/libplatform_s.a(nrfx_uarte.o)
 .text.nrf_gpio_cfg_input.constprop.0
                0x0000000000000ef8       0x28 platform/libplatform_s.a(nrfx_uarte.o)
 .text.blocking_tx
                0x0000000000000f20      0x1b8 platform/libplatform_s.a(nrfx_uarte.o)
 .text.nrf_gpio_cfg_output
                0x00000000000010d8       0x2c platform/libplatform_s.a(nrfx_uarte.o)
 .text.nrf_gpio_cfg_default
                0x0000000000001104       0x2c platform/libplatform_s.a(nrfx_uarte.o)
 .text.uarte_configure
                0x0000000000001130      0x190 platform/libplatform_s.a(nrfx_uarte.o)
 .text.nrfx_uarte_init
                0x00000000000012c0      0x15c platform/libplatform_s.a(nrfx_uarte.o)
                0x00000000000012c0                nrfx_uarte_init
 .text.nrfx_uarte_tx
                0x000000000000141c       0xd8 platform/libplatform_s.a(nrfx_uarte.o)
                0x000000000000141c                nrfx_uarte_tx
 .text.nrfx_uarte_tx_abort
                0x00000000000014f4       0xb8 platform/libplatform_s.a(nrfx_uarte.o)
                0x00000000000014f4                nrfx_uarte_tx_abort
 .text.nrfx_uarte_rx_enable
                0x00000000000015ac      0x14c platform/libplatform_s.a(nrfx_uarte.o)
                0x00000000000015ac                nrfx_uarte_rx_enable
 .text.nrfx_uarte_rx_buffer_set
                0x00000000000016f8      0x190 platform/libplatform_s.a(nrfx_uarte.o)
                0x00000000000016f8                nrfx_uarte_rx_buffer_set
 .text.nrfx_uarte_rx_abort
                0x0000000000001888      0x150 platform/libplatform_s.a(nrfx_uarte.o)
                0x0000000000001888                nrfx_uarte_rx_abort
 .text.nrfx_uarte_uninit
                0x00000000000019d8       0xcc platform/libplatform_s.a(nrfx_uarte.o)
                0x00000000000019d8                nrfx_uarte_uninit
 .text.nrfx_uarte_rx_ready
                0x0000000000001aa4       0x54 platform/libplatform_s.a(nrfx_uarte.o)
                0x0000000000001aa4                nrfx_uarte_rx_ready
 .text.nrfx_uarte_rx
                0x0000000000001af8       0x84 platform/libplatform_s.a(nrfx_uarte.o)
                0x0000000000001af8                nrfx_uarte_rx
 .text.nrfx_critical_section_enter
                0x0000000000001b7c       0x10 platform/libplatform_s.a(nrfx_glue.o)
                0x0000000000001b7c                nrfx_critical_section_enter
 .text.nrfx_critical_section_exit
                0x0000000000001b8c       0x14 platform/libplatform_s.a(nrfx_glue.o)
                0x0000000000001b8c                nrfx_critical_section_exit
 .text.mpu_armv8m_enable
                0x0000000000001ba0       0x34 platform/libplatform_s.a(mpu_armv8m_drv.o)
                0x0000000000001ba0                mpu_armv8m_enable
 .text.spu_enable_interrupts
                0x0000000000001bd4       0x10 platform/libplatform_s.a(spu.o)
                0x0000000000001bd4                spu_enable_interrupts
 .text.spu_events_get
                0x0000000000001be4       0x28 platform/libplatform_s.a(spu.o)
                0x0000000000001be4                spu_events_get
 .text.spu_clear_events
                0x0000000000001c0c       0x24 platform/libplatform_s.a(spu.o)
                0x0000000000001c0c                spu_clear_events
 .text.spu_regions_reset_unlocked_secure
                0x0000000000001c30       0x30 platform/libplatform_s.a(spu.o)
                0x0000000000001c30                spu_regions_reset_unlocked_secure
 .text.spu_regions_flash_config
                0x0000000000001c60       0x2c platform/libplatform_s.a(spu.o)
                0x0000000000001c60                spu_regions_flash_config
 .text.spu_regions_sram_config
                0x0000000000001c8c       0x34 platform/libplatform_s.a(spu.o)
                0x0000000000001c8c                spu_regions_sram_config
 .text.spu_regions_flash_config_non_secure_callable
                0x0000000000001cc0       0x30 platform/libplatform_s.a(spu.o)
                0x0000000000001cc0                spu_regions_flash_config_non_secure_callable
 .text.spu_regions_sram_get_last_address_in_region
                0x0000000000001cf0        0xc platform/libplatform_s.a(spu.o)
                0x0000000000001cf0                spu_regions_sram_get_last_address_in_region
 .text.spu_peripheral_config_secure
                0x0000000000001cfc       0x1c platform/libplatform_s.a(spu.o)
                0x0000000000001cfc                spu_peripheral_config_secure
 .text.spu_peripheral_config_non_secure
                0x0000000000001d18       0x18 platform/libplatform_s.a(spu.o)
                0x0000000000001d18                spu_peripheral_config_non_secure
 .text.nrf_exception_info_store_context
                0x0000000000001d30       0x20 platform/libplatform_s.a(nrf_exception_info.o)
                0x0000000000001d30                nrf_exception_info_store_context
 .text.nrf_exception_info_get_context
                0x0000000000001d50        0xc platform/libplatform_s.a(nrf_exception_info.o)
                0x0000000000001d50                nrf_exception_info_get_context
 .text.tfm_hal_platform_init
                0x0000000000001d5c       0x74 platform/libplatform_s.a(tfm_hal_platform.o)
                0x0000000000001d5c                tfm_hal_platform_init
 .text.ns_fault_service_set_handler
                0x0000000000001dd0       0x14 platform/libplatform_s.a(ns_fault_service.o)
                0x0000000000001dd0                ns_fault_service_set_handler
 .text.call_ns_callback
                0x0000000000001de4       0xa8 platform/libplatform_s.a(ns_fault_service.o)
                0x0000000000001de4                call_ns_callback
 .text.ns_fault_service_call_handler
                0x0000000000001e8c       0x34 platform/libplatform_s.a(ns_fault_service.o)
                0x0000000000001e8c                ns_fault_service_call_handler
 .text.tfm_platform_hal_system_reset
                0x0000000000001ec0       0x24 platform/libplatform_s.a(tfm_platform_system.o)
                0x0000000000001ec0                tfm_platform_hal_system_reset
 .text.tfm_platform_hal_read_service
                0x0000000000001ee4       0x60 platform/libplatform_s.a(tfm_platform_hal_ioctl.o)
                0x0000000000001ee4                tfm_platform_hal_read_service
 .text.tfm_platform_hal_gpio_service
                0x0000000000001f44       0x88 platform/libplatform_s.a(tfm_platform_hal_ioctl.o)
                0x0000000000001f44                tfm_platform_hal_gpio_service
 .text.tfm_hal_output_spm_log
                0x0000000000001fcc        0x4 platform/libplatform_s.a(tfm_hal_spm_logdev_peripheral.o)
                0x0000000000001fcc                tfm_hal_output_spm_log
 .text.ARM_USART_GetCapabilities
                0x0000000000001fd0        0x4 platform/libplatform_s.a(Driver_USART.o)
 .text.ARM_USART_Transfer
                0x0000000000001fd4        0x6 platform/libplatform_s.a(Driver_USART.o)
 .text.ARM_USART_GetStatus
                0x0000000000001fda        0xc platform/libplatform_s.a(Driver_USART.o)
 .text.ARM_USART_SetModemControl
                0x0000000000001fe6        0x6 platform/libplatform_s.a(Driver_USART.o)
 .text.ARM_USART_GetModemStatus
                0x0000000000001fec        0xc platform/libplatform_s.a(Driver_USART.o)
 .text.ARM_USART1_PowerControl
                0x0000000000001ff8        0xc platform/libplatform_s.a(Driver_USART.o)
 .text.ARM_USART1_Send
                0x0000000000002004        0x4 platform/libplatform_s.a(Driver_USART.o)
 .text.uart_config_set_uart_pins
                0x0000000000002008       0x3c platform/libplatform_s.a(Driver_USART.o)
                0x0000000000002008                uart_config_set_uart_pins
 .text.is_tx_ready
                0x0000000000002044       0x1a platform/libplatform_s.a(nrfx_uarte.o)
 .text.user_handler
                0x000000000000205e       0x22 platform/libplatform_s.a(nrfx_uarte.o)
 .text.user_handler_on_rx_done
                0x0000000000002080       0x28 platform/libplatform_s.a(nrfx_uarte.o)
 .text.disable_hw_from_rx
                0x00000000000020a8       0x24 platform/libplatform_s.a(nrfx_uarte.o)
 .text.disable_hw_from_tx
                0x00000000000020cc       0x16 platform/libplatform_s.a(nrfx_uarte.o)
 .text.tx_prepare_start.isra.0
                0x00000000000020e2       0x7e platform/libplatform_s.a(nrfx_uarte.o)
 .text.mpu_armv8m_region_enable
                0x0000000000002160       0x6a platform/libplatform_s.a(mpu_armv8m_drv.o)
                0x0000000000002160                mpu_armv8m_region_enable
 .text.mpu_armv8m_region_disable
                0x00000000000021ca       0x14 platform/libplatform_s.a(mpu_armv8m_drv.o)
                0x00000000000021ca                mpu_armv8m_region_disable
 .text.mpu_armv8m_clean
                0x00000000000021de       0x22 platform/libplatform_s.a(mpu_armv8m_drv.o)
                0x00000000000021de                mpu_armv8m_clean
 .text.spu_regions_flash_get_base_address_in_region
                0x0000000000002200        0x4 platform/libplatform_s.a(spu.o)
                0x0000000000002200                spu_regions_flash_get_base_address_in_region
 .text.spu_regions_flash_get_last_address_in_region
                0x0000000000002204        0xa platform/libplatform_s.a(spu.o)
                0x0000000000002204                spu_regions_flash_get_last_address_in_region
 .text.spu_regions_flash_get_start_id
                0x000000000000220e        0x4 platform/libplatform_s.a(spu.o)
                0x000000000000220e                spu_regions_flash_get_start_id
 .text.spu_regions_flash_get_last_id
                0x0000000000002212        0x4 platform/libplatform_s.a(spu.o)
                0x0000000000002212                spu_regions_flash_get_last_id
 .text.spu_regions_flash_get_region_size
                0x0000000000002216        0x6 platform/libplatform_s.a(spu.o)
                0x0000000000002216                spu_regions_flash_get_region_size
 .text.spu_regions_sram_get_base_address_in_region
                0x000000000000221c        0xa platform/libplatform_s.a(spu.o)
                0x000000000000221c                spu_regions_sram_get_base_address_in_region
 .text.spu_regions_sram_get_start_id
                0x0000000000002226        0x4 platform/libplatform_s.a(spu.o)
                0x0000000000002226                spu_regions_sram_get_start_id
 .text.spu_regions_sram_get_last_id
                0x000000000000222a        0x4 platform/libplatform_s.a(spu.o)
                0x000000000000222a                spu_regions_sram_get_last_id
 .text.spu_regions_sram_get_region_size
                0x000000000000222e        0x6 platform/libplatform_s.a(spu.o)
                0x000000000000222e                spu_regions_sram_get_region_size
 .text.tfm_plat_otp_init
                0x0000000000002234        0x4 platform/libplatform_s.a(dummy_otp.o)
                0x0000000000002234                tfm_plat_otp_init
 .text.tfm_hal_system_halt
                0x0000000000002238        0xc platform/libplatform_s.a(tfm_hal_reset_halt.o)
                0x0000000000002238                tfm_hal_system_halt
 .text.tfm_plat_provisioning_is_required
                0x0000000000002244        0x4 platform/libplatform_s.a(dummy_provisioning.o)
                0x0000000000002244                tfm_plat_provisioning_is_required
 .text.tfm_plat_provisioning_perform
                0x0000000000002248        0x4 platform/libplatform_s.a(dummy_provisioning.o)
                0x0000000000002248                tfm_plat_provisioning_perform
 .text.tfm_plat_provisioning_check_for_dummy_keys
                0x000000000000224c        0x2 platform/libplatform_s.a(dummy_provisioning.o)
                0x000000000000224c                tfm_plat_provisioning_check_for_dummy_keys
 .text.tfm_platform_hal_ioctl
                0x000000000000224e       0x86 platform/libplatform_s.a(tfm_platform_system.o)
                0x000000000000224e                tfm_platform_hal_ioctl
 .text.tfm_platform_hal_write32_service
                0x00000000000022d4       0x2c platform/libplatform_s.a(tfm_platform_hal_ioctl.o)
                0x00000000000022d4                tfm_platform_hal_write32_service
 *libtfm_spm*:(SORT_BY_ALIGNMENT(.text*))
 .text.spm_log_msgval
                0x0000000000002300       0x58 secure_fw/spm/libtfm_spm.a(spm_log.o)
                0x0000000000002300                spm_log_msgval
 .text.startup.main
                0x0000000000002358       0x68 secure_fw/spm/libtfm_spm.a(main.o)
                0x0000000000002358                main
 .text.tfm_spm_get_service_by_sid
                0x00000000000023c0       0x2c secure_fw/spm/libtfm_spm.a(spm_ipc.o)
                0x00000000000023c0                tfm_spm_get_service_by_sid
 .text.tfm_spm_check_authorization
                0x00000000000023ec       0x44 secure_fw/spm/libtfm_spm.a(spm_ipc.o)
                0x00000000000023ec                tfm_spm_check_authorization
 .text.spm_init_idle_connection
                0x0000000000002430       0x30 secure_fw/spm/libtfm_spm.a(spm_ipc.o)
                0x0000000000002430                spm_init_idle_connection
 .text.tfm_spm_partition_get_running_partition_id
                0x0000000000002460       0x14 secure_fw/spm/libtfm_spm.a(spm_ipc.o)
                0x0000000000002460                tfm_spm_partition_get_running_partition_id
 .text.tfm_spm_is_ns_caller
                0x0000000000002474       0x20 secure_fw/spm/libtfm_spm.a(spm_ipc.o)
                0x0000000000002474                tfm_spm_is_ns_caller
 .text.spm_get_idle_connection
                0x0000000000002494       0x78 secure_fw/spm/libtfm_spm.a(spm_ipc.o)
                0x0000000000002494                spm_get_idle_connection
 .text.tfm_spm_init
                0x000000000000250c       0x64 secure_fw/spm/libtfm_spm.a(spm_ipc.o)
                0x000000000000250c                tfm_spm_init
 .text.load_a_partition_assuredly
                0x0000000000002570      0x10c secure_fw/spm/libtfm_spm.a(rom_loader.o)
                0x0000000000002570                load_a_partition_assuredly
 .text.load_services_assuredly
                0x000000000000267c       0xb4 secure_fw/spm/libtfm_spm.a(rom_loader.o)
                0x000000000000267c                load_services_assuredly
 .text.spm_associate_call_params
                0x0000000000002730      0x188 secure_fw/spm/libtfm_spm.a(psa_call_api.o)
                0x0000000000002730                spm_associate_call_params
 .text.tfm_spm_partition_psa_read
                0x00000000000028b8       0x74 secure_fw/spm/libtfm_spm.a(psa_read_write_skip_api.o)
                0x00000000000028b8                tfm_spm_partition_psa_read
 .text.tfm_spm_partition_psa_write
                0x000000000000292c       0x74 secure_fw/spm/libtfm_spm.a(psa_read_write_skip_api.o)
                0x000000000000292c                tfm_spm_partition_psa_write
 .text.spm_init_function
                0x00000000000029a0       0x4c secure_fw/spm/libtfm_spm.a(backend_sfn.o)
 .text.backend_messaging
                0x00000000000029ec       0x50 secure_fw/spm/libtfm_spm.a(backend_sfn.o)
                0x00000000000029ec                backend_messaging
 .text.backend_replying
                0x0000000000002a3c       0x10 secure_fw/spm/libtfm_spm.a(backend_sfn.o)
                0x0000000000002a3c                backend_replying
 .text.backend_init_comp_assuredly
                0x0000000000002a4c       0x2c secure_fw/spm/libtfm_spm.a(backend_sfn.o)
                0x0000000000002a4c                backend_init_comp_assuredly
 .text.backend_system_run
                0x0000000000002a78       0x5c secure_fw/spm/libtfm_spm.a(backend_sfn.o)
                0x0000000000002a78                backend_system_run
 .text.tz_ns_agent_register_client_id_range
                0x0000000000002ad4        0xc secure_fw/spm/libtfm_spm.a(tfm_spm_ns_ctx.o)
                0x0000000000002ad4                tz_ns_agent_register_client_id_range
 .text.tfm_nspm_get_current_client_id
                0x0000000000002ae0       0x14 secure_fw/spm/libtfm_spm.a(tfm_spm_ns_ctx.o)
                0x0000000000002ae0                tfm_nspm_get_current_client_id
 .text.tfm_nspm_ctx_init
                0x0000000000002af4       0x18 secure_fw/spm/libtfm_spm.a(tfm_spm_ns_ctx.o)
                0x0000000000002af4                tfm_nspm_ctx_init
 .text.SVC_Handler
                0x0000000000002b0c       0x68 secure_fw/spm/libtfm_spm.a(tfm_arch_v8m_main.o)
                0x0000000000002b0c                SVC_Handler
 .text.tfm_arch_set_secure_exception_priorities
                0x0000000000002b74       0x28 secure_fw/spm/libtfm_spm.a(tfm_arch_v8m_main.o)
                0x0000000000002b74                tfm_arch_set_secure_exception_priorities
 .text.ns_agent_tz_main
                0x0000000000002b9c       0x30 secure_fw/spm/libtfm_spm.a(ns_agent_tz_v80m.o)
                0x0000000000002b9c                ns_agent_tz_main
 .text.tfm_hal_bind_boundary
                0x0000000000002bcc       0x78 secure_fw/spm/libtfm_spm.a(tfm_hal_isolation.o)
                0x0000000000002bcc                tfm_hal_bind_boundary
 .text.mpu_init_cfg
                0x0000000000002c44       0xf0 secure_fw/spm/libtfm_spm.a(tfm_hal_isolation.o)
                0x0000000000002c44                mpu_init_cfg
 .text.tfm_hal_get_ns_VTOR
                0x0000000000002d34        0xc secure_fw/spm/libtfm_spm.a(tfm_hal_platform_common.o)
                0x0000000000002d34                tfm_hal_get_ns_VTOR
 .text.tfm_hal_get_ns_MSP
                0x0000000000002d40        0xc secure_fw/spm/libtfm_spm.a(tfm_hal_platform_common.o)
                0x0000000000002d40                tfm_hal_get_ns_MSP
 .text.tfm_hal_get_ns_entry_point
                0x0000000000002d4c        0xc secure_fw/spm/libtfm_spm.a(tfm_hal_platform_common.o)
                0x0000000000002d4c                tfm_hal_get_ns_entry_point
 .text.SPU_Handler
                0x0000000000002d58       0x3c secure_fw/spm/libtfm_spm.a(faults.o)
                0x0000000000002d58                SPU_Handler
 .text.nrf_gpio_pin_control_select.constprop.0
                0x0000000000002d94       0x1c secure_fw/spm/libtfm_spm.a(target_cfg.o)
 .text.enable_fault_handlers
                0x0000000000002db0       0x14 secure_fw/spm/libtfm_spm.a(target_cfg.o)
                0x0000000000002db0                enable_fault_handlers
 .text.system_reset_cfg
                0x0000000000002dc4       0x18 secure_fw/spm/libtfm_spm.a(target_cfg.o)
                0x0000000000002dc4                system_reset_cfg
 .text.init_debug
                0x0000000000002ddc       0x28 secure_fw/spm/libtfm_spm.a(target_cfg.o)
                0x0000000000002ddc                init_debug
 .text.nvic_interrupt_target_state_cfg
                0x0000000000002e04       0x40 secure_fw/spm/libtfm_spm.a(target_cfg.o)
                0x0000000000002e04                nvic_interrupt_target_state_cfg
 .text.nvic_interrupt_enable
                0x0000000000002e44       0x18 secure_fw/spm/libtfm_spm.a(target_cfg.o)
                0x0000000000002e44                nvic_interrupt_enable
 .text.sau_and_idau_cfg
                0x0000000000002e5c       0x20 secure_fw/spm/libtfm_spm.a(target_cfg.o)
                0x0000000000002e5c                sau_and_idau_cfg
 .text.spu_init_cfg
                0x0000000000002e7c       0x68 secure_fw/spm/libtfm_spm.a(target_cfg.o)
                0x0000000000002e7c                spu_init_cfg
 .text.spu_periph_init_cfg
                0x0000000000002ee4       0x60 secure_fw/spm/libtfm_spm.a(target_cfg.o)
                0x0000000000002ee4                spu_periph_init_cfg
 .text.tfm_core_validate_boot_data
                0x0000000000002f44        0xc secure_fw/spm/libtfm_spm.a(tfm_boot_data.o)
                0x0000000000002f44                tfm_core_validate_boot_data
 .text.tfm_core_get_boot_data_handler
                0x0000000000002f50       0x34 secure_fw/spm/libtfm_spm.a(tfm_boot_data.o)
                0x0000000000002f50                tfm_core_get_boot_data_handler
 .text.spm_svc_handler
                0x0000000000002f84       0x88 secure_fw/spm/libtfm_spm.a(tfm_svcalls.o)
                0x0000000000002f84                spm_svc_handler
 .text.tfm_core_panic
                0x000000000000300c        0x4 secure_fw/spm/libtfm_spm.a(utilities.o)
                0x000000000000300c                tfm_core_panic
 .text.tfm_spm_check_client_version
                0x0000000000003010       0x24 secure_fw/spm/libtfm_spm.a(spm_ipc.o)
                0x0000000000003010                tfm_spm_check_client_version
 .text.spm_msg_handle_to_connection
                0x0000000000003034       0x28 secure_fw/spm/libtfm_spm.a(spm_ipc.o)
                0x0000000000003034                spm_msg_handle_to_connection
 .text.tfm_spm_get_client_id
                0x000000000000305c       0x20 secure_fw/spm/libtfm_spm.a(spm_ipc.o)
                0x000000000000305c                tfm_spm_get_client_id
 .text.update_caller_outvec_len
                0x000000000000307c       0x1e secure_fw/spm/libtfm_spm.a(spm_ipc.o)
                0x000000000000307c                update_caller_outvec_len
 .text.load_irqs_assuredly
                0x000000000000309a        0x2 secure_fw/spm/libtfm_spm.a(rom_loader.o)
                0x000000000000309a                load_irqs_assuredly
 .text.spm_handle_programmer_errors
                0x000000000000309c       0x18 secure_fw/spm/libtfm_spm.a(psa_api.o)
                0x000000000000309c                spm_handle_programmer_errors
 .text.tfm_spm_partition_psa_reply
                0x00000000000030b4       0x9a secure_fw/spm/libtfm_spm.a(psa_api.o)
                0x00000000000030b4                tfm_spm_partition_psa_reply
 .text.tfm_spm_partition_psa_panic
                0x000000000000314e        0xc secure_fw/spm/libtfm_spm.a(psa_api.o)
                0x000000000000314e                tfm_spm_partition_psa_panic
 .text.tfm_spm_client_psa_call
                0x000000000000315a       0x4e secure_fw/spm/libtfm_spm.a(psa_call_api.o)
                0x000000000000315a                tfm_spm_client_psa_call
 .text.tfm_spm_client_psa_framework_version
                0x00000000000031a8        0x6 secure_fw/spm/libtfm_spm.a(psa_version_api.o)
                0x00000000000031a8                tfm_spm_client_psa_framework_version
 .text.tfm_spm_client_psa_version
                0x00000000000031ae       0x2c secure_fw/spm/libtfm_spm.a(psa_version_api.o)
                0x00000000000031ae                tfm_spm_client_psa_version
 .text.connection_to_handle
                0x00000000000031da        0x6 secure_fw/spm/libtfm_spm.a(spm_local_connection.o)
                0x00000000000031da                connection_to_handle
 .text.handle_to_connection
                0x00000000000031e0       0x12 secure_fw/spm/libtfm_spm.a(spm_local_connection.o)
                0x00000000000031e0                handle_to_connection
 .text.spm_init_connection_space
                0x00000000000031f2        0x2 secure_fw/spm/libtfm_spm.a(spm_local_connection.o)
                0x00000000000031f2                spm_init_connection_space
 .text.spm_allocate_connection
                0x00000000000031f4        0xe secure_fw/spm/libtfm_spm.a(spm_local_connection.o)
                0x00000000000031f4                spm_allocate_connection
 .text.spm_validate_connection
                0x0000000000003202        0x4 secure_fw/spm/libtfm_spm.a(spm_local_connection.o)
                0x0000000000003202                spm_validate_connection
 .text.spm_free_connection
                0x0000000000003206        0xc secure_fw/spm/libtfm_spm.a(spm_local_connection.o)
                0x0000000000003206                spm_free_connection
 .text.tfm_arch_config_extensions
                0x0000000000003212        0x2 secure_fw/spm/libtfm_spm.a(tfm_arch_v8m_main.o)
                0x0000000000003212                tfm_arch_config_extensions
 .text.tfm_hal_memory_check
                0x0000000000003214      0x132 secure_fw/spm/libtfm_spm.a(tfm_hal_isolation.o)
                0x0000000000003214                tfm_hal_memory_check
 .text.tfm_hal_set_up_static_boundaries
                0x0000000000003346       0x2a secure_fw/spm/libtfm_spm.a(tfm_hal_isolation.o)
                0x0000000000003346                tfm_hal_set_up_static_boundaries
 .text.tfm_hal_platform_common_init
                0x0000000000003370       0x36 secure_fw/spm/libtfm_spm.a(tfm_hal_platform_common.o)
                0x0000000000003370                tfm_hal_platform_common_init
 .text.SPU_IRQHandler
                0x00000000000033a6       0x1c secure_fw/spm/libtfm_spm.a(faults.o)
                0x00000000000033a6                SPU_IRQHandler
 .text.tfm_arch_free_msp_and_exc_ret
                0x00000000000033c2        0x8 secure_fw/spm/libtfm_spm.a(tfm_arch.o)
                0x00000000000033c2                tfm_arch_free_msp_and_exc_ret
 .text.arch_clean_stack_and_launch
                0x00000000000033ca       0x18 secure_fw/spm/libtfm_spm.a(tfm_arch.o)
                0x00000000000033ca                arch_clean_stack_and_launch
 *libplatform_s*:*(.rodata*)
 .rodata.CSWTCH.19
                0x00000000000033e2        0x4 platform/libplatform_s.a(system_nrf5340_application.o)
 .rodata.CSWTCH.7
                0x00000000000033e6        0x4 platform/libplatform_s.a(system_nrf5340_application.o)
 .rodata.CSWTCH.5
                0x00000000000033ea        0x4 platform/libplatform_s.a(system_nrf5340_application.o)
 .rodata.store_and_dump_context.str1.1
                0x00000000000033ee       0x8b platform/libplatform_s.a(exception_info.o)
 *fill*         0x0000000000003479        0x3 
 .rodata.Driver_USART1
                0x000000000000347c       0x38 platform/libplatform_s.a(Driver_USART.o)
                0x000000000000347c                Driver_USART1
 .rodata.UART1_pins
                0x00000000000034b4        0x8 platform/libplatform_s.a(Driver_USART.o)
 .rodata.DriverVersion
                0x00000000000034bc        0x4 platform/libplatform_s.a(Driver_USART.o)
 *fill*         0x00000000000034c0        0x0 
 .rodata.delay_machine_code.0
                0x00000000000034c0        0x6 platform/libplatform_s.a(nrfx_uarte.o)
 .rodata.nrf_exception_info_store_context.str1.1
                0x00000000000034c6       0x16 platform/libplatform_s.a(nrf_exception_info.o)
 .rodata.tfm_hal_platform_init.str1.1
                0x00000000000034dc       0x39 platform/libplatform_s.a(tfm_hal_platform.o)
 *fill*         0x0000000000003515        0x3 
 .rodata.ranges
                0x0000000000003518       0x28 platform/libplatform_s.a(tfm_platform_hal_ioctl.o)
 *libtfm_spm*:*(.rodata*)
 .rodata.HEX_TABLE
                0x0000000000003540       0x10 secure_fw/spm/libtfm_spm.a(spm_log.o)
 .rodata.main.str1.1
                0x0000000000003550       0x5d secure_fw/spm/libtfm_spm.a(main.o)
 *fill*         0x00000000000035ad        0x3 
 .rodata.serv_pool_ea
                0x00000000000035b0        0x4 secure_fw/spm/libtfm_spm.a(rom_loader.o)
 .rodata.part_pool_ea
                0x00000000000035b4        0x4 secure_fw/spm/libtfm_spm.a(rom_loader.o)
 .rodata.ldinf_ea
                0x00000000000035b8        0x4 secure_fw/spm/libtfm_spm.a(rom_loader.o)
 .rodata.target_peripherals.0
                0x00000000000035bc       0xa4 secure_fw/spm/libtfm_spm.a(target_cfg.o)
 .rodata.memory_regions
                0x0000000000003660       0x14 secure_fw/spm/libtfm_spm.a(target_cfg.o)
                0x0000000000003660                memory_regions
 .rodata.spm_svc_handler.str1.1
                0x0000000000003674       0x3b secure_fw/spm/libtfm_spm.a(tfm_svcalls.o)

.glue_7         0x00000000000036b0        0x0
 .glue_7        0x00000000000036b0        0x0 linker stubs

.glue_7t        0x00000000000036b0        0x0
 .glue_7t       0x00000000000036b0        0x0 linker stubs

.vfp11_veneer   0x00000000000036b0        0x0
 .vfp11_veneer  0x00000000000036b0        0x0 linker stubs

.v4_bx          0x00000000000036b0        0x0
 .v4_bx         0x00000000000036b0        0x0 linker stubs

.iplt           0x00000000000036b0        0x0
 .iplt          0x00000000000036b0        0x0 c:/ncs/toolchains/0b393f9e1b/opt/zephyr-sdk/arm-zephyr-eabi/bin/../lib/gcc/arm-zephyr-eabi/12.2.0/thumb/v8-m.main/nofp/crtbegin.o

.TFM_UNPRIV_CODE
                0x00000000000036c0     0x2840
 *(SORT_BY_ALIGNMENT(.text*))
 .text          0x00000000000036c0       0x88 c:/ncs/toolchains/0b393f9e1b/opt/zephyr-sdk/arm-zephyr-eabi/bin/../lib/gcc/arm-zephyr-eabi/12.2.0/thumb/v8-m.main/nofp/crtbegin.o
 .text          0x0000000000003748       0x7c c:/ncs/toolchains/0b393f9e1b/opt/zephyr-sdk/arm-zephyr-eabi/bin/../lib/gcc/arm-zephyr-eabi/12.2.0/../../../../arm-zephyr-eabi/lib/thumb/v8-m.main/nofp/crt0.o
                0x0000000000003748                _stack_init
                0x0000000000003750                _start
                0x0000000000003750                _mainCRTStartup
 .text.tfm_psa_framework_version_veneer
                0x00000000000037c4       0x24 secure_fw/CMakeFiles/tfm_s.dir/partitions/ns_agent_tz/psa_api_veneers_v80m.o
                0x00000000000037c4                __acle_se_tfm_psa_framework_version_veneer
 .text.tfm_psa_version_veneer
                0x00000000000037e8       0x24 secure_fw/CMakeFiles/tfm_s.dir/partitions/ns_agent_tz/psa_api_veneers_v80m.o
                0x00000000000037e8                __acle_se_tfm_psa_version_veneer
 .text.tfm_psa_call_veneer
                0x000000000000380c       0x2c secure_fw/CMakeFiles/tfm_s.dir/partitions/ns_agent_tz/psa_api_veneers_v80m.o
                0x000000000000380c                __acle_se_tfm_psa_call_veneer
 .text.tfm_psa_connect_veneer
                0x0000000000003838       0x1c secure_fw/CMakeFiles/tfm_s.dir/partitions/ns_agent_tz/psa_api_veneers_v80m.o
                0x0000000000003838                __acle_se_tfm_psa_connect_veneer
 .text.tfm_psa_close_veneer
                0x0000000000003854       0x14 secure_fw/CMakeFiles/tfm_s.dir/partitions/ns_agent_tz/psa_api_veneers_v80m.o
                0x0000000000003854                __acle_se_tfm_psa_close_veneer
 .text.tfm_psa_call_pack
                0x0000000000003868       0x54 secure_fw/partitions/lib/runtime/libtfm_sprt.a(psa_interface_sfn.o)
                0x0000000000003868                tfm_psa_call_pack
 .text.verify_header
                0x00000000000038bc       0x40 secure_fw/partitions/crypto/mbedcrypto/nrf_security_src/libcrypto_service_mbedcrypto.a(memory_buffer_alloc.o)
 .text.verify_chain
                0x00000000000038fc       0x3c secure_fw/partitions/crypto/mbedcrypto/nrf_security_src/libcrypto_service_mbedcrypto.a(memory_buffer_alloc.o)
 .text.buffer_alloc_calloc
                0x0000000000003938       0xf4 secure_fw/partitions/crypto/mbedcrypto/nrf_security_src/libcrypto_service_mbedcrypto.a(memory_buffer_alloc.o)
 .text.buffer_alloc_free
                0x0000000000003a2c       0xe8 secure_fw/partitions/crypto/mbedcrypto/nrf_security_src/libcrypto_service_mbedcrypto.a(memory_buffer_alloc.o)
 .text.mbedtls_memory_buffer_alloc_init
                0x0000000000003b14       0x64 secure_fw/partitions/crypto/mbedcrypto/nrf_security_src/libcrypto_service_mbedcrypto.a(memory_buffer_alloc.o)
                0x0000000000003b14                mbedtls_memory_buffer_alloc_init
 .text.mbedtls_free
                0x0000000000003b78        0xc secure_fw/partitions/crypto/mbedcrypto/nrf_security_src/core/nrf_oberon/liboberon_psa_core.a(platform.o)
                0x0000000000003b78                mbedtls_free
 .text.mbedtls_platform_set_calloc_free
                0x0000000000003b84       0x14 secure_fw/partitions/crypto/mbedcrypto/nrf_security_src/core/nrf_oberon/liboberon_psa_core.a(platform.o)
                0x0000000000003b84                mbedtls_platform_set_calloc_free
 .text.mbedtls_platform_zeroize
                0x0000000000003b98       0x18 secure_fw/partitions/crypto/mbedcrypto/nrf_security_src/core/nrf_oberon/liboberon_psa_core.a(platform_util.o)
                0x0000000000003b98                mbedtls_platform_zeroize
 .text.mbedcrypto__psa_generate_random
                0x0000000000003bb0       0x24 secure_fw/partitions/crypto/mbedcrypto/nrf_security_src/core/nrf_oberon/liboberon_psa_core.a(psa_crypto.o)
                0x0000000000003bb0                mbedcrypto__psa_generate_random
 .text.mbedtls_psa_crypto_free
                0x0000000000003bd4       0x54 secure_fw/partitions/crypto/mbedcrypto/nrf_security_src/core/nrf_oberon/liboberon_psa_core.a(psa_crypto.o)
                0x0000000000003bd4                mbedtls_psa_crypto_free
 .text.mbedcrypto__psa_crypto_init
                0x0000000000003c28       0x7c secure_fw/partitions/crypto/mbedcrypto/nrf_security_src/core/nrf_oberon/liboberon_psa_core.a(psa_crypto.o)
                0x0000000000003c28                mbedcrypto__psa_crypto_init
 .text.psa_initialize_key_slots
                0x0000000000003ca4       0x10 secure_fw/partitions/crypto/mbedcrypto/nrf_security_src/core/nrf_oberon/liboberon_psa_core.a(psa_crypto_slot_management.o)
                0x0000000000003ca4                psa_initialize_key_slots
 .text.psa_wipe_all_key_slots
                0x0000000000003cb4       0x34 secure_fw/partitions/crypto/mbedcrypto/nrf_security_src/core/nrf_oberon/liboberon_psa_core.a(psa_crypto_slot_management.o)
                0x0000000000003cb4                psa_wipe_all_key_slots
 .text.nrf_cc3xx_platform_init_hmac_drbg
                0x0000000000003ce8       0x44 C:/ncs/v3.0.2/nrfxlib/crypto/nrf_cc312_platform/lib/cortex-m33/soft-float/no-interrupts/libnrf_cc312_platform_0.9.19.a(nrf_cc3xx_platform.c.obj)
                0x0000000000003ce8                nrf_cc3xx_platform_init_hmac_drbg
 .text.nrf_cc3xx_platform_hmac_drbg_init
                0x0000000000003d2c       0x60 C:/ncs/v3.0.2/nrfxlib/crypto/nrf_cc312_platform/lib/cortex-m33/soft-float/no-interrupts/libnrf_cc312_platform_0.9.19.a(nrf_cc3xx_platform_hmac_drbg.c.obj)
                0x0000000000003d2c                nrf_cc3xx_platform_hmac_drbg_init
 .text.nrf_cc3xx_platform_hmac_drbg_get
                0x0000000000003d8c       0x44 C:/ncs/v3.0.2/nrfxlib/crypto/nrf_cc312_platform/lib/cortex-m33/soft-float/no-interrupts/libnrf_cc312_platform_0.9.19.a(nrf_cc3xx_platform_hmac_drbg.c.obj)
                0x0000000000003d8c                nrf_cc3xx_platform_hmac_drbg_get
 .text.mbedtls_zeroize_internal
                0x0000000000003dd0       0x14 C:/ncs/v3.0.2/nrfxlib/crypto/nrf_cc312_platform/lib/cortex-m33/soft-float/no-interrupts/libnrf_cc312_platform_0.9.19.a(mbedtls_common.c.obj)
                0x0000000000003dd0                mbedtls_zeroize_internal
 .text.cc_mbedtls_platform_zeroize
                0x0000000000003de4       0x14 C:/ncs/v3.0.2/nrfxlib/crypto/nrf_cc312_platform/lib/cortex-m33/soft-float/no-interrupts/libnrf_cc312_platform_0.9.19.a(mbedtls_common.c.obj)
                0x0000000000003de4                cc_mbedtls_platform_zeroize
 .text.entropy_update
                0x0000000000003df8       0x7c C:/ncs/v3.0.2/nrfxlib/crypto/nrf_cc312_platform/lib/cortex-m33/soft-float/no-interrupts/libnrf_cc312_platform_0.9.19.a(custom_entropy.c.obj)
 .text.entropy_gather_internal.part.0
                0x0000000000003e74       0x88 C:/ncs/v3.0.2/nrfxlib/crypto/nrf_cc312_platform/lib/cortex-m33/soft-float/no-interrupts/libnrf_cc312_platform_0.9.19.a(custom_entropy.c.obj)
 .text.cc_mbedtls_entropy_init
                0x0000000000003efc       0x84 C:/ncs/v3.0.2/nrfxlib/crypto/nrf_cc312_platform/lib/cortex-m33/soft-float/no-interrupts/libnrf_cc312_platform_0.9.19.a(custom_entropy.c.obj)
                0x0000000000003efc                cc_mbedtls_entropy_init
 .text.cc_mbedtls_entropy_func
                0x0000000000003f80      0x110 C:/ncs/v3.0.2/nrfxlib/crypto/nrf_cc312_platform/lib/cortex-m33/soft-float/no-interrupts/libnrf_cc312_platform_0.9.19.a(custom_entropy.c.obj)
                0x0000000000003f80                cc_mbedtls_entropy_func
 .text.cc_hmac_sha256_starts.constprop.0
                0x0000000000004090      0x108 C:/ncs/v3.0.2/nrfxlib/crypto/nrf_cc312_platform/lib/cortex-m33/soft-float/no-interrupts/libnrf_cc312_platform_0.9.19.a(hmac_drbg_alt.c.obj)
 .text.cc_mbedtls_hmac_drbg_init
                0x0000000000004198       0x28 C:/ncs/v3.0.2/nrfxlib/crypto/nrf_cc312_platform/lib/cortex-m33/soft-float/no-interrupts/libnrf_cc312_platform_0.9.19.a(hmac_drbg_alt.c.obj)
                0x0000000000004198                cc_mbedtls_hmac_drbg_init
 .text.cc_mbedtls_hmac_drbg_update
                0x00000000000041c0      0x170 C:/ncs/v3.0.2/nrfxlib/crypto/nrf_cc312_platform/lib/cortex-m33/soft-float/no-interrupts/libnrf_cc312_platform_0.9.19.a(hmac_drbg_alt.c.obj)
                0x00000000000041c0                cc_mbedtls_hmac_drbg_update
 .text.cc_hmac_drbg_reseed_core
                0x0000000000004330       0xac C:/ncs/v3.0.2/nrfxlib/crypto/nrf_cc312_platform/lib/cortex-m33/soft-float/no-interrupts/libnrf_cc312_platform_0.9.19.a(hmac_drbg_alt.c.obj)
 .text.cc_mbedtls_hmac_drbg_seed
                0x00000000000043dc       0x54 C:/ncs/v3.0.2/nrfxlib/crypto/nrf_cc312_platform/lib/cortex-m33/soft-float/no-interrupts/libnrf_cc312_platform_0.9.19.a(hmac_drbg_alt.c.obj)
                0x00000000000043dc                cc_mbedtls_hmac_drbg_seed
 .text.cc_mbedtls_hmac_drbg_random_with_add
                0x0000000000004430      0x144 C:/ncs/v3.0.2/nrfxlib/crypto/nrf_cc312_platform/lib/cortex-m33/soft-float/no-interrupts/libnrf_cc312_platform_0.9.19.a(hmac_drbg_alt.c.obj)
                0x0000000000004430                cc_mbedtls_hmac_drbg_random_with_add
 .text.RndStartupTest.constprop.0
                0x0000000000004574       0xac C:/ncs/v3.0.2/nrfxlib/crypto/nrf_cc312_platform/lib/cortex-m33/soft-float/no-interrupts/libnrf_cc312_platform_0.9.19.a(cc_lib.c.obj)
 .text.CC_LibInit_HMAC_DRBG
                0x0000000000004620       0x74 C:/ncs/v3.0.2/nrfxlib/crypto/nrf_cc312_platform/lib/cortex-m33/soft-float/no-interrupts/libnrf_cc312_platform_0.9.19.a(cc_lib.c.obj)
                0x0000000000004620                CC_LibInit_HMAC_DRBG
 .text.CC_HalInit
                0x0000000000004694        0x4 C:/ncs/v3.0.2/nrfxlib/crypto/nrf_cc312_platform/lib/cortex-m33/soft-float/no-interrupts/libnrf_cc312_platform_0.9.19.a(cc_hal.c.obj)
                0x0000000000004694                CC_HalInit
 .text.CC_HalClearInterruptBit
                0x0000000000004698       0x1c C:/ncs/v3.0.2/nrfxlib/crypto/nrf_cc312_platform/lib/cortex-m33/soft-float/no-interrupts/libnrf_cc312_platform_0.9.19.a(cc_hal.c.obj)
                0x0000000000004698                CC_HalClearInterruptBit
 .text.CC_HalMaskInterrupt
                0x00000000000046b4        0xc C:/ncs/v3.0.2/nrfxlib/crypto/nrf_cc312_platform/lib/cortex-m33/soft-float/no-interrupts/libnrf_cc312_platform_0.9.19.a(cc_hal.c.obj)
                0x00000000000046b4                CC_HalMaskInterrupt
 .text.CC_HalWaitInterrupt
                0x00000000000046c0        0xc C:/ncs/v3.0.2/nrfxlib/crypto/nrf_cc312_platform/lib/cortex-m33/soft-float/no-interrupts/libnrf_cc312_platform_0.9.19.a(cc_hal.c.obj)
                0x00000000000046c0                CC_HalWaitInterrupt
 .text.CC_HalWaitInterruptRND
                0x00000000000046cc        0xc C:/ncs/v3.0.2/nrfxlib/crypto/nrf_cc312_platform/lib/cortex-m33/soft-float/no-interrupts/libnrf_cc312_platform_0.9.19.a(cc_hal.c.obj)
                0x00000000000046cc                CC_HalWaitInterruptRND
 .text.CC_PalInit
                0x00000000000046d8       0x5c C:/ncs/v3.0.2/nrfxlib/crypto/nrf_cc312_platform/lib/cortex-m33/soft-float/no-interrupts/libnrf_cc312_platform_0.9.19.a(cc_pal.c.obj)
                0x00000000000046d8                CC_PalInit
 .text.CC_PalTerminate
                0x0000000000004734       0x34 C:/ncs/v3.0.2/nrfxlib/crypto/nrf_cc312_platform/lib/cortex-m33/soft-float/no-interrupts/libnrf_cc312_platform_0.9.19.a(cc_pal.c.obj)
                0x0000000000004734                CC_PalTerminate
 .text.CC_PalDmaInit
                0x0000000000004768        0x4 C:/ncs/v3.0.2/nrfxlib/crypto/nrf_cc312_platform/lib/cortex-m33/soft-float/no-interrupts/libnrf_cc312_platform_0.9.19.a(cc_pal_dma.c.obj)
                0x0000000000004768                CC_PalDmaInit
 .text.CC_PalDmaTerminate
                0x000000000000476c        0x4 C:/ncs/v3.0.2/nrfxlib/crypto/nrf_cc312_platform/lib/cortex-m33/soft-float/no-interrupts/libnrf_cc312_platform_0.9.19.a(cc_pal_dma.c.obj)
                0x000000000000476c                CC_PalDmaTerminate
 .text.CC_PalWaitInterruptRND
                0x0000000000004770       0x38 C:/ncs/v3.0.2/nrfxlib/crypto/nrf_cc312_platform/lib/cortex-m33/soft-float/no-interrupts/libnrf_cc312_platform_0.9.19.a(cc_pal_interrupt_ctrl.c.obj)
                0x0000000000004770                CC_PalWaitInterruptRND
 .text.CC_PalWaitInterrupt
                0x00000000000047a8       0x28 C:/ncs/v3.0.2/nrfxlib/crypto/nrf_cc312_platform/lib/cortex-m33/soft-float/no-interrupts/libnrf_cc312_platform_0.9.19.a(cc_pal_interrupt_ctrl.c.obj)
                0x00000000000047a8                CC_PalWaitInterrupt
 .text.CC_PalMemCopyPlat
                0x00000000000047d0        0x4 C:/ncs/v3.0.2/nrfxlib/crypto/nrf_cc312_platform/lib/cortex-m33/soft-float/no-interrupts/libnrf_cc312_platform_0.9.19.a(cc_pal_mem.c.obj)
                0x00000000000047d0                CC_PalMemCopyPlat
 .text.CC_PalMemSetZeroPlat
                0x00000000000047d4        0x8 C:/ncs/v3.0.2/nrfxlib/crypto/nrf_cc312_platform/lib/cortex-m33/soft-float/no-interrupts/libnrf_cc312_platform_0.9.19.a(cc_pal_mem.c.obj)
                0x00000000000047d4                CC_PalMemSetZeroPlat
 .text.CC_PalMutexCreate
                0x00000000000047dc       0x14 C:/ncs/v3.0.2/nrfxlib/crypto/nrf_cc312_platform/lib/cortex-m33/soft-float/no-interrupts/libnrf_cc312_platform_0.9.19.a(cc_pal_mutex.c.obj)
                0x00000000000047dc                CC_PalMutexCreate
 .text.CC_PalMutexDestroy
                0x00000000000047f0       0x14 C:/ncs/v3.0.2/nrfxlib/crypto/nrf_cc312_platform/lib/cortex-m33/soft-float/no-interrupts/libnrf_cc312_platform_0.9.19.a(cc_pal_mutex.c.obj)
                0x00000000000047f0                CC_PalMutexDestroy
 .text.CC_PalMutexLock
                0x0000000000004804       0x10 C:/ncs/v3.0.2/nrfxlib/crypto/nrf_cc312_platform/lib/cortex-m33/soft-float/no-interrupts/libnrf_cc312_platform_0.9.19.a(cc_pal_mutex.c.obj)
                0x0000000000004804                CC_PalMutexLock
 .text.CC_PalMutexUnlock
                0x0000000000004814       0x14 C:/ncs/v3.0.2/nrfxlib/crypto/nrf_cc312_platform/lib/cortex-m33/soft-float/no-interrupts/libnrf_cc312_platform_0.9.19.a(cc_pal_mutex.c.obj)
                0x0000000000004814                CC_PalMutexUnlock
 .text.CC_PalPowerSaveModeInit
                0x0000000000004828       0x3c C:/ncs/v3.0.2/nrfxlib/crypto/nrf_cc312_platform/lib/cortex-m33/soft-float/no-interrupts/libnrf_cc312_platform_0.9.19.a(cc_pal_pm.c.obj)
                0x0000000000004828                CC_PalPowerSaveModeInit
 .text.CC_PalPowerSaveModeSelect
                0x0000000000004864       0x84 C:/ncs/v3.0.2/nrfxlib/crypto/nrf_cc312_platform/lib/cortex-m33/soft-float/no-interrupts/libnrf_cc312_platform_0.9.19.a(cc_pal_pm.c.obj)
                0x0000000000004864                CC_PalPowerSaveModeSelect
 .text.mutex_init
                0x00000000000048e8        0xc C:/ncs/v3.0.2/nrfxlib/crypto/nrf_cc312_platform/lib/cortex-m33/soft-float/no-interrupts/libnrf_cc312_platform_0.9.19.a(threading_alt.c.obj)
                0x00000000000048e8                mutex_init
 .text.mutex_lock
                0x00000000000048f4        0xc C:/ncs/v3.0.2/nrfxlib/crypto/nrf_cc312_platform/lib/cortex-m33/soft-float/no-interrupts/libnrf_cc312_platform_0.9.19.a(threading_alt.c.obj)
                0x00000000000048f4                mutex_lock
 .text.mutex_unlock
                0x0000000000004900        0xc C:/ncs/v3.0.2/nrfxlib/crypto/nrf_cc312_platform/lib/cortex-m33/soft-float/no-interrupts/libnrf_cc312_platform_0.9.19.a(threading_alt.c.obj)
                0x0000000000004900                mutex_unlock
 .text.nrf_cc3xx_platform_abort
                0x000000000000490c       0x24 C:/ncs/v3.0.2/nrfxlib/crypto/nrf_cc312_platform/lib/cortex-m33/soft-float/no-interrupts/libnrf_cc312_platform_0.9.19.a(nrf_cc3xx_platform_abort.c.obj)
 .text.CC_PalAbort
                0x0000000000004930       0x44 C:/ncs/v3.0.2/nrfxlib/crypto/nrf_cc312_platform/lib/cortex-m33/soft-float/no-interrupts/libnrf_cc312_platform_0.9.19.a(nrf_cc3xx_platform_abort.c.obj)
                0x0000000000004930                CC_PalAbort
 .text.mutex_free
                0x0000000000004974       0x34 C:/ncs/v3.0.2/nrfxlib/crypto/nrf_cc312_platform/lib/cortex-m33/soft-float/no-interrupts/libnrf_cc312_platform_0.9.19.a(nrf_cc3xx_platform_mutex.c.obj)
 .text.mutex_lock
                0x00000000000049a8       0x48 C:/ncs/v3.0.2/nrfxlib/crypto/nrf_cc312_platform/lib/cortex-m33/soft-float/no-interrupts/libnrf_cc312_platform_0.9.19.a(nrf_cc3xx_platform_mutex.c.obj)
 .text.mutex_unlock
                0x00000000000049f0       0x38 C:/ncs/v3.0.2/nrfxlib/crypto/nrf_cc312_platform/lib/cortex-m33/soft-float/no-interrupts/libnrf_cc312_platform_0.9.19.a(nrf_cc3xx_platform_mutex.c.obj)
 .text.mutex_init
                0x0000000000004a28       0x20 C:/ncs/v3.0.2/nrfxlib/crypto/nrf_cc312_platform/lib/cortex-m33/soft-float/no-interrupts/libnrf_cc312_platform_0.9.19.a(nrf_cc3xx_platform_mutex.c.obj)
 .text.startTrngHW
                0x0000000000004a48      0x130 C:/ncs/v3.0.2/nrfxlib/crypto/nrf_cc312_platform/lib/cortex-m33/soft-float/no-interrupts/libnrf_cc312_platform_0.9.19.a(llf_rnd_trng90b.c.obj)
 .text.LLF_RND_RepetitionCounterTest
                0x0000000000004b78       0x64 C:/ncs/v3.0.2/nrfxlib/crypto/nrf_cc312_platform/lib/cortex-m33/soft-float/no-interrupts/libnrf_cc312_platform_0.9.19.a(llf_rnd_trng90b.c.obj)
                0x0000000000004b78                LLF_RND_RepetitionCounterTest
 .text.LLF_RND_AdaptiveProportionTest
                0x0000000000004bdc       0x80 C:/ncs/v3.0.2/nrfxlib/crypto/nrf_cc312_platform/lib/cortex-m33/soft-float/no-interrupts/libnrf_cc312_platform_0.9.19.a(llf_rnd_trng90b.c.obj)
                0x0000000000004bdc                LLF_RND_AdaptiveProportionTest
 .text.getTrngSource
                0x0000000000004c5c      0x2a8 C:/ncs/v3.0.2/nrfxlib/crypto/nrf_cc312_platform/lib/cortex-m33/soft-float/no-interrupts/libnrf_cc312_platform_0.9.19.a(llf_rnd_trng90b.c.obj)
 .text.LLF_RND_GetTrngSource
                0x0000000000004f04       0x18 C:/ncs/v3.0.2/nrfxlib/crypto/nrf_cc312_platform/lib/cortex-m33/soft-float/no-interrupts/libnrf_cc312_platform_0.9.19.a(llf_rnd_trng90b.c.obj)
                0x0000000000004f04                LLF_RND_GetTrngSource
 .text.LLF_RND_RunTrngStartupTest
                0x0000000000004f1c       0x1c C:/ncs/v3.0.2/nrfxlib/crypto/nrf_cc312_platform/lib/cortex-m33/soft-float/no-interrupts/libnrf_cc312_platform_0.9.19.a(llf_rnd_trng90b.c.obj)
                0x0000000000004f1c                LLF_RND_RunTrngStartupTest
 .text.mbedtls_hardware_poll
                0x0000000000004f38      0x104 C:/ncs/v3.0.2/nrfxlib/crypto/nrf_cc312_platform/lib/cortex-m33/soft-float/no-interrupts/libnrf_cc312_platform_0.9.19.a(trng_api.c.obj)
                0x0000000000004f38                mbedtls_hardware_poll
 .text.cc_mbedtls_sha256_init
                0x000000000000503c       0x28 C:/ncs/v3.0.2/nrfxlib/crypto/nrf_cc312_platform/lib/cortex-m33/soft-float/no-interrupts/libnrf_cc312_platform_0.9.19.a(sha256_alt.c.obj)
                0x000000000000503c                cc_mbedtls_sha256_init
 .text.cc_mbedtls_sha256_free
                0x0000000000005064        0xc C:/ncs/v3.0.2/nrfxlib/crypto/nrf_cc312_platform/lib/cortex-m33/soft-float/no-interrupts/libnrf_cc312_platform_0.9.19.a(sha256_alt.c.obj)
                0x0000000000005064                cc_mbedtls_sha256_free
 .text.cc_mbedtls_sha256_starts
                0x0000000000005070       0x28 C:/ncs/v3.0.2/nrfxlib/crypto/nrf_cc312_platform/lib/cortex-m33/soft-float/no-interrupts/libnrf_cc312_platform_0.9.19.a(sha256_alt.c.obj)
                0x0000000000005070                cc_mbedtls_sha256_starts
 .text.cc_mbedtls_sha256_update
                0x0000000000005098       0x54 C:/ncs/v3.0.2/nrfxlib/crypto/nrf_cc312_platform/lib/cortex-m33/soft-float/no-interrupts/libnrf_cc312_platform_0.9.19.a(sha256_alt.c.obj)
                0x0000000000005098                cc_mbedtls_sha256_update
 .text.cc_mbedtls_sha256_finish
                0x00000000000050ec       0x48 C:/ncs/v3.0.2/nrfxlib/crypto/nrf_cc312_platform/lib/cortex-m33/soft-float/no-interrupts/libnrf_cc312_platform_0.9.19.a(sha256_alt.c.obj)
                0x00000000000050ec                cc_mbedtls_sha256_finish
 .text.mbedtls_sha_starts_internal
                0x0000000000005134       0x28 C:/ncs/v3.0.2/nrfxlib/crypto/nrf_cc312_platform/lib/cortex-m33/soft-float/no-interrupts/libnrf_cc312_platform_0.9.19.a(mbedtls_hash_common.c.obj)
                0x0000000000005134                mbedtls_sha_starts_internal
 .text.mbedtls_sha_finish_internal
                0x000000000000515c       0x5c C:/ncs/v3.0.2/nrfxlib/crypto/nrf_cc312_platform/lib/cortex-m33/soft-float/no-interrupts/libnrf_cc312_platform_0.9.19.a(mbedtls_hash_common.c.obj)
                0x000000000000515c                mbedtls_sha_finish_internal
 .text.mbedtls_sha_update_internal
                0x00000000000051b8      0x1ec C:/ncs/v3.0.2/nrfxlib/crypto/nrf_cc312_platform/lib/cortex-m33/soft-float/no-interrupts/libnrf_cc312_platform_0.9.19.a(mbedtls_hash_common.c.obj)
                0x00000000000051b8                mbedtls_sha_update_internal
 .text.cc_mbedtls_sha256
                0x00000000000053a4       0x50 C:/ncs/v3.0.2/nrfxlib/crypto/nrf_cc312_platform/lib/cortex-m33/soft-float/no-interrupts/libnrf_cc312_platform_0.9.19.a(sha256.c.obj)
                0x00000000000053a4                cc_mbedtls_sha256
 .text.RNG_PLAT_SetUserRngParameters
                0x00000000000053f4       0x74 C:/ncs/v3.0.2/nrfxlib/crypto/nrf_cc312_platform/lib/cortex-m33/soft-float/no-interrupts/libnrf_cc312_platform_0.9.19.a(cc_rng_plat.c.obj)
                0x00000000000053f4                RNG_PLAT_SetUserRngParameters
 .text.CC_PalTrngParamGet
                0x0000000000005468       0xac C:/ncs/v3.0.2/nrfxlib/crypto/nrf_cc312_platform/lib/cortex-m33/soft-float/no-interrupts/libnrf_cc312_platform_0.9.19.a(cc_pal_trng.c.obj)
                0x0000000000005468                CC_PalTrngParamGet
 .text.LLF_RND_WaitRngInterrupt
                0x0000000000005514       0x20 C:/ncs/v3.0.2/nrfxlib/crypto/nrf_cc312_platform/lib/cortex-m33/soft-float/no-interrupts/libnrf_cc312_platform_0.9.19.a(llf_rnd.c.obj)
                0x0000000000005514                LLF_RND_WaitRngInterrupt
 .text.LLF_RND_GetRoscSampleCnt
                0x0000000000005534       0x34 C:/ncs/v3.0.2/nrfxlib/crypto/nrf_cc312_platform/lib/cortex-m33/soft-float/no-interrupts/libnrf_cc312_platform_0.9.19.a(llf_rnd.c.obj)
                0x0000000000005534                LLF_RND_GetRoscSampleCnt
 .text.LLF_RND_GetFastestRosc
                0x0000000000005568       0x20 C:/ncs/v3.0.2/nrfxlib/crypto/nrf_cc312_platform/lib/cortex-m33/soft-float/no-interrupts/libnrf_cc312_platform_0.9.19.a(llf_rnd.c.obj)
                0x0000000000005568                LLF_RND_GetFastestRosc
 .text.LLF_RND_TurnOffTrng
                0x0000000000005588       0x24 C:/ncs/v3.0.2/nrfxlib/crypto/nrf_cc312_platform/lib/cortex-m33/soft-float/no-interrupts/libnrf_cc312_platform_0.9.19.a(llf_rnd.c.obj)
                0x0000000000005588                LLF_RND_TurnOffTrng
 .text.SetDataBuffersInfo
                0x00000000000055ac       0x64 C:/ncs/v3.0.2/nrfxlib/crypto/nrf_cc312_platform/lib/cortex-m33/soft-float/no-interrupts/libnrf_cc312_platform_0.9.19.a(driver_common.c.obj)
                0x00000000000055ac                SetDataBuffersInfo
 .text.InitHashDrv
                0x0000000000005610       0x50 C:/ncs/v3.0.2/nrfxlib/crypto/nrf_cc312_platform/lib/cortex-m33/soft-float/no-interrupts/libnrf_cc312_platform_0.9.19.a(hash_driver.c.obj)
                0x0000000000005610                InitHashDrv
 .text.ProcessHashDrv
                0x0000000000005660      0x210 C:/ncs/v3.0.2/nrfxlib/crypto/nrf_cc312_platform/lib/cortex-m33/soft-float/no-interrupts/libnrf_cc312_platform_0.9.19.a(hash_driver.c.obj)
                0x0000000000005660                ProcessHashDrv
 .text.FinishHashDrv
                0x0000000000005870       0x74 C:/ncs/v3.0.2/nrfxlib/crypto/nrf_cc312_platform/lib/cortex-m33/soft-float/no-interrupts/libnrf_cc312_platform_0.9.19.a(hash_driver.c.obj)
                0x0000000000005870                FinishHashDrv
 .text.CC_PalDataBufferAttrGet
                0x00000000000058e4        0x8 C:/ncs/v3.0.2/nrfxlib/crypto/nrf_cc312_platform/lib/cortex-m33/soft-float/no-interrupts/libnrf_cc312_platform_0.9.19.a(cc_pal_buff_attr.c.obj)
                0x00000000000058e4                CC_PalDataBufferAttrGet
 .text          0x00000000000058ec       0xc8 c:/ncs/toolchains/0b393f9e1b/opt/zephyr-sdk/arm-zephyr-eabi/bin/../lib/gcc/arm-zephyr-eabi/12.2.0/thumb/v8-m.main/nofp\libgcc.a(cmse.o)
                0x00000000000058ec                cmse_check_address_range
 .text.exit     0x00000000000059b4       0x28 c:/ncs/toolchains/0b393f9e1b/opt/zephyr-sdk/arm-zephyr-eabi/bin/../lib/gcc/arm-zephyr-eabi/12.2.0/../../../../arm-zephyr-eabi/lib/thumb/v8-m.main/nofp\libc_nano.a(lib_a-exit.o)
                0x00000000000059b4                exit
 .text.__libc_init_array
                0x00000000000059dc       0x48 c:/ncs/toolchains/0b393f9e1b/opt/zephyr-sdk/arm-zephyr-eabi/bin/../lib/gcc/arm-zephyr-eabi/12.2.0/../../../../arm-zephyr-eabi/lib/thumb/v8-m.main/nofp\libc_nano.a(lib_a-init.o)
                0x00000000000059dc                __libc_init_array
 .text._exit    0x0000000000005a24        0x4 c:/ncs/toolchains/0b393f9e1b/opt/zephyr-sdk/arm-zephyr-eabi/bin/../lib/gcc/arm-zephyr-eabi/12.2.0/../../../../arm-zephyr-eabi/lib/thumb/v8-m.main/nofp\libnosys.a(_exit.o)
                0x0000000000005a24                _exit
 .text.clear_caller_context
                0x0000000000005a28        0x8 secure_fw/CMakeFiles/tfm_s.dir/partitions/ns_agent_tz/psa_api_veneers_v80m.o
 .text.C_HardFault_Handler
                0x0000000000005a30        0x4 secure_fw/CMakeFiles/tfm_s.dir/__/platform/ext/common/faults.o
                0x0000000000005a30                C_HardFault_Handler
 .text.HardFault_Handler
                0x0000000000005a34       0x1c secure_fw/CMakeFiles/tfm_s.dir/__/platform/ext/common/faults.o
                0x0000000000005a34                HardFault_Handler
 .text.C_MemManage_Handler
                0x0000000000005a50        0x4 secure_fw/CMakeFiles/tfm_s.dir/__/platform/ext/common/faults.o
                0x0000000000005a50                C_MemManage_Handler
 .text.MemManage_Handler
                0x0000000000005a54       0x1c secure_fw/CMakeFiles/tfm_s.dir/__/platform/ext/common/faults.o
                0x0000000000005a54                MemManage_Handler
 .text.C_BusFault_Handler
                0x0000000000005a70        0x4 secure_fw/CMakeFiles/tfm_s.dir/__/platform/ext/common/faults.o
                0x0000000000005a70                C_BusFault_Handler
 .text.BusFault_Handler
                0x0000000000005a74       0x1c secure_fw/CMakeFiles/tfm_s.dir/__/platform/ext/common/faults.o
                0x0000000000005a74                BusFault_Handler
 .text.C_SecureFault_Handler
                0x0000000000005a90        0x4 secure_fw/CMakeFiles/tfm_s.dir/__/platform/ext/common/faults.o
                0x0000000000005a90                C_SecureFault_Handler
 .text.SecureFault_Handler
                0x0000000000005a94       0x1c secure_fw/CMakeFiles/tfm_s.dir/__/platform/ext/common/faults.o
                0x0000000000005a94                SecureFault_Handler
 .text.C_UsageFault_Handler
                0x0000000000005ab0        0x4 secure_fw/CMakeFiles/tfm_s.dir/__/platform/ext/common/faults.o
                0x0000000000005ab0                C_UsageFault_Handler
 .text.UsageFault_Handler
                0x0000000000005ab4       0x1c secure_fw/CMakeFiles/tfm_s.dir/__/platform/ext/common/faults.o
                0x0000000000005ab4                UsageFault_Handler
 .text.memmove  0x0000000000005ad0       0x6c secure_fw/partitions/lib/runtime/libtfm_sprt.a(crt_memmove.o)
                0x0000000000005ad0                memmove
 .text.memcpy   0x0000000000005b3c       0x4a secure_fw/partitions/lib/runtime/libtfm_sprt.a(crt_memcpy.o)
                0x0000000000005b3c                memcpy
 .text.memset   0x0000000000005b86       0x46 secure_fw/partitions/lib/runtime/libtfm_sprt.a(crt_memset.o)
                0x0000000000005b86                memset
 .text.psa_framework_version
                0x0000000000005bcc       0x18 secure_fw/partitions/lib/runtime/libtfm_sprt.a(psa_interface_sfn.o)
                0x0000000000005bcc                psa_framework_version
 .text.psa_version
                0x0000000000005be4       0x1c secure_fw/partitions/lib/runtime/libtfm_sprt.a(psa_interface_sfn.o)
                0x0000000000005be4                psa_version
 .text.psa_read
                0x0000000000005c00       0x2a secure_fw/partitions/lib/runtime/libtfm_sprt.a(psa_interface_sfn.o)
                0x0000000000005c00                psa_read
 .text.psa_write
                0x0000000000005c2a       0x2a secure_fw/partitions/lib/runtime/libtfm_sprt.a(psa_interface_sfn.o)
                0x0000000000005c2a                psa_write
 .text.psa_panic
                0x0000000000005c54       0x18 secure_fw/partitions/lib/runtime/libtfm_sprt.a(psa_interface_sfn.o)
                0x0000000000005c54                psa_panic
 .text.platform_calloc_uninit
                0x0000000000005c6c        0x4 secure_fw/partitions/crypto/mbedcrypto/nrf_security_src/core/nrf_oberon/liboberon_psa_core.a(platform.o)
 .text.platform_free_uninit
                0x0000000000005c70        0x2 secure_fw/partitions/crypto/mbedcrypto/nrf_security_src/core/nrf_oberon/liboberon_psa_core.a(platform.o)
 .text.mbedtls_zeroize_and_free
                0x0000000000005c72       0x14 secure_fw/partitions/crypto/mbedcrypto/nrf_security_src/core/nrf_oberon/liboberon_psa_core.a(platform_util.o)
                0x0000000000005c72                mbedtls_zeroize_and_free
 .text.psa_remove_key_data_from_memory
                0x0000000000005c86       0x16 secure_fw/partitions/crypto/mbedcrypto/nrf_security_src/core/nrf_oberon/liboberon_psa_core.a(psa_crypto.o)
                0x0000000000005c86                psa_remove_key_data_from_memory
 .text.psa_wipe_key_slot
                0x0000000000005c9c       0x3a secure_fw/partitions/crypto/mbedcrypto/nrf_security_src/core/nrf_oberon/liboberon_psa_core.a(psa_crypto.o)
                0x0000000000005c9c                psa_wipe_key_slot
 .text.psa_driver_wrapper_init
                0x0000000000005cd6        0x4 secure_fw/partitions/crypto/mbedcrypto/nrf_security_src/core/nrf_oberon/liboberon_psa_core.a(psa_crypto_driver_wrappers.o)
                0x0000000000005cd6                psa_driver_wrapper_init
 .text.psa_driver_wrapper_free
                0x0000000000005cda        0x2 secure_fw/partitions/crypto/mbedcrypto/nrf_security_src/core/nrf_oberon/liboberon_psa_core.a(psa_crypto_driver_wrappers.o)
                0x0000000000005cda                psa_driver_wrapper_free
 .text.psa_driver_wrapper_init_random
                0x0000000000005cdc        0x4 secure_fw/partitions/crypto/mbedcrypto/nrf_security_src/core/nrf_oberon/liboberon_psa_core.a(psa_crypto_driver_wrappers.o)
                0x0000000000005cdc                psa_driver_wrapper_init_random
 .text.psa_driver_wrapper_get_random
                0x0000000000005ce0       0x22 secure_fw/partitions/crypto/mbedcrypto/nrf_security_src/core/nrf_oberon/liboberon_psa_core.a(psa_crypto_driver_wrappers.o)
                0x0000000000005ce0                psa_driver_wrapper_get_random
 .text.psa_driver_wrapper_free_random
                0x0000000000005d02        0x4 secure_fw/partitions/crypto/mbedcrypto/nrf_security_src/core/nrf_oberon/liboberon_psa_core.a(psa_crypto_driver_wrappers.o)
                0x0000000000005d02                psa_driver_wrapper_free_random
 .text          0x0000000000005d06       0x38 c:/ncs/toolchains/0b393f9e1b/opt/zephyr-sdk/arm-zephyr-eabi/bin/../lib/gcc/arm-zephyr-eabi/12.2.0/thumb/v8-m.main/nofp\libgcc.a(cmse_nonsecure_call.o)
                0x0000000000005d06                __gnu_cmse_nonsecure_call
 *(.init)
 *fill*         0x0000000000005d3e        0x2 
 .init          0x0000000000005d40        0x4 c:/ncs/toolchains/0b393f9e1b/opt/zephyr-sdk/arm-zephyr-eabi/bin/../lib/gcc/arm-zephyr-eabi/12.2.0/thumb/v8-m.main/nofp/crti.o
                0x0000000000005d40                _init
 .init          0x0000000000005d44        0x8 c:/ncs/toolchains/0b393f9e1b/opt/zephyr-sdk/arm-zephyr-eabi/bin/../lib/gcc/arm-zephyr-eabi/12.2.0/thumb/v8-m.main/nofp/crtn.o
 *(.fini)
 .fini          0x0000000000005d4c        0x4 c:/ncs/toolchains/0b393f9e1b/opt/zephyr-sdk/arm-zephyr-eabi/bin/../lib/gcc/arm-zephyr-eabi/12.2.0/thumb/v8-m.main/nofp/crti.o
                0x0000000000005d4c                _fini
 .fini          0x0000000000005d50        0x8 c:/ncs/toolchains/0b393f9e1b/opt/zephyr-sdk/arm-zephyr-eabi/bin/../lib/gcc/arm-zephyr-eabi/12.2.0/thumb/v8-m.main/nofp/crtn.o
 *crtbegin.o(.ctors)
 *crtbegin?.o(.ctors)
 *(EXCLUDE_FILE(*crtend.o *crtend?.o) .ctors)
 *(SORT_BY_NAME(.ctors.*))
 *(.ctors)
 *crtbegin.o(.dtors)
 *crtbegin?.o(.dtors)
 *(EXCLUDE_FILE(*crtend.o *crtend?.o) .dtors)
 *(SORT_BY_NAME(.dtors.*))
 *(.dtors)
 *(SORT_BY_ALIGNMENT(.rodata*))
 .rodata.ret_err
                0x0000000000005d58        0x4 secure_fw/CMakeFiles/tfm_s.dir/partitions/ns_agent_tz/psa_api_veneers_v80m.o
                0x0000000000005d58                ret_err
 .rodata.CSWTCH.10
                0x0000000000005d5c       0x20 C:/ncs/v3.0.2/nrfxlib/crypto/nrf_cc312_platform/lib/cortex-m33/soft-float/no-interrupts/libnrf_cc312_platform_0.9.19.a(nrf_cc3xx_platform.c.obj)
 .rodata.RndStartupTest.constprop.0.str1.4
                0x0000000000005d7c       0x6f C:/ncs/v3.0.2/nrfxlib/crypto/nrf_cc312_platform/lib/cortex-m33/soft-float/no-interrupts/libnrf_cc312_platform_0.9.19.a(cc_lib.c.obj)
 *fill*         0x0000000000005deb        0x1 
 .rodata.CC_PalPowerSaveModeInit.str1.4
                0x0000000000005dec       0x20 C:/ncs/v3.0.2/nrfxlib/crypto/nrf_cc312_platform/lib/cortex-m33/soft-float/no-interrupts/libnrf_cc312_platform_0.9.19.a(cc_pal_pm.c.obj)
 .rodata.mutex_free.str1.4
                0x0000000000005e0c       0x26 C:/ncs/v3.0.2/nrfxlib/crypto/nrf_cc312_platform/lib/cortex-m33/soft-float/no-interrupts/libnrf_cc312_platform_0.9.19.a(nrf_cc3xx_platform_mutex.c.obj)
 *fill*         0x0000000000005e32        0x2 
 .rodata.mutex_init.str1.4
                0x0000000000005e34       0x23 C:/ncs/v3.0.2/nrfxlib/crypto/nrf_cc312_platform/lib/cortex-m33/soft-float/no-interrupts/libnrf_cc312_platform_0.9.19.a(nrf_cc3xx_platform_mutex.c.obj)
 *fill*         0x0000000000005e57        0x1 
 .rodata.mbedtls_hardware_poll.str1.4
                0x0000000000005e58       0x16 C:/ncs/v3.0.2/nrfxlib/crypto/nrf_cc312_platform/lib/cortex-m33/soft-float/no-interrupts/libnrf_cc312_platform_0.9.19.a(trng_api.c.obj)
                                         0x6e (size before relaxing)
 *fill*         0x0000000000005e6e        0x2 
 .rodata.cc_mbedtls_sha256_init.str1.4
                0x0000000000005e70        0xe C:/ncs/v3.0.2/nrfxlib/crypto/nrf_cc312_platform/lib/cortex-m33/soft-float/no-interrupts/libnrf_cc312_platform_0.9.19.a(sha256_alt.c.obj)
 .rodata.ProcessHashDrv.str1.4
                0x0000000000005e7e       0x6f C:/ncs/v3.0.2/nrfxlib/crypto/nrf_cc312_platform/lib/cortex-m33/soft-float/no-interrupts/libnrf_cc312_platform_0.9.19.a(hash_driver.c.obj)
 *fill*         0x0000000000005e7e        0x2 
 .rodata.HASH_LARVAL_SHA256
                0x0000000000005e80       0x20 C:/ncs/v3.0.2/nrfxlib/crypto/nrf_cc312_platform/lib/cortex-m33/soft-float/no-interrupts/libnrf_cc312_platform_0.9.19.a(hash_driver.c.obj)
 .rodata.HASH_LARVAL_SHA224
                0x0000000000005ea0       0x20 C:/ncs/v3.0.2/nrfxlib/crypto/nrf_cc312_platform/lib/cortex-m33/soft-float/no-interrupts/libnrf_cc312_platform_0.9.19.a(hash_driver.c.obj)
 .rodata.HASH_LARVAL_SHA1
                0x0000000000005ec0       0x14 C:/ncs/v3.0.2/nrfxlib/crypto/nrf_cc312_platform/lib/cortex-m33/soft-float/no-interrupts/libnrf_cc312_platform_0.9.19.a(hash_driver.c.obj)
 .rodata._global_impure_ptr
                0x0000000000005ed4        0x4 c:/ncs/toolchains/0b393f9e1b/opt/zephyr-sdk/arm-zephyr-eabi/bin/../lib/gcc/arm-zephyr-eabi/12.2.0/../../../../arm-zephyr-eabi/lib/thumb/v8-m.main/nofp\libc_nano.a(lib_a-impure.o)
                0x0000000000005ed4                _global_impure_ptr
 .rodata.str1.1
                0x0000000000005ed8        0xb secure_fw/CMakeFiles/tfm_s.dir/__/generated/secure_fw/partitions/crypto/auto_generated/load_info_tfm_crypto.o
 .rodata.str1.1
                0x0000000000005ee3       0x15 secure_fw/CMakeFiles/tfm_s.dir/__/generated/secure_fw/partitions/platform/auto_generated/load_info_tfm_platform.o
 *(.eh_frame*)
 .eh_frame      0x0000000000005ef8        0x0 c:/ncs/toolchains/0b393f9e1b/opt/zephyr-sdk/arm-zephyr-eabi/bin/../lib/gcc/arm-zephyr-eabi/12.2.0/thumb/v8-m.main/nofp/crtbegin.o
 .eh_frame      0x0000000000005ef8        0x4 c:/ncs/toolchains/0b393f9e1b/opt/zephyr-sdk/arm-zephyr-eabi/bin/../lib/gcc/arm-zephyr-eabi/12.2.0/thumb/v8-m.main/nofp/crtend.o
                0x0000000000005f00                . = ALIGN (0x20)
 *fill*         0x0000000000005efc        0x4 
                0x00000000000036c0                Image$$TFM_UNPRIV_CODE_START$$RO$$Base = ADDR (.TFM_UNPRIV_CODE)
                0x0000000000005f00                Image$$TFM_UNPRIV_CODE_END$$RO$$Limit = (ADDR (.TFM_UNPRIV_CODE) + SIZEOF (.TFM_UNPRIV_CODE))

.rel.dyn        0x0000000000005f00        0x0
 .rel.iplt      0x0000000000005f00        0x0 c:/ncs/toolchains/0b393f9e1b/opt/zephyr-sdk/arm-zephyr-eabi/bin/../lib/gcc/arm-zephyr-eabi/12.2.0/thumb/v8-m.main/nofp/crtbegin.o

.gnu.sgstubs    0x0000000000007c00       0x40
 *(.gnu.sgstubs*)
 .gnu.sgstubs.__stub
                0x0000000000007c00       0x28 linker stubs
                0x0000000000007c00                tfm_psa_framework_version_veneer
                0x0000000000007c08                tfm_psa_version_veneer
                0x0000000000007c10                tfm_psa_close_veneer
                0x0000000000007c18                tfm_psa_connect_veneer
                0x0000000000007c20                tfm_psa_call_veneer

.sgstubs_end    0x0000000000008000        0x0
                0x0000000000008000                . = ALIGN (0x20)
                0x0000000000007c40                Image$$PT_RO_END$$Base = .

.tfm_secure_data_start
                0x0000000020000000        0x0
                0x0000000020000000                . = ALIGN (0x4)

.tfm_bl2_shared_data
                0x0000000020000000      0x400
                0x0000000020000400                . = (. + 0x400)
 *fill*         0x0000000020000000      0x400 

.msp_stack      0x0000000020000400      0x7f8
                0x0000000020000bf8                . = (. + (__msp_stack_size__ - 0x8))
 *fill*         0x0000000020000400      0x7f8 
                0x0000000020000400                Image$$ARM_LIB_STACK$$ZI$$Base = ADDR (.msp_stack)
                0x0000000020000bf8                Image$$ARM_LIB_STACK$$ZI$$Limit = (ADDR (.msp_stack) + SIZEOF (.msp_stack))

.msp_stack_seal_res
                0x0000000020000bf8        0x8
                0x0000000020000c00                . = (. + 0x8)
 *fill*         0x0000000020000bf8        0x8 
                0x0000000020000bf8                __StackSeal = ADDR (.msp_stack_seal_res)
                0x0000000020000c00                . = ALIGN (0x20)
                0x0000000020000c00                Image$$TFM_APP_RW_STACK_START$$Base = .

.TFM_APP_ROT_LINKER_DATA
                0x0000000020000c00        0x0 load address 0x0000000000007c40
 *tfm_app_rot_partition*:(SORT_BY_ALIGNMENT(.data*))
 *(TFM_*_APP-ROT_ATTR_RW)
                0x0000000020000c00                . = ALIGN (0x4)
                0x0000000020000c00                Image$$TFM_APP_ROT_LINKER_DATA$$RW$$Base = ADDR (.TFM_APP_ROT_LINKER_DATA)
                0x0000000020000c00                Image$$TFM_APP_ROT_LINKER_DATA$$RW$$Limit = (ADDR (.TFM_APP_ROT_LINKER_DATA) + SIZEOF (.TFM_APP_ROT_LINKER_DATA))

.TFM_APP_ROT_LINKER_BSS
                0x0000000020000c00       0x20
                0x0000000020000c00                start_of_TFM_APP_ROT_LINKER = .
 *tfm_app_rot_partition*:(SORT_BY_ALIGNMENT(.bss*))
 *tfm_app_rot_partition*:*(COMMON)
 *(TFM_*_APP-ROT_ATTR_ZI)
                0x0000000020000c04                . = (. + (. - start_of_TFM_APP_ROT_LINKER)?0x0:0x4)
 *fill*         0x0000000020000c00        0x4 
                0x0000000020000c20                . = ALIGN (0x20)
 *fill*         0x0000000020000c04       0x1c 
                0x0000000020000c00                Image$$TFM_APP_ROT_LINKER_DATA$$ZI$$Base = ADDR (.TFM_APP_ROT_LINKER_BSS)
                0x0000000020000c20                Image$$TFM_APP_ROT_LINKER_DATA$$ZI$$Limit = (ADDR (.TFM_APP_ROT_LINKER_BSS) + SIZEOF (.TFM_APP_ROT_LINKER_BSS))
                0x0000000020000c20                Image$$TFM_APP_RW_STACK_END$$Base = .
                0x0000000020000c20                Image$$TFM_PSA_RW_STACK_START$$Base = .

.TFM_PSA_ROT_LINKER_DATA
                0x0000000020000c20        0x0 load address 0x0000000000007c40
 *tfm_psa_rot_partition*:(SORT_BY_ALIGNMENT(.data*))
 *(TFM_*_PSA-ROT_ATTR_RW)
                0x0000000020000c20                . = ALIGN (0x4)
                0x0000000020000c20                Image$$TFM_PSA_ROT_LINKER_DATA$$RW$$Base = ADDR (.TFM_PSA_ROT_LINKER_DATA)